Archive member included to satisfy reference by file (symbol)

/home/junnaaa/gcc-arm-none-eabi-10.3-2021.10/bin/../lib/gcc/arm-none-eabi/10.3.1/thumb/v6-m/nofp/libgcc.a(_dvmd_tls.o)
                              CMakeFiles/hello_world.dir/home/junnaaa/pico-sdk/src/rp2_common/pico_divider/divider_hardware.S.o (__aeabi_idiv0)
/home/junnaaa/gcc-arm-none-eabi-10.3-2021.10/bin/../lib/gcc/arm-none-eabi/10.3.1/../../../../arm-none-eabi/lib/thumb/v6-m/nofp/libg.a(lib_a-calloc.o)
                              CMakeFiles/hello_world.dir/home/junnaaa/pico-sdk/src/rp2_common/pico_malloc/malloc.c.o (calloc)
/home/junnaaa/gcc-arm-none-eabi-10.3-2021.10/bin/../lib/gcc/arm-none-eabi/10.3.1/../../../../arm-none-eabi/lib/thumb/v6-m/nofp/libg.a(lib_a-callocr.o)
                              /home/junnaaa/gcc-arm-none-eabi-10.3-2021.10/bin/../lib/gcc/arm-none-eabi/10.3.1/../../../../arm-none-eabi/lib/thumb/v6-m/nofp/libg.a(lib_a-calloc.o) (_calloc_r)
/home/junnaaa/gcc-arm-none-eabi-10.3-2021.10/bin/../lib/gcc/arm-none-eabi/10.3.1/../../../../arm-none-eabi/lib/thumb/v6-m/nofp/libg.a(lib_a-errno.o)
                              /home/junnaaa/gcc-arm-none-eabi-10.3-2021.10/bin/../lib/gcc/arm-none-eabi/10.3.1/../../../../arm-none-eabi/lib/thumb/v6-m/nofp/libg.a(lib_a-callocr.o) (__errno)
/home/junnaaa/gcc-arm-none-eabi-10.3-2021.10/bin/../lib/gcc/arm-none-eabi/10.3.1/../../../../arm-none-eabi/lib/thumb/v6-m/nofp/libg.a(lib_a-impure.o)
                              /home/junnaaa/gcc-arm-none-eabi-10.3-2021.10/bin/../lib/gcc/arm-none-eabi/10.3.1/../../../../arm-none-eabi/lib/thumb/v6-m/nofp/libg.a(lib_a-calloc.o) (_impure_ptr)
/home/junnaaa/gcc-arm-none-eabi-10.3-2021.10/bin/../lib/gcc/arm-none-eabi/10.3.1/../../../../arm-none-eabi/lib/thumb/v6-m/nofp/libg.a(lib_a-init.o)
                              /home/junnaaa/gcc-arm-none-eabi-10.3-2021.10/bin/../lib/gcc/arm-none-eabi/10.3.1/../../../../arm-none-eabi/lib/thumb/v6-m/nofp/crt0.o (__libc_init_array)
/home/junnaaa/gcc-arm-none-eabi-10.3-2021.10/bin/../lib/gcc/arm-none-eabi/10.3.1/../../../../arm-none-eabi/lib/thumb/v6-m/nofp/libg.a(lib_a-lcltime_r.o)
                              CMakeFiles/hello_world.dir/home/junnaaa/pico-sdk/src/common/pico_util/datetime.c.o (localtime_r)
/home/junnaaa/gcc-arm-none-eabi-10.3-2021.10/bin/../lib/gcc/arm-none-eabi/10.3.1/../../../../arm-none-eabi/lib/thumb/v6-m/nofp/libg.a(lib_a-malloc.o)
                              CMakeFiles/hello_world.dir/home/junnaaa/pico-sdk/src/rp2_common/pico_malloc/malloc.c.o (malloc)
/home/junnaaa/gcc-arm-none-eabi-10.3-2021.10/bin/../lib/gcc/arm-none-eabi/10.3.1/../../../../arm-none-eabi/lib/thumb/v6-m/nofp/libg.a(lib_a-mallocr.o)
                              /home/junnaaa/gcc-arm-none-eabi-10.3-2021.10/bin/../lib/gcc/arm-none-eabi/10.3.1/../../../../arm-none-eabi/lib/thumb/v6-m/nofp/libg.a(lib_a-callocr.o) (_malloc_r)
/home/junnaaa/gcc-arm-none-eabi-10.3-2021.10/bin/../lib/gcc/arm-none-eabi/10.3.1/../../../../arm-none-eabi/lib/thumb/v6-m/nofp/libg.a(lib_a-memcmp.o)
                              CMakeFiles/hello_world.dir/home/junnaaa/pico-sdk/src/rp2_common/pico_atomic/atomic.c.o (memcmp)
/home/junnaaa/gcc-arm-none-eabi-10.3-2021.10/bin/../lib/gcc/arm-none-eabi/10.3.1/../../../../arm-none-eabi/lib/thumb/v6-m/nofp/libg.a(lib_a-mktime.o)
                              CMakeFiles/hello_world.dir/home/junnaaa/pico-sdk/src/common/pico_util/datetime.c.o (mktime)
/home/junnaaa/gcc-arm-none-eabi-10.3-2021.10/bin/../lib/gcc/arm-none-eabi/10.3.1/../../../../arm-none-eabi/lib/thumb/v6-m/nofp/libg.a(lib_a-mlock.o)
                              /home/junnaaa/gcc-arm-none-eabi-10.3-2021.10/bin/../lib/gcc/arm-none-eabi/10.3.1/../../../../arm-none-eabi/lib/thumb/v6-m/nofp/libg.a(lib_a-mallocr.o) (__malloc_lock)
/home/junnaaa/gcc-arm-none-eabi-10.3-2021.10/bin/../lib/gcc/arm-none-eabi/10.3.1/../../../../arm-none-eabi/lib/thumb/v6-m/nofp/libg.a(lib_a-month_lengths.o)
                              /home/junnaaa/gcc-arm-none-eabi-10.3-2021.10/bin/../lib/gcc/arm-none-eabi/10.3.1/../../../../arm-none-eabi/lib/thumb/v6-m/nofp/libg.a(lib_a-lcltime_r.o) (__month_lengths)
/home/junnaaa/gcc-arm-none-eabi-10.3-2021.10/bin/../lib/gcc/arm-none-eabi/10.3.1/../../../../arm-none-eabi/lib/thumb/v6-m/nofp/libg.a(lib_a-realloc.o)
                              CMakeFiles/hello_world.dir/home/junnaaa/pico-sdk/src/rp2_common/pico_malloc/malloc.c.o (realloc)
/home/junnaaa/gcc-arm-none-eabi-10.3-2021.10/bin/../lib/gcc/arm-none-eabi/10.3.1/../../../../arm-none-eabi/lib/thumb/v6-m/nofp/libg.a(lib_a-reallocr.o)
                              /home/junnaaa/gcc-arm-none-eabi-10.3-2021.10/bin/../lib/gcc/arm-none-eabi/10.3.1/../../../../arm-none-eabi/lib/thumb/v6-m/nofp/libg.a(lib_a-realloc.o) (_realloc_r)
/home/junnaaa/gcc-arm-none-eabi-10.3-2021.10/bin/../lib/gcc/arm-none-eabi/10.3.1/../../../../arm-none-eabi/lib/thumb/v6-m/nofp/libg.a(lib_a-sbrkr.o)
[...]
Memory Configuration

Name             Origin             Length             Attributes
FLASH            0x0000000010000000 0x0000000000200000 xr
RAM              0x0000000020000000 0x0000000000040000 xrw
SCRATCH_X        0x0000000020040000 0x0000000000001000 xrw
SCRATCH_Y        0x0000000020041000 0x0000000000001000 xrw
*default*        0x0000000000000000 0xffffffffffffffff

Linker script and memory map

LOAD /home/junnaaa/gcc-arm-none-eabi-10.3-2021.10/bin/../lib/gcc/arm-none-eabi/10.3.1/thumb/v6-m/nofp/crti.o
LOAD /home/junnaaa/gcc-arm-none-eabi-10.3-2021.10/bin/../lib/gcc/arm-none-eabi/10.3.1/thumb/v6-m/nofp/crtbegin.o
LOAD /home/junnaaa/gcc-arm-none-eabi-10.3-2021.10/bin/../lib/gcc/arm-none-eabi/10.3.1/../../../../arm-none-eabi/lib/thumb/v6-m/nofp/crt0.o

.flash_begin    0x0000000010000000        0x0
                0x0000000010000000                __flash_binary_start = .

.boot2          0x0000000010000000      0x100
                0x0000000010000000                __boot2_start__ = .
 *(.boot2)
 .boot2         0x0000000010000000      0x100 pico-sdk/src/rp2040/boot_stage2/CMakeFiles/bs2_default_library.dir/bs2_default_padded_checksummed.S.o
                0x0000000010000100                __boot2_end__ = .
                0x0000000000000001                ASSERT (((__boot2_end__ - __boot2_start__) == 0x100), ERROR: Pico second stage bootloader must be 256 bytes in size)

.text           0x0000000010000100     0x1ac8
                0x0000000010000100                __logical_binary_start = .
 *(.vectors)
 .vectors       0x0000000010000100       0xd4 CMakeFiles/hello_world.dir/home/junnaaa/pico-sdk/src/rp2_common/pico_crt0/crt0.S.o
                0x0000000010000100                __vectors
                0x0000000010000100                __VECTOR_TABLE
                0x00000000100001c0                isr_invalid
                0x00000000100001c0                __default_isrs_start
                0x00000000100001c2                isr_nmi
                0x00000000100001c4                isr_hardfault
                0x00000000100001c6                isr_svcall
                0x00000000100001c8                isr_pendsv
                0x00000000100001ca                isr_systick
                0x00000000100001cc                isr_irq30
                0x00000000100001cc                __unhandled_user_irq
                0x00000000100001cc                isr_irq13
                0x00000000100001cc                isr_irq27
                0x00000000100001cc                isr_irq31
                0x00000000100001cc                isr_irq5
                0x00000000100001cc                isr_irq11
                0x00000000100001cc                isr_irq23
                0x00000000100001cc                isr_irq18
                0x00000000100001cc                isr_irq28
                0x00000000100001cc                isr_irq19
                0x00000000100001cc                isr_irq0
                0x00000000100001cc                isr_irq6
                0x00000000100001cc                isr_irq22
                0x00000000100001cc                isr_irq17
                0x00000000100001cc                isr_irq14
                0x00000000100001cc                isr_irq2
                0x00000000100001cc                isr_irq10
                0x00000000100001cc                isr_irq8
                0x00000000100001cc                isr_irq24
                0x00000000100001cc                isr_irq1
                0x00000000100001cc                isr_irq7
                0x00000000100001cc                isr_irq21
                0x00000000100001cc                isr_irq20
                0x00000000100001cc                isr_irq15
                0x00000000100001cc                isr_irq25
                0x00000000100001cc                isr_irq4
                0x00000000100001cc                isr_irq16
                0x00000000100001cc                isr_irq29
                0x00000000100001cc                isr_irq26
                0x00000000100001cc                __default_isrs_end
                0x00000000100001cc                isr_irq3
                0x00000000100001cc                isr_irq12
                0x00000000100001cc                isr_irq9
                0x00000000100001d2                unhandled_user_irq_num_in_r0
 *(.binary_info_header)
 .binary_info_header
                0x00000000100001d4       0x14 CMakeFiles/hello_world.dir/home/junnaaa/pico-sdk/src/rp2_common/pico_crt0/crt0.S.o
                0x00000000100001e8                __binary_info_header_end = .
 *(.embedded_block)
                0x00000000100001e8                __embedded_block_end = .
 *(.reset)
 .reset         0x00000000100001e8       0x9c CMakeFiles/hello_world.dir/home/junnaaa/pico-sdk/src/rp2_common/pico_crt0/crt0.S.o
                0x00000000100001e8                _entry_point
 *(.init)
 .init          0x0000000010000284        0x4 /home/junnaaa/gcc-arm-none-eabi-10.3-2021.10/bin/../lib/gcc/arm-none-eabi/10.3.1/thumb/v6-m/nofp/crti.o
                0x0000000010000284                _init
 *(EXCLUDE_FILE(*libm.a: *libc.a:*lib_a-mem*.o *libgcc.a:) .text*)
 .text          0x0000000010000288       0x48 /home/junnaaa/gcc-arm-none-eabi-10.3-2021.10/bin/../lib/gcc/arm-none-eabi/10.3.1/thumb/v6-m/nofp/crtbegin.o
 .text.startup.main
                0x00000000100002d0       0x14 CMakeFiles/hello_world.dir/hello_world.c.o
                0x00000000100002d0                main
 .text.gpio_set_function
                0x00000000100002e4       0x34 CMakeFiles/hello_world.dir/home/junnaaa/pico-sdk/src/rp2_common/hardware_gpio/gpio.c.o
                0x00000000100002e4                gpio_set_function
 .text.panic    0x0000000010000318       0x30 CMakeFiles/hello_world.dir/home/junnaaa/pico-sdk/src/rp2_common/pico_platform_panic/panic.c.o
                0x0000000010000318                panic
 .text.hw_claim_or_assert
                0x0000000010000348       0x44 CMakeFiles/hello_world.dir/home/junnaaa/pico-sdk/src/common/hardware_claim/claim.c.o
                0x0000000010000348                hw_claim_or_assert
 .text.next_striped_spin_lock_num
                0x000000001000038c       0x18 CMakeFiles/hello_world.dir/home/junnaaa/pico-sdk/src/rp2_common/hardware_sync/sync.c.o
                0x000000001000038c                next_striped_spin_lock_num
 .text.spin_locks_reset
                0x00000000100003a4       0x1c CMakeFiles/hello_world.dir/home/junnaaa/pico-sdk/src/rp2_common/hardware_sync_spin_lock/sync_spin_lock.c.o
                0x00000000100003a4                spin_locks_reset
 .text.runtime_init_per_core_irq_priorities
                0x00000000100003c0       0x24 CMakeFiles/hello_world.dir/home/junnaaa/pico-sdk/src/rp2_common/hardware_irq/irq.c.o
                0x00000000100003c0                runtime_init_per_core_irq_priorities
 .text.irq_set_enabled
                0x00000000100003e4       0x24 CMakeFiles/hello_world.dir/home/junnaaa/pico-sdk/src/rp2_common/hardware_irq/irq.c.o
                0x00000000100003e4                irq_set_enabled
 .text.irq_set_exclusive_handler
                0x0000000010000408       0x54 CMakeFiles/hello_world.dir/home/junnaaa/pico-sdk/src/rp2_common/hardware_irq/irq.c.o
                0x0000000010000408                irq_set_exclusive_handler
 .text.irq_remove_handler
                0x000000001000045c      0x1c4 CMakeFiles/hello_world.dir/home/junnaaa/pico-sdk/src/rp2_common/hardware_irq/irq.c.o
                0x000000001000045c                irq_remove_handler
 .text.irq_add_tail_to_free_list
                0x0000000010000620       0xb4 CMakeFiles/hello_world.dir/home/junnaaa/pico-sdk/src/rp2_common/hardware_irq/irq.c.o
                0x0000000010000620                irq_add_tail_to_free_list
 .text.lock_init
                0x00000000100006d4       0x10 CMakeFiles/hello_world.dir/home/junnaaa/pico-sdk/src/common/pico_sync/lock_core.c.o
                0x00000000100006d4                lock_init
 .text.runtime_init_mutex
                0x00000000100006e4       0x58 CMakeFiles/hello_world.dir/home/junnaaa/pico-sdk/src/common/pico_sync/mutex.c.o
                0x00000000100006e4                runtime_init_mutex
 .text.sleep_until_callback
                0x000000001000073c       0x30 CMakeFiles/hello_world.dir/home/junnaaa/pico-sdk/src/common/pico_time/time.c.o
 .text.alarm_pool_irq_handler
                0x000000001000076c      0x308 CMakeFiles/hello_world.dir/home/junnaaa/pico-sdk/src/common/pico_time/time.c.o
 .text.runtime_init_default_alarm_pool
                0x0000000010000a74       0xdc CMakeFiles/hello_world.dir/home/junnaaa/pico-sdk/src/common/pico_time/time.c.o
                0x0000000010000a74                runtime_init_default_alarm_pool
 .text.alarm_pool_add_alarm_at_force_in_context
                0x0000000010000b50       0xb0 CMakeFiles/hello_world.dir/home/junnaaa/pico-sdk/src/common/pico_time/time.c.o
                0x0000000010000b50                alarm_pool_add_alarm_at_force_in_context
 .text.alarm_pool_cancel_alarm
                0x0000000010000c00       0x7c CMakeFiles/hello_world.dir/home/junnaaa/pico-sdk/src/common/pico_time/time.c.o
                0x0000000010000c00                alarm_pool_cancel_alarm
 .text.best_effort_wfe_or_timeout
                0x0000000010000c7c       0xfc CMakeFiles/hello_world.dir/home/junnaaa/pico-sdk/src/common/pico_time/time.c.o
                0x0000000010000c7c                best_effort_wfe_or_timeout
 .text.timer_hardware_alarm_claim
                0x0000000010000d78       0x14 CMakeFiles/hello_world.dir/home/junnaaa/pico-sdk/src/rp2_common/hardware_timer/timer.c.o
                0x0000000010000d78                timer_hardware_alarm_claim
 .text.timer_time_us_64
                0x0000000010000d8c       0x10 CMakeFiles/hello_world.dir/home/junnaaa/pico-sdk/src/rp2_common/hardware_timer/timer.c.o
                0x0000000010000d8c                timer_time_us_64
 .text.time_us_64
                0x0000000010000d9c       0x14 CMakeFiles/hello_world.dir/home/junnaaa/pico-sdk/src/rp2_common/hardware_timer/timer.c.o
                0x0000000010000d9c                time_us_64
 .text.busy_wait_us
                0x0000000010000db0       0x54 CMakeFiles/hello_world.dir/home/junnaaa/pico-sdk/src/rp2_common/hardware_timer/timer.c.o
                0x0000000010000db0                busy_wait_us
 .text.uart_init
                0x0000000010000e04      0x11c CMakeFiles/hello_world.dir/home/junnaaa/pico-sdk/src/rp2_common/hardware_uart/uart.c.o
                0x0000000010000e04                uart_init
 .text.clock_configure_int_divider
                0x0000000010000f20       0xf4 CMakeFiles/hello_world.dir/home/junnaaa/pico-sdk/src/rp2_common/hardware_clocks/clocks.c.o
                0x0000000010000f20                clock_configure_int_divider
 .text.clock_configure_undivided
                0x0000000010001014       0xe8 CMakeFiles/hello_world.dir/home/junnaaa/pico-sdk/src/rp2_common/hardware_clocks/clocks.c.o
                0x0000000010001014                clock_configure_undivided
 .text.clock_get_hz
                0x00000000100010fc        0xc CMakeFiles/hello_world.dir/home/junnaaa/pico-sdk/src/rp2_common/hardware_clocks/clocks.c.o
                0x00000000100010fc                clock_get_hz
 .text.pll_init
                0x0000000010001108       0xa0 CMakeFiles/hello_world.dir/home/junnaaa/pico-sdk/src/rp2_common/hardware_pll/pll.c.o
                0x0000000010001108                pll_init
 .text.tick_start
                0x00000000100011a8       0x10 CMakeFiles/hello_world.dir/home/junnaaa/pico-sdk/src/rp2_common/hardware_ticks/ticks.c.o
                0x00000000100011a8                tick_start
 .text.rom_func_lookup
                0x00000000100011b8       0x10 CMakeFiles/hello_world.dir/home/junnaaa/pico-sdk/src/rp2_common/pico_bootrom/bootrom.c.o
                0x00000000100011b8                rom_func_lookup
 .text.rom_data_lookup
                0x00000000100011c8       0x10 CMakeFiles/hello_world.dir/home/junnaaa/pico-sdk/src/rp2_common/pico_bootrom/bootrom.c.o
                0x00000000100011c8                rom_data_lookup
 .text.rom_funcs_lookup
                0x00000000100011d8       0x44 CMakeFiles/hello_world.dir/home/junnaaa/pico-sdk/src/rp2_common/pico_bootrom/bootrom.c.o
                0x00000000100011d8                rom_funcs_lookup
 .text.xosc_init
                0x000000001000121c       0x28 CMakeFiles/hello_world.dir/home/junnaaa/pico-sdk/src/rp2_common/hardware_xosc/xosc.c.o
                0x000000001000121c                xosc_init
 .text.first_per_core_initializer
                0x0000000010001244        0x4 CMakeFiles/hello_world.dir/home/junnaaa/pico-sdk/src/rp2_common/pico_runtime/runtime.c.o
 .text.hard_assertion_failure
                0x0000000010001248        0xc CMakeFiles/hello_world.dir/home/junnaaa/pico-sdk/src/rp2_common/pico_runtime/runtime.c.o
                0x0000000010001248                hard_assertion_failure
 .text.runtime_run_initializers
                0x0000000010001254       0x28 CMakeFiles/hello_world.dir/home/junnaaa/pico-sdk/src/rp2_common/pico_runtime/runtime.c.o
                0x0000000010001254                runtime_run_initializers
 .text.runtime_init_early_resets
                0x000000001000127c       0x2c CMakeFiles/hello_world.dir/home/junnaaa/pico-sdk/src/rp2_common/pico_runtime_init/runtime_init.c.o
                0x000000001000127c                runtime_init_early_resets
 .text.runtime_init_usb_power_down
                0x00000000100012a8       0x1c CMakeFiles/hello_world.dir/home/junnaaa/pico-sdk/src/rp2_common/pico_runtime_init/runtime_init.c.o
                0x00000000100012a8                runtime_init_usb_power_down
 .text.runtime_init_post_clock_resets
                0x00000000100012c4       0x20 CMakeFiles/hello_world.dir/home/junnaaa/pico-sdk/src/rp2_common/pico_runtime_init/runtime_init.c.o
                0x00000000100012c4                runtime_init_post_clock_resets
 .text.runtime_init_rp2040_gpio_ie_disable
                0x00000000100012e4       0x14 CMakeFiles/hello_world.dir/home/junnaaa/pico-sdk/src/rp2_common/pico_runtime_init/runtime_init.c.o
                0x00000000100012e4                runtime_init_rp2040_gpio_ie_disable
 .text.runtime_init_spin_locks_reset
                0x00000000100012f8        0x8 CMakeFiles/hello_world.dir/home/junnaaa/pico-sdk/src/rp2_common/pico_runtime_init/runtime_init.c.o
                0x00000000100012f8                runtime_init_spin_locks_reset
 .text.runtime_init_install_ram_vector_table
                0x0000000010001300       0x1c CMakeFiles/hello_world.dir/home/junnaaa/pico-sdk/src/rp2_common/pico_runtime_init/runtime_init.c.o
                0x0000000010001300                runtime_init_install_ram_vector_table
 .text.runtime_init_clocks
                0x000000001000131c       0xd8 CMakeFiles/hello_world.dir/home/junnaaa/pico-sdk/src/rp2_common/pico_runtime_init/runtime_init_clocks.c.o
                0x000000001000131c                runtime_init_clocks
 .text          0x00000000100013f4       0x10 CMakeFiles/hello_world.dir/home/junnaaa/pico-sdk/src/rp2_common/pico_bit_ops/bit_ops_aeabi.S.o
 .text.__wrap___aeabi_uidiv
                0x0000000010001404       0x4c CMakeFiles/hello_world.dir/home/junnaaa/pico-sdk/src/rp2_common/pico_divider/divider_hardware.S.o
                0x0000000010001404                __wrap___aeabi_uidiv
                0x0000000010001404                __wrap___aeabi_uidivmod
                0x0000000010001404                div_u32u32
                0x0000000010001404                divmod_u32u32
                0x000000001000140c                divmod_u32u32_unsafe
                0x0000000010001434                divmod_u32u32_savestate
 .text.__aeabi_double_init
                0x0000000010001450       0xa0 CMakeFiles/hello_world.dir/home/junnaaa/pico-sdk/src/rp2_common/pico_double/double_init_rom_rp2040.c.o
                0x0000000010001450                __aeabi_double_init
 .text.double_table_shim_on_use_helper
                0x00000000100014f0       0x2c CMakeFiles/hello_world.dir/home/junnaaa/pico-sdk/src/rp2_common/pico_double/double_v1_rom_shim_rp2040.S.o
                0x00000000100014f0                double_table_shim_on_use_helper
 .text.__aeabi_float_init
                0x000000001000151c       0x64 CMakeFiles/hello_world.dir/home/junnaaa/pico-sdk/src/rp2_common/pico_float/float_init_rom_rp2040.c.o
                0x000000001000151c                __aeabi_float_init
 .text.float_table_shim_on_use_helper
                0x0000000010001580       0x2c CMakeFiles/hello_world.dir/home/junnaaa/pico-sdk/src/rp2_common/pico_float/float_v1_rom_shim_rp2040.S.o
                0x0000000010001580                float_table_shim_on_use_helper
 .text          0x00000000100015ac       0x10 CMakeFiles/hello_world.dir/home/junnaaa/pico-sdk/src/rp2_common/pico_mem_ops/mem_ops_aeabi.S.o
                0x00000000100015ac                __aeabi_mem_init
 .text.memcpy   0x00000000100015bc        0xc CMakeFiles/hello_world.dir/home/junnaaa/pico-sdk/src/rp2_common/pico_mem_ops/mem_ops_aeabi.S.o
                0x00000000100015bc                __wrap___aeabi_memcpy
                0x00000000100015bc                __wrap_memcpy
 .text._out_char
                0x00000000100015c8       0x10 CMakeFiles/hello_world.dir/home/junnaaa/pico-sdk/src/rp2_common/pico_printf/printf.c.o
 .text.weak_raw_vprintf
                0x00000000100015d8       0x30 CMakeFiles/hello_world.dir/home/junnaaa/pico-sdk/src/rp2_common/pico_printf/printf.c.o
                0x00000000100015d8                weak_raw_vprintf
 .text._exit    0x0000000010001608        0x4 CMakeFiles/hello_world.dir/home/junnaaa/pico-sdk/src/rp2_common/pico_clib_interface/newlib_interface.c.o
                0x0000000010001608                _exit
 .text.exit     0x000000001000160c        0x8 CMakeFiles/hello_world.dir/home/junnaaa/pico-sdk/src/rp2_common/pico_clib_interface/newlib_interface.c.o
                0x000000001000160c                exit
 .text.runtime_init
                0x0000000010001614       0x2c CMakeFiles/hello_world.dir/home/junnaaa/pico-sdk/src/rp2_common/pico_clib_interface/newlib_interface.c.o
                0x0000000010001614                runtime_init
 .text.stdio_out_chars_no_crlf
                0x0000000010001640       0x10 CMakeFiles/hello_world.dir/home/junnaaa/pico-sdk/src/rp2_common/pico_stdio/stdio.c.o
 .text.stdio_out_chars_crlf
                0x0000000010001650       0xb4 CMakeFiles/hello_world.dir/home/junnaaa/pico-sdk/src/rp2_common/pico_stdio/stdio.c.o
 .text.stdio_put_string
                0x0000000010001704      0x100 CMakeFiles/hello_world.dir/home/junnaaa/pico-sdk/src/rp2_common/pico_stdio/stdio.c.o
                0x0000000010001704                stdio_put_string
 .text.stdio_set_driver_enabled
                0x0000000010001804       0x30 CMakeFiles/hello_world.dir/home/junnaaa/pico-sdk/src/rp2_common/pico_stdio/stdio.c.o
                0x0000000010001804                stdio_set_driver_enabled
 .text.stdio_init_all
                0x0000000010001834        0xc CMakeFiles/hello_world.dir/home/junnaaa/pico-sdk/src/rp2_common/pico_stdio/stdio.c.o
                0x0000000010001834                stdio_init_all
 .text.__wrap_putchar
                0x0000000010001840       0x98 CMakeFiles/hello_world.dir/home/junnaaa/pico-sdk/src/rp2_common/pico_stdio/stdio.c.o
                0x0000000010001840                stdio_putchar
                0x0000000010001840                __wrap_putchar
 .text.__wrap_puts
                0x00000000100018d8       0x3c CMakeFiles/hello_world.dir/home/junnaaa/pico-sdk/src/rp2_common/pico_stdio/stdio.c.o
                0x00000000100018d8                __wrap_puts
                0x00000000100018d8                stdio_puts
 .text.stdio_uart_out_chars
                0x0000000010001914       0x4c CMakeFiles/hello_world.dir/home/junnaaa/pico-sdk/src/rp2_common/pico_stdio_uart/stdio_uart.c.o
 .text.stdio_uart_in_chars
                0x0000000010001960       0x84 CMakeFiles/hello_world.dir/home/junnaaa/pico-sdk/src/rp2_common/pico_stdio_uart/stdio_uart.c.o
                0x0000000010001960                stdio_uart_in_chars
 .text.on_uart_rx
                0x00000000100019e4       0x28 CMakeFiles/hello_world.dir/home/junnaaa/pico-sdk/src/rp2_common/pico_stdio_uart/stdio_uart.c.o
 .text.stdio_uart_out_flush
                0x0000000010001a0c       0x14 CMakeFiles/hello_world.dir/home/junnaaa/pico-sdk/src/rp2_common/pico_stdio_uart/stdio_uart.c.o
 .text.stdio_uart_set_chars_available_callback
                0x0000000010001a20       0x88 CMakeFiles/hello_world.dir/home/junnaaa/pico-sdk/src/rp2_common/pico_stdio_uart/stdio_uart.c.o
 .text.stdio_uart_init
                0x0000000010001aa8       0x50 CMakeFiles/hello_world.dir/home/junnaaa/pico-sdk/src/rp2_common/pico_stdio_uart/stdio_uart.c.o
                0x0000000010001aa8                stdio_uart_init
 .text.strlen   0x0000000010001af8       0x5c /home/junnaaa/gcc-arm-none-eabi-10.3-2021.10/bin/../lib/gcc/arm-none-eabi/10.3.1/../../../../arm-none-eabi/lib/thumb/v6-m/nofp/libg.a(lib_a-strlen-stub.o)
                0x0000000010001af8                strlen
 *(.fini)
 .fini          0x0000000010001b54        0x4 /home/junnaaa/gcc-arm-none-eabi-10.3-2021.10/bin/../lib/gcc/arm-none-eabi/10.3.1/thumb/v6-m/nofp/crti.o
                0x0000000010001b54                _fini
 .fini.__stub   0x0000000010001b58       0x30 linker stubs
 *crtbegin.o(.ctors)
 *crtbegin?.o(.ctors)
 *(EXCLUDE_FILE(*crtend.o *crtend?.o) .ctors)
 *(SORT_BY_NAME(.ctors.*))
 *(.ctors)
 *crtbegin.o(.dtors)
 *crtbegin?.o(.dtors)
 *(EXCLUDE_FILE(*crtend.o *crtend?.o) .dtors)
 *(SORT_BY_NAME(.dtors.*))
 *(.dtors)
                0x0000000010001b88                . = ALIGN (0x4)
                0x0000000010001b88                PROVIDE (__preinit_array_start = .)
 *(SORT_BY_NAME(.preinit_array.*))
 .preinit_array.00100
                0x0000000010001b88        0x4 CMakeFiles/hello_world.dir/home/junnaaa/pico-sdk/src/rp2_common/pico_runtime_init/runtime_init.c.o
                0x0000000010001b88                __pre_init_runtime_init_early_resets
 .preinit_array.00101
                0x0000000010001b8c        0x4 CMakeFiles/hello_world.dir/home/junnaaa/pico-sdk/src/rp2_common/pico_runtime_init/runtime_init.c.o
                0x0000000010001b8c                __pre_init_runtime_init_usb_power_down
 .preinit_array.00275
                0x0000000010001b90        0x4 CMakeFiles/hello_world.dir/home/junnaaa/pico-sdk/src/rp2_common/pico_bit_ops/bit_ops_aeabi.S.o
 .preinit_array.00300
                0x0000000010001b94        0x4 CMakeFiles/hello_world.dir/home/junnaaa/pico-sdk/src/rp2_common/pico_mem_ops/mem_ops_aeabi.S.o
 .preinit_array.00350
                0x0000000010001b98        0x4 CMakeFiles/hello_world.dir/home/junnaaa/pico-sdk/src/rp2_common/pico_double/double_aeabi_rp2040.S.o
 .preinit_array.00350
                0x0000000010001b9c        0x4 CMakeFiles/hello_world.dir/home/junnaaa/pico-sdk/src/rp2_common/pico_float/float_aeabi_rp2040.S.o
 .preinit_array.00500
                0x0000000010001ba0        0x4 CMakeFiles/hello_world.dir/home/junnaaa/pico-sdk/src/rp2_common/pico_runtime_init/runtime_init.c.o
                0x0000000010001ba0                __pre_init_runtime_init_clocks
 .preinit_array.00600
                0x0000000010001ba4        0x4 CMakeFiles/hello_world.dir/home/junnaaa/pico-sdk/src/rp2_common/pico_runtime_init/runtime_init.c.o
                0x0000000010001ba4                __pre_init_runtime_init_post_clock_resets
 .preinit_array.00700
                0x0000000010001ba8        0x4 CMakeFiles/hello_world.dir/home/junnaaa/pico-sdk/src/rp2_common/pico_runtime_init/runtime_init.c.o
                0x0000000010001ba8                __pre_init_runtime_init_rp2040_gpio_ie_disable
 .preinit_array.01000
                0x0000000010001bac        0x4 CMakeFiles/hello_world.dir/home/junnaaa/pico-sdk/src/rp2_common/pico_runtime_init/runtime_init.c.o
                0x0000000010001bac                __pre_init_runtime_init_spin_locks_reset
 .preinit_array.01100
                0x0000000010001bb0        0x4 CMakeFiles/hello_world.dir/home/junnaaa/pico-sdk/src/common/pico_sync/mutex.c.o
                0x0000000010001bb0                __pre_init_runtime_init_mutex
 .preinit_array.10080
                0x0000000010001bb4        0x4 CMakeFiles/hello_world.dir/home/junnaaa/pico-sdk/src/rp2_common/pico_runtime_init/runtime_init.c.o
                0x0000000010001bb4                __pre_init_runtime_init_install_ram_vector_table
 .preinit_array.11000
                0x0000000010001bb8        0x4 CMakeFiles/hello_world.dir/home/junnaaa/pico-sdk/src/common/pico_time/time.c.o
                0x0000000010001bb8                __pre_init_runtime_init_default_alarm_pool
 .preinit_array.YYYYY
                0x0000000010001bbc        0x4 CMakeFiles/hello_world.dir/home/junnaaa/pico-sdk/src/rp2_common/pico_runtime/runtime.c.o
                0x0000000010001bbc                __pre_init_first_per_core_initializer
 .preinit_array.ZZZZZ.01200
                0x0000000010001bc0        0x4 CMakeFiles/hello_world.dir/home/junnaaa/pico-sdk/src/rp2_common/hardware_irq/irq.c.o
                0x0000000010001bc0                __pre_init_runtime_init_per_core_irq_priorities
 *(.preinit_array)
                0x0000000010001bc4                PROVIDE (__preinit_array_end = .)
                0x0000000010001bc4                . = ALIGN (0x4)
                0x0000000010001bc4                PROVIDE (__init_array_start = .)
 *(SORT_BY_NAME(.init_array.*))
 *(.init_array)
 .init_array    0x0000000010001bc4        0x4 /home/junnaaa/gcc-arm-none-eabi-10.3-2021.10/bin/../lib/gcc/arm-none-eabi/10.3.1/thumb/v6-m/nofp/crtbegin.o
                0x0000000010001bc8                PROVIDE (__init_array_end = .)
                0x0000000010001bc8                . = ALIGN (0x4)
                [!provide]                        PROVIDE (__fini_array_start = .)
 *(SORT_BY_NAME(.fini_array.*))
 *(.fini_array)
                [!provide]                        PROVIDE (__fini_array_end = .)
 *(.eh_frame*)
 .eh_frame      0x0000000010001bc8        0x0 /home/junnaaa/gcc-arm-none-eabi-10.3-2021.10/bin/../lib/gcc/arm-none-eabi/10.3.1/thumb/v6-m/nofp/crtbegin.o
                0x0000000010001bc8                . = ALIGN (0x4)

.glue_7         0x0000000010001bc8        0x0
 .glue_7        0x0000000010001bc8        0x0 linker stubs

.glue_7t        0x0000000010001bc8        0x0
 .glue_7t       0x0000000010001bc8        0x0 linker stubs

.vfp11_veneer   0x0000000010001bc8        0x0
 .vfp11_veneer  0x0000000010001bc8        0x0 linker stubs

.v4_bx          0x0000000010001bc8        0x0
 .v4_bx         0x0000000010001bc8        0x0 linker stubs

.iplt           0x0000000010001bc8        0x0
 .iplt          0x0000000010001bc8        0x0 /home/junnaaa/gcc-arm-none-eabi-10.3-2021.10/bin/../lib/gcc/arm-none-eabi/10.3.1/thumb/v6-m/nofp/crtbegin.o

.rodata         0x0000000010001bc8      0x134
 *(EXCLUDE_FILE(*libm.a: *libc.a:*lib_a-mem*.o *libgcc.a:) .rodata*)
 .rodata.main.str1.4
                0x0000000010001bc8        0xe CMakeFiles/hello_world.dir/hello_world.c.o
 *fill*         0x0000000010001bd6        0x2 
 .rodata.panic.str1.4
                0x0000000010001bd8       0x12 CMakeFiles/hello_world.dir/home/junnaaa/pico-sdk/src/rp2_common/pico_platform_panic/panic.c.o
 *fill*         0x0000000010001bea        0x2 
 .rodata.timer_hardware_alarm_claim.str1.4
                0x0000000010001bec       0x22 CMakeFiles/hello_world.dir/home/junnaaa/pico-sdk/src/rp2_common/hardware_timer/timer.c.o
 *fill*         0x0000000010001c0e        0x2 
 .rodata.hard_assertion_failure.str1.4
                0x0000000010001c10        0xc CMakeFiles/hello_world.dir/home/junnaaa/pico-sdk/src/rp2_common/pico_runtime/runtime.c.o
 .rodata.str1.4
                0x0000000010001c1c       0x40 CMakeFiles/hello_world.dir/home/junnaaa/pico-sdk/src/rp2_common/pico_standard_binary_info/standard_binary_info.c.o
 .rodata.__bi_26
                0x0000000010001c5c        0xc CMakeFiles/hello_world.dir/home/junnaaa/pico-sdk/src/rp2_common/pico_standard_binary_info/standard_binary_info.c.o
 .rodata.__bi_34
                0x0000000010001c68        0xc CMakeFiles/hello_world.dir/home/junnaaa/pico-sdk/src/rp2_common/pico_standard_binary_info/standard_binary_info.c.o
 .rodata.__bi_42
                0x0000000010001c74        0xc CMakeFiles/hello_world.dir/home/junnaaa/pico-sdk/src/rp2_common/pico_standard_binary_info/standard_binary_info.c.o
 .rodata.__bi_48
                0x0000000010001c80        0xc CMakeFiles/hello_world.dir/home/junnaaa/pico-sdk/src/rp2_common/pico_standard_binary_info/standard_binary_info.c.o
 .rodata.__bi_54
                0x0000000010001c8c        0xc CMakeFiles/hello_world.dir/home/junnaaa/pico-sdk/src/rp2_common/pico_standard_binary_info/standard_binary_info.c.o
 .rodata.__bi_78
                0x0000000010001c98        0xc CMakeFiles/hello_world.dir/home/junnaaa/pico-sdk/src/rp2_common/pico_standard_binary_info/standard_binary_info.c.o
 .rodata.__bi_84
                0x0000000010001ca4        0xc CMakeFiles/hello_world.dir/home/junnaaa/pico-sdk/src/rp2_common/pico_standard_binary_info/standard_binary_info.c.o
 .rodata.crlf_str.0
                0x0000000010001cb0        0x2 CMakeFiles/hello_world.dir/home/junnaaa/pico-sdk/src/rp2_common/pico_stdio/stdio.c.o
 *fill*         0x0000000010001cb2        0x2 
 .rodata.str1.4
                0x0000000010001cb4       0x2c CMakeFiles/hello_world.dir/home/junnaaa/pico-sdk/src/rp2_common/pico_stdio_uart/stdio_uart.c.o
 .rodata.__bi_45.4
                0x0000000010001ce0        0xc CMakeFiles/hello_world.dir/home/junnaaa/pico-sdk/src/rp2_common/pico_stdio_uart/stdio_uart.c.o
 .rodata.__bi_49.5
                0x0000000010001cec        0x8 CMakeFiles/hello_world.dir/home/junnaaa/pico-sdk/src/rp2_common/pico_stdio_uart/stdio_uart.c.o
 .rodata.__bi_50.6
                0x0000000010001cf4        0x8 CMakeFiles/hello_world.dir/home/junnaaa/pico-sdk/src/rp2_common/pico_stdio_uart/stdio_uart.c.o
                0x0000000010001cfc                . = ALIGN (0x4)
 *(SORT_BY_ALIGNMENT(SORT_BY_NAME(.flashdata*)))
                0x0000000010001cfc                . = ALIGN (0x4)

.ARM.extab
 *(.ARM.extab* .gnu.linkonce.armextab.*)
                0x0000000010001cfc                __exidx_start = .

.ARM.exidx
 *(.ARM.exidx* .gnu.linkonce.armexidx.*)
                0x0000000010001cfc                __exidx_end = .
                0x0000000010001cfc                . = ALIGN (0x4)
                0x0000000010001cfc                __binary_info_start = .

.binary_info    0x0000000010001cfc       0x28
 *(.binary_info.keep.*)
 .binary_info.keep.__bi_ptr26
                0x0000000010001cfc        0x4 CMakeFiles/hello_world.dir/home/junnaaa/pico-sdk/src/rp2_common/pico_standard_binary_info/standard_binary_info.c.o
 .binary_info.keep.__bi_ptr34
                0x0000000010001d00        0x4 CMakeFiles/hello_world.dir/home/junnaaa/pico-sdk/src/rp2_common/pico_standard_binary_info/standard_binary_info.c.o
 .binary_info.keep.__bi_ptr42
                0x0000000010001d04        0x4 CMakeFiles/hello_world.dir/home/junnaaa/pico-sdk/src/rp2_common/pico_standard_binary_info/standard_binary_info.c.o
 .binary_info.keep.__bi_ptr48
                0x0000000010001d08        0x4 CMakeFiles/hello_world.dir/home/junnaaa/pico-sdk/src/rp2_common/pico_standard_binary_info/standard_binary_info.c.o
 .binary_info.keep.__bi_ptr54
                0x0000000010001d0c        0x4 CMakeFiles/hello_world.dir/home/junnaaa/pico-sdk/src/rp2_common/pico_standard_binary_info/standard_binary_info.c.o
 .binary_info.keep.__bi_ptr78
                0x0000000010001d10        0x4 CMakeFiles/hello_world.dir/home/junnaaa/pico-sdk/src/rp2_common/pico_standard_binary_info/standard_binary_info.c.o
 .binary_info.keep.__bi_ptr84
                0x0000000010001d14        0x4 CMakeFiles/hello_world.dir/home/junnaaa/pico-sdk/src/rp2_common/pico_standard_binary_info/standard_binary_info.c.o
 *(.binary_info.*)
 .binary_info.__bi_ptr45
                0x0000000010001d18        0x4 CMakeFiles/hello_world.dir/home/junnaaa/pico-sdk/src/rp2_common/pico_stdio_uart/stdio_uart.c.o
 .binary_info.__bi_ptr49
                0x0000000010001d1c        0x4 CMakeFiles/hello_world.dir/home/junnaaa/pico-sdk/src/rp2_common/pico_stdio_uart/stdio_uart.c.o
 .binary_info.__bi_ptr50
                0x0000000010001d20        0x4 CMakeFiles/hello_world.dir/home/junnaaa/pico-sdk/src/rp2_common/pico_stdio_uart/stdio_uart.c.o
                0x0000000010001d24                __binary_info_end = .

.rel.dyn        0x0000000010001d24        0x0
 .rel.iplt      0x0000000010001d24        0x0 /home/junnaaa/gcc-arm-none-eabi-10.3-2021.10/bin/../lib/gcc/arm-none-eabi/10.3.1/thumb/v6-m/nofp/crtbegin.o
                0x0000000010001d24                . = ALIGN (0x4)

.ram_vector_table
                0x0000000020000000       0xc0
 *(.ram_vector_table)
 .ram_vector_table
                0x0000000020000000       0xc0 CMakeFiles/hello_world.dir/home/junnaaa/pico-sdk/src/rp2_common/pico_runtime_init/runtime_init.c.o
                0x0000000020000000                ram_vector_table

.uninitialized_data
                0x00000000200000c0        0x0
                0x00000000200000c0                . = ALIGN (0x4)
 *(.uninitialized_data*)

.data           0x00000000200000c0      0x180 load address 0x0000000010001d24
                0x00000000200000c0                __data_start__ = .
 *(vtable)
 *(.time_critical*)
 .time_critical.mutex_try_enter_block_until
                0x00000000200000c0       0x9c CMakeFiles/hello_world.dir/home/junnaaa/pico-sdk/src/common/pico_sync/mutex.c.o
                0x00000000200000c0                mutex_try_enter_block_until
 .time_critical.mutex_exit
                0x000000002000015c       0x28 CMakeFiles/hello_world.dir/home/junnaaa/pico-sdk/src/common/pico_sync/mutex.c.o
                0x000000002000015c                mutex_exit
 *(.text*)
 .text          0x0000000020000184        0x4 /home/junnaaa/gcc-arm-none-eabi-10.3-2021.10/bin/../lib/gcc/arm-none-eabi/10.3.1/thumb/v6-m/nofp/libgcc.a(_dvmd_tls.o)
                0x0000000020000184                __aeabi_ldiv0
                0x0000000020000184                __aeabi_idiv0
 .text.__stub   0x0000000020000188       0x10 linker stubs
                0x0000000020000198                . = ALIGN (0x4)
 *(.rodata*)
                0x0000000020000198                . = ALIGN (0x4)
 *(.data*)
 .data.striped_spin_lock_num
                0x0000000020000198        0x1 CMakeFiles/hello_world.dir/home/junnaaa/pico-sdk/src/rp2_common/hardware_sync/sync.c.o
 *fill*         0x0000000020000199        0x3 
 .data          0x000000002000019c       0x48 CMakeFiles/hello_world.dir/home/junnaaa/pico-sdk/src/rp2_common/hardware_irq/irq_handler_chain.S.o
                0x000000002000019c                irq_handler_chain_slots
                0x00000000200001cc                irq_handler_chain_first_slot
                0x00000000200001d6                irq_handler_chain_remove_tail
 .data.default_alarm_pool
                0x00000000200001e4       0x18 CMakeFiles/hello_world.dir/home/junnaaa/pico-sdk/src/common/pico_time/time.c.o
 *fill*         0x00000000200001fc        0x4 
 .data.aeabi_bits_funcs
                0x0000000020000200       0x10 CMakeFiles/hello_world.dir/home/junnaaa/pico-sdk/src/rp2_common/pico_bit_ops/bit_ops_aeabi.S.o
                0x0000000020000200                aeabi_bits_funcs
                0x0000000020000210                aeabi_bits_funcs_end
 .data.aeabi_mem_funcs
                0x0000000020000210       0x10 CMakeFiles/hello_world.dir/home/junnaaa/pico-sdk/src/rp2_common/pico_mem_ops/mem_ops_aeabi.S.o
                0x0000000020000210                aeabi_mem_funcs
                0x0000000020000220                aeabi_mem_funcs_end
 .data.stdio_uart
                0x0000000020000220       0x18 CMakeFiles/hello_world.dir/home/junnaaa/pico-sdk/src/rp2_common/pico_stdio_uart/stdio_uart.c.o
                0x0000000020000220                stdio_uart
                0x0000000020000238                . = ALIGN (0x4)
 *(.after_data.*)
                0x0000000020000238                . = ALIGN (0x4)
                0x0000000020000238                PROVIDE (__mutex_array_start = .)
 *(SORT_BY_NAME(.mutex_array.*))
 *(.mutex_array)
 .mutex_array   0x0000000020000238        0x8 CMakeFiles/hello_world.dir/home/junnaaa/pico-sdk/src/rp2_common/pico_stdio/stdio.c.o
                0x0000000020000240                PROVIDE (__mutex_array_end = .)
                0x0000000020000240                . = ALIGN (0x4)
 *(.jcr)
                0x0000000020000240                . = ALIGN (0x4)

.igot.plt       0x0000000020000240        0x0 load address 0x0000000010001ea4
 .igot.plt      0x0000000020000240        0x0 /home/junnaaa/gcc-arm-none-eabi-10.3-2021.10/bin/../lib/gcc/arm-none-eabi/10.3.1/thumb/v6-m/nofp/crtbegin.o

.tdata          0x0000000020000240        0x0 load address 0x0000000010001ea4
                0x0000000020000240                . = ALIGN (0x4)
 *(.tdata .tdata.* .gnu.linkonce.td.*)
                0x0000000020000240                __tdata_end = .
                0x0000000020000240                PROVIDE (__data_end__ = .)
                0x0000000010001d24                __etext = LOADADDR (.data)

.tbss           0x0000000020000240        0x0 load address 0x0000000010001ea4
                0x0000000020000240                . = ALIGN (0x4)
                0x0000000020000240                __bss_start__ = .
                0x0000000020000240                __tls_base = .
 *(.tbss .tbss.* .gnu.linkonce.tb.*)
 *(.tcommon)
                0x0000000020000240                __tls_end = .

.bss            0x0000000020000240      0x400 load address 0x0000000010001ea4
                0x0000000020000240                . = ALIGN (0x4)
                0x0000000020000240                __tbss_end = .
 *(SORT_BY_ALIGNMENT(SORT_BY_NAME(.bss*)))
 .bss.default_alarm_pool_entries
                0x0000000020000240      0x180 CMakeFiles/hello_world.dir/home/junnaaa/pico-sdk/src/common/pico_time/time.c.o
 .bss.sd_table  0x00000000200003c0      0x100 CMakeFiles/hello_world.dir/home/junnaaa/pico-sdk/src/rp2_common/pico_double/double_init_rom_rp2040.c.o
                0x00000000200003c0                sd_table
 .bss.sf_table  0x00000000200004c0      0x100 CMakeFiles/hello_world.dir/home/junnaaa/pico-sdk/src/rp2_common/pico_float/float_init_rom_rp2040.c.o
                0x00000000200004c0                sf_table
 .bss           0x00000000200005c0       0x1c /home/junnaaa/gcc-arm-none-eabi-10.3-2021.10/bin/../lib/gcc/arm-none-eabi/10.3.1/thumb/v6-m/nofp/crtbegin.o
 .bss.chars_available_callback
                0x00000000200005dc        0x4 CMakeFiles/hello_world.dir/home/junnaaa/pico-sdk/src/rp2_common/pico_stdio_uart/stdio_uart.c.o
 .bss.chars_available_param
                0x00000000200005e0        0x4 CMakeFiles/hello_world.dir/home/junnaaa/pico-sdk/src/rp2_common/pico_stdio_uart/stdio_uart.c.o
 .bss.claimed   0x00000000200005e4        0x1 CMakeFiles/hello_world.dir/home/junnaaa/pico-sdk/src/rp2_common/hardware_timer/timer.c.o
 *fill*         0x00000000200005e5        0x3 
 .bss.configured_freq
                0x00000000200005e8       0x28 CMakeFiles/hello_world.dir/home/junnaaa/pico-sdk/src/rp2_common/hardware_clocks/clocks.c.o
 .bss.drivers   0x0000000020000610        0x4 CMakeFiles/hello_world.dir/home/junnaaa/pico-sdk/src/rp2_common/pico_stdio/stdio.c.o
 .bss.filter    0x0000000020000614        0x4 CMakeFiles/hello_world.dir/home/junnaaa/pico-sdk/src/rp2_common/pico_stdio/stdio.c.o
 .bss.lazy_vsnprintf
                0x0000000020000618        0x4 CMakeFiles/hello_world.dir/home/junnaaa/pico-sdk/src/rp2_common/pico_printf/printf.c.o
 .bss.pools     0x000000002000061c       0x10 CMakeFiles/hello_world.dir/home/junnaaa/pico-sdk/src/common/pico_time/time.c.o
 .bss.sf_clz_func
                0x000000002000062c        0x4 CMakeFiles/hello_world.dir/home/junnaaa/pico-sdk/src/rp2_common/pico_double/double_init_rom_rp2040.c.o
                0x000000002000062c                sf_clz_func
 .bss.sleep_notifier
                0x0000000020000630        0x4 CMakeFiles/hello_world.dir/home/junnaaa/pico-sdk/src/common/pico_time/time.c.o
 .bss.uart_char_to_line_feed
                0x0000000020000634        0x4 CMakeFiles/hello_world.dir/home/junnaaa/pico-sdk/src/rp2_common/hardware_uart/uart.c.o
                0x0000000020000634                uart_char_to_line_feed
 .bss.uart_instance
                0x0000000020000638        0x4 CMakeFiles/hello_world.dir/home/junnaaa/pico-sdk/src/rp2_common/pico_stdio_uart/stdio_uart.c.o
 .bss.irq_handler_chain_free_slot_head
                0x000000002000063c        0x1 CMakeFiles/hello_world.dir/home/junnaaa/pico-sdk/src/rp2_common/hardware_irq/irq.c.o
 *(COMMON)
                0x0000000020000640                . = ALIGN (0x4)
 *fill*         0x000000002000063d        0x3 
                0x0000000020000640                __bss_end__ = .

.heap           0x0000000020000640      0x800 load address 0x0000000010001ea4
                0x0000000020000640                __end__ = .
                0x0000000020000640                end = __end__
 *(.heap*)
 .heap          0x0000000020000640      0x800 CMakeFiles/hello_world.dir/home/junnaaa/pico-sdk/src/rp2_common/pico_crt0/crt0.S.o
                0x0000000020040000                __HeapLimit = (ORIGIN (RAM) + LENGTH (RAM))

.scratch_x      0x0000000020040000        0x0 load address 0x0000000010001ea4
                0x0000000020040000                __scratch_x_start__ = .
 *(.scratch_x.*)
                0x0000000020040000                . = ALIGN (0x4)
                0x0000000020040000                __scratch_x_end__ = .
                0x0000000010001ea4                __scratch_x_source__ = LOADADDR (.scratch_x)

.scratch_y      0x0000000020041000        0x0 load address 0x0000000010001ea4
                0x0000000020041000                __scratch_y_start__ = .
 *(.scratch_y.*)
                0x0000000020041000                . = ALIGN (0x4)
                0x0000000020041000                __scratch_y_end__ = .
                0x0000000010001ea4                __scratch_y_source__ = LOADADDR (.scratch_y)

.stack1_dummy   0x0000000020040000        0x0
 *(.stack1*)

.stack_dummy    0x0000000020041000      0x800
 *(.stack*)
 .stack         0x0000000020041000      0x800 CMakeFiles/hello_world.dir/home/junnaaa/pico-sdk/src/rp2_common/pico_crt0/crt0.S.o

.flash_end      0x0000000010001ea4        0x0
 *(.embedded_end_block*)
                0x0000000010001ea4                PROVIDE (__flash_binary_end = .)
                0x0000000020040000                __StackLimit = (ORIGIN (RAM) + LENGTH (RAM))
                0x0000000020041000                __StackOneTop = (ORIGIN (SCRATCH_X) + LENGTH (SCRATCH_X))
                0x0000000020042000                __StackTop = (ORIGIN (SCRATCH_Y) + LENGTH (SCRATCH_Y))
                0x0000000020041000                __StackOneBottom = (__StackOneTop - SIZEOF (.stack1_dummy))
                0x0000000020041800                __StackBottom = (__StackTop - SIZEOF (.stack_dummy))
                0x0000000020042000                PROVIDE (__stack = __StackTop)
                [!provide]                        PROVIDE (__heap_start = __end__)
                [!provide]                        PROVIDE (__heap_end = __HeapLimit)
                [!provide]                        PROVIDE (__tls_align = MAX (ALIGNOF (.tdata), ALIGNOF (.tbss)))
                [!provide]                        PROVIDE (__tls_size_align = (((__tls_size + __tls_align) - 0x1) & ~ ((__tls_align - 0x1))))
                [!provide]                        PROVIDE (__arm32_tls_tcb_offset = MAX (0x8, __tls_align))
                [!provide]                        PROVIDE (_end = __end__)
                [!provide]                        PROVIDE (__llvm_libc_heap_limit = __HeapLimit)
                0x0000000000000001                ASSERT ((__StackLimit >= __HeapLimit), region RAM overflowed)
                0x0000000000000001                ASSERT (((__binary_info_header_end - __logical_binary_start) <= 0x100), Binary info must be in first 256 bytes of the binary)
LOAD CMakeFiles/hello_world.dir/hello_world.c.o
LOAD CMakeFiles/hello_world.dir/home/junnaaa/pico-sdk/src/rp2_common/pico_stdlib/stdlib.c.o
LOAD CMakeFiles/hello_world.dir/home/junnaaa/pico-sdk/src/rp2_common/hardware_gpio/gpio.c.o
LOAD CMakeFiles/hello_world.dir/home/junnaaa/pico-sdk/src/rp2040/pico_platform/platform.c.o
LOAD CMakeFiles/hello_world.dir/home/junnaaa/pico-sdk/src/rp2_common/pico_platform_panic/panic.c.o
LOAD CMakeFiles/hello_world.dir/home/junnaaa/pico-sdk/src/common/hardware_claim/claim.c.o
LOAD CMakeFiles/hello_world.dir/home/junnaaa/pico-sdk/src/rp2_common/hardware_sync/sync.c.o
LOAD CMakeFiles/hello_world.dir/home/junnaaa/pico-sdk/src/rp2_common/hardware_sync_spin_lock/sync_spin_lock.c.o
LOAD CMakeFiles/hello_world.dir/home/junnaaa/pico-sdk/src/rp2_common/hardware_irq/irq.c.o
LOAD CMakeFiles/hello_world.dir/home/junnaaa/pico-sdk/src/rp2_common/hardware_irq/irq_handler_chain.S.o
LOAD CMakeFiles/hello_world.dir/home/junnaaa/pico-sdk/src/common/pico_sync/sem.c.o
LOAD CMakeFiles/hello_world.dir/home/junnaaa/pico-sdk/src/common/pico_sync/lock_core.c.o
LOAD CMakeFiles/hello_world.dir/home/junnaaa/pico-sdk/src/common/pico_sync/mutex.c.o
LOAD CMakeFiles/hello_world.dir/home/junnaaa/pico-sdk/src/common/pico_sync/critical_section.c.o
LOAD CMakeFiles/hello_world.dir/home/junnaaa/pico-sdk/src/common/pico_time/time.c.o
LOAD CMakeFiles/hello_world.dir/home/junnaaa/pico-sdk/src/common/pico_time/timeout_helper.c.o
LOAD CMakeFiles/hello_world.dir/home/junnaaa/pico-sdk/src/rp2_common/hardware_timer/timer.c.o
LOAD CMakeFiles/hello_world.dir/home/junnaaa/pico-sdk/src/common/pico_util/datetime.c.o
LOAD CMakeFiles/hello_world.dir/home/junnaaa/pico-sdk/src/common/pico_util/pheap.c.o
LOAD CMakeFiles/hello_world.dir/home/junnaaa/pico-sdk/src/common/pico_util/queue.c.o
LOAD CMakeFiles/hello_world.dir/home/junnaaa/pico-sdk/src/rp2_common/hardware_uart/uart.c.o
LOAD CMakeFiles/hello_world.dir/home/junnaaa/pico-sdk/src/rp2_common/hardware_clocks/clocks.c.o
LOAD CMakeFiles/hello_world.dir/home/junnaaa/pico-sdk/src/rp2_common/hardware_pll/pll.c.o
LOAD CMakeFiles/hello_world.dir/home/junnaaa/pico-sdk/src/rp2_common/hardware_vreg/vreg.c.o
LOAD CMakeFiles/hello_world.dir/home/junnaaa/pico-sdk/src/rp2_common/hardware_watchdog/watchdog.c.o
LOAD CMakeFiles/hello_world.dir/home/junnaaa/pico-sdk/src/rp2_common/hardware_ticks/ticks.c.o
LOAD CMakeFiles/hello_world.dir/home/junnaaa/pico-sdk/src/rp2_common/pico_bootrom/bootrom.c.o
LOAD CMakeFiles/hello_world.dir/home/junnaaa/pico-sdk/src/rp2_common/pico_bootrom/bootrom_lock.c.o
LOAD CMakeFiles/hello_world.dir/home/junnaaa/pico-sdk/src/rp2_common/hardware_boot_lock/boot_lock.c.o
LOAD CMakeFiles/hello_world.dir/home/junnaaa/pico-sdk/src/rp2_common/pico_flash/flash.c.o
LOAD CMakeFiles/hello_world.dir/home/junnaaa/pico-sdk/src/rp2_common/hardware_xosc/xosc.c.o
LOAD CMakeFiles/hello_world.dir/home/junnaaa/pico-sdk/src/rp2_common/hardware_divider/divider.S.o
LOAD CMakeFiles/hello_world.dir/home/junnaaa/pico-sdk/src/rp2_common/pico_runtime/runtime.c.o
LOAD CMakeFiles/hello_world.dir/home/junnaaa/pico-sdk/src/rp2_common/pico_runtime_init/runtime_init.c.o
LOAD CMakeFiles/hello_world.dir/home/junnaaa/pico-sdk/src/rp2_common/pico_runtime_init/runtime_init_clocks.c.o
LOAD CMakeFiles/hello_world.dir/home/junnaaa/pico-sdk/src/rp2_common/pico_runtime_init/runtime_init_stack_guard.c.o
LOAD CMakeFiles/hello_world.dir/home/junnaaa/pico-sdk/src/rp2_common/pico_bit_ops/bit_ops_aeabi.S.o
LOAD CMakeFiles/hello_world.dir/home/junnaaa/pico-sdk/src/rp2_common/pico_divider/divider_hardware.S.o
LOAD CMakeFiles/hello_world.dir/home/junnaaa/pico-sdk/src/rp2_common/pico_double/double_aeabi_rp2040.S.o
LOAD CMakeFiles/hello_world.dir/home/junnaaa/pico-sdk/src/rp2_common/pico_double/double_init_rom_rp2040.c.o
LOAD CMakeFiles/hello_world.dir/home/junnaaa/pico-sdk/src/rp2_common/pico_double/double_math.c.o
LOAD CMakeFiles/hello_world.dir/home/junnaaa/pico-sdk/src/rp2_common/pico_double/double_v1_rom_shim_rp2040.S.o
LOAD CMakeFiles/hello_world.dir/home/junnaaa/pico-sdk/src/rp2_common/pico_int64_ops/pico_int64_ops_aeabi.S.o
LOAD CMakeFiles/hello_world.dir/home/junnaaa/pico-sdk/src/rp2_common/pico_float/float_aeabi_rp2040.S.o
LOAD CMakeFiles/hello_world.dir/home/junnaaa/pico-sdk/src/rp2_common/pico_float/float_init_rom_rp2040.c.o
LOAD CMakeFiles/hello_world.dir/home/junnaaa/pico-sdk/src/rp2_common/pico_float/float_math.c.o
LOAD CMakeFiles/hello_world.dir/home/junnaaa/pico-sdk/src/rp2_common/pico_float/float_v1_rom_shim_rp2040.S.o
LOAD CMakeFiles/hello_world.dir/home/junnaaa/pico-sdk/src/rp2_common/pico_malloc/malloc.c.o
LOAD CMakeFiles/hello_world.dir/home/junnaaa/pico-sdk/src/rp2_common/pico_mem_ops/mem_ops_aeabi.S.o
LOAD CMakeFiles/hello_world.dir/home/junnaaa/pico-sdk/src/rp2_common/pico_atomic/atomic.c.o
LOAD CMakeFiles/hello_world.dir/home/junnaaa/pico-sdk/src/rp2_common/pico_cxx_options/new_delete.cpp.o
LOAD CMakeFiles/hello_world.dir/home/junnaaa/pico-sdk/src/rp2_common/pico_standard_binary_info/standard_binary_info.c.o
LOAD CMakeFiles/hello_world.dir/home/junnaaa/pico-sdk/src/rp2_common/pico_printf/printf.c.o
LOAD CMakeFiles/hello_world.dir/home/junnaaa/pico-sdk/src/rp2_common/pico_crt0/crt0.S.o
LOAD CMakeFiles/hello_world.dir/home/junnaaa/pico-sdk/src/rp2_common/pico_clib_interface/newlib_interface.c.o
LOAD CMakeFiles/hello_world.dir/home/junnaaa/pico-sdk/src/rp2_common/pico_stdio/stdio.c.o
LOAD CMakeFiles/hello_world.dir/home/junnaaa/pico-sdk/src/rp2_common/pico_stdio_uart/stdio_uart.c.o
LOAD pico-sdk/src/rp2040/boot_stage2/CMakeFiles/bs2_default_library.dir/bs2_default_padded_checksummed.S.o
LOAD /home/junnaaa/gcc-arm-none-eabi-10.3-2021.10/bin/../lib/gcc/arm-none-eabi/10.3.1/../../../../arm-none-eabi/lib/thumb/v6-m/nofp/libstdc++.a
LOAD /home/junnaaa/gcc-arm-none-eabi-10.3-2021.10/bin/../lib/gcc/arm-none-eabi/10.3.1/../../../../arm-none-eabi/lib/thumb/v6-m/nofp/libm.a
START GROUP
LOAD /home/junnaaa/gcc-arm-none-eabi-10.3-2021.10/bin/../lib/gcc/arm-none-eabi/10.3.1/thumb/v6-m/nofp/libgcc.a
LOAD /home/junnaaa/gcc-arm-none-eabi-10.3-2021.10/bin/../lib/gcc/arm-none-eabi/10.3.1/../../../../arm-none-eabi/lib/thumb/v6-m/nofp/libg.a
LOAD /home/junnaaa/gcc-arm-none-eabi-10.3-2021.10/bin/../lib/gcc/arm-none-eabi/10.3.1/../../../../arm-none-eabi/lib/thumb/v6-m/nofp/libc.a
END GROUP
START GROUP
LOAD /home/junnaaa/gcc-arm-none-eabi-10.3-2021.10/bin/../lib/gcc/arm-none-eabi/10.3.1/thumb/v6-m/nofp/libgcc.a
LOAD /home/junnaaa/gcc-arm-none-eabi-10.3-2021.10/bin/../lib/gcc/arm-none-eabi/10.3.1/../../../../arm-none-eabi/lib/thumb/v6-m/nofp/libc.a
LOAD /home/junnaaa/gcc-arm-none-eabi-10.3-2021.10/bin/../lib/gcc/arm-none-eabi/10.3.1/../../../../arm-none-eabi/lib/thumb/v6-m/nofp/libnosys.a
END GROUP
LOAD /home/junnaaa/gcc-arm-none-eabi-10.3-2021.10/bin/../lib/gcc/arm-none-eabi/10.3.1/thumb/v6-m/nofp/crtend.o
LOAD /home/junnaaa/gcc-arm-none-eabi-10.3-2021.10/bin/../lib/gcc/arm-none-eabi/10.3.1/thumb/v6-m/nofp/crtn.o
OUTPUT(hello_world.elf elf32-littlearm)
LOAD linker stubs

.ARM.attributes
                0x0000000000000000       0x28
 .ARM.attributes
                0x0000000000000000       0x1e /home/junnaaa/gcc-arm-none-eabi-10.3-2021.10/bin/../lib/gcc/arm-none-eabi/10.3.1/thumb/v6-m/nofp/crti.o
 .ARM.attributes
                0x000000000000001e       0x2c /home/junnaaa/gcc-arm-none-eabi-10.3-2021.10/bin/../lib/gcc/arm-none-eabi/10.3.1/thumb/v6-m/nofp/crtbegin.o
 .ARM.attributes
                0x000000000000004a       0x2c CMakeFiles/hello_world.dir/hello_world.c.o
 .ARM.attributes
                0x0000000000000076       0x2c CMakeFiles/hello_world.dir/home/junnaaa/pico-sdk/src/rp2_common/hardware_gpio/gpio.c.o
 .ARM.attributes
                0x00000000000000a2       0x2c CMakeFiles/hello_world.dir/home/junnaaa/pico-sdk/src/rp2_common/pico_platform_panic/panic.c.o
 .ARM.attributes
                0x00000000000000ce       0x2c CMakeFiles/hello_world.dir/home/junnaaa/pico-sdk/src/common/hardware_claim/claim.c.o
 .ARM.attributes
                0x00000000000000fa       0x2c CMakeFiles/hello_world.dir/home/junnaaa/pico-sdk/src/rp2_common/hardware_sync/sync.c.o
 .ARM.attributes
                0x0000000000000126       0x2c CMakeFiles/hello_world.dir/home/junnaaa/pico-sdk/src/rp2_common/hardware_sync_spin_lock/sync_spin_lock.c.o
 .ARM.attributes
                0x0000000000000152       0x2c CMakeFiles/hello_world.dir/home/junnaaa/pico-sdk/src/rp2_common/hardware_irq/irq.c.o
 .ARM.attributes
                0x000000000000017e       0x22 CMakeFiles/hello_world.dir/home/junnaaa/pico-sdk/src/rp2_common/hardware_irq/irq_handler_chain.S.o
 .ARM.attributes
                0x00000000000001a0       0x2c CMakeFiles/hello_world.dir/home/junnaaa/pico-sdk/src/common/pico_sync/lock_core.c.o
 .ARM.attributes
                0x00000000000001cc       0x2c CMakeFiles/hello_world.dir/home/junnaaa/pico-sdk/src/common/pico_sync/mutex.c.o
 .ARM.attributes
                0x00000000000001f8       0x2c CMakeFiles/hello_world.dir/home/junnaaa/pico-sdk/src/common/pico_time/time.c.o
 .ARM.attributes
                0x0000000000000224       0x2c CMakeFiles/hello_world.dir/home/junnaaa/pico-sdk/src/rp2_common/hardware_timer/timer.c.o
 .ARM.attributes
                0x0000000000000250       0x2c CMakeFiles/hello_world.dir/home/junnaaa/pico-sdk/src/rp2_common/hardware_uart/uart.c.o
 .ARM.attributes
                0x000000000000027c       0x2c CMakeFiles/hello_world.dir/home/junnaaa/pico-sdk/src/rp2_common/hardware_clocks/clocks.c.o
 .ARM.attributes
                0x00000000000002a8       0x2c CMakeFiles/hello_world.dir/home/junnaaa/pico-sdk/src/rp2_common/hardware_pll/pll.c.o
 .ARM.attributes
                0x00000000000002d4       0x2c CMakeFiles/hello_world.dir/home/junnaaa/pico-sdk/src/rp2_common/hardware_ticks/ticks.c.o
 .ARM.attributes
                0x0000000000000300       0x2c CMakeFiles/hello_world.dir/home/junnaaa/pico-sdk/src/rp2_common/pico_bootrom/bootrom.c.o
 .ARM.attributes
                0x000000000000032c       0x2c CMakeFiles/hello_world.dir/home/junnaaa/pico-sdk/src/rp2_common/hardware_xosc/xosc.c.o
 .ARM.attributes
                0x0000000000000358       0x2c CMakeFiles/hello_world.dir/home/junnaaa/pico-sdk/src/rp2_common/pico_runtime/runtime.c.o
 .ARM.attributes
                0x0000000000000384       0x2c CMakeFiles/hello_world.dir/home/junnaaa/pico-sdk/src/rp2_common/pico_runtime_init/runtime_init.c.o
 .ARM.attributes
                0x00000000000003b0       0x2c CMakeFiles/hello_world.dir/home/junnaaa/pico-sdk/src/rp2_common/pico_runtime_init/runtime_init_clocks.c.o
 .ARM.attributes
                0x00000000000003dc       0x22 CMakeFiles/hello_world.dir/home/junnaaa/pico-sdk/src/rp2_common/pico_bit_ops/bit_ops_aeabi.S.o
 .ARM.attributes
                0x00000000000003fe       0x22 CMakeFiles/hello_world.dir/home/junnaaa/pico-sdk/src/rp2_common/pico_divider/divider_hardware.S.o
 .ARM.attributes
                0x0000000000000420       0x22 CMakeFiles/hello_world.dir/home/junnaaa/pico-sdk/src/rp2_common/pico_double/double_aeabi_rp2040.S.o
 .ARM.attributes
                0x0000000000000442       0x2c CMakeFiles/hello_world.dir/home/junnaaa/pico-sdk/src/rp2_common/pico_double/double_init_rom_rp2040.c.o
 .ARM.attributes
                0x000000000000046e       0x22 CMakeFiles/hello_world.dir/home/junnaaa/pico-sdk/src/rp2_common/pico_double/double_v1_rom_shim_rp2040.S.o
 .ARM.attributes
                0x0000000000000490       0x22 CMakeFiles/hello_world.dir/home/junnaaa/pico-sdk/src/rp2_common/pico_float/float_aeabi_rp2040.S.o
 .ARM.attributes
                0x00000000000004b2       0x2c CMakeFiles/hello_world.dir/home/junnaaa/pico-sdk/src/rp2_common/pico_float/float_init_rom_rp2040.c.o
 .ARM.attributes
                0x00000000000004de       0x22 CMakeFiles/hello_world.dir/home/junnaaa/pico-sdk/src/rp2_common/pico_float/float_v1_rom_shim_rp2040.S.o
 .ARM.attributes
                0x0000000000000500       0x22 CMakeFiles/hello_world.dir/home/junnaaa/pico-sdk/src/rp2_common/pico_mem_ops/mem_ops_aeabi.S.o
 .ARM.attributes
                0x0000000000000522       0x2c CMakeFiles/hello_world.dir/home/junnaaa/pico-sdk/src/rp2_common/pico_standard_binary_info/standard_binary_info.c.o
 .ARM.attributes
                0x000000000000054e       0x2c CMakeFiles/hello_world.dir/home/junnaaa/pico-sdk/src/rp2_common/pico_printf/printf.c.o
 .ARM.attributes
                0x000000000000057a       0x22 CMakeFiles/hello_world.dir/home/junnaaa/pico-sdk/src/rp2_common/pico_crt0/crt0.S.o
 .ARM.attributes
                0x000000000000059c       0x2c CMakeFiles/hello_world.dir/home/junnaaa/pico-sdk/src/rp2_common/pico_clib_interface/newlib_interface.c.o
 .ARM.attributes
                0x00000000000005c8       0x2c CMakeFiles/hello_world.dir/home/junnaaa/pico-sdk/src/rp2_common/pico_stdio/stdio.c.o
 .ARM.attributes
                0x00000000000005f4       0x2c CMakeFiles/hello_world.dir/home/junnaaa/pico-sdk/src/rp2_common/pico_stdio_uart/stdio_uart.c.o
 .ARM.attributes
                0x0000000000000620       0x22 pico-sdk/src/rp2040/boot_stage2/CMakeFiles/bs2_default_library.dir/bs2_default_padded_checksummed.S.o
 .ARM.attributes
                0x0000000000000642       0x1e /home/junnaaa/gcc-arm-none-eabi-10.3-2021.10/bin/../lib/gcc/arm-none-eabi/10.3.1/thumb/v6-m/nofp/libgcc.a(_dvmd_tls.o)
 .ARM.attributes
                0x0000000000000660       0x2c /home/junnaaa/gcc-arm-none-eabi-10.3-2021.10/bin/../lib/gcc/arm-none-eabi/10.3.1/../../../../arm-none-eabi/lib/thumb/v6-m/nofp/libg.a(lib_a-strlen-stub.o)

.comment        0x0000000000000000       0x49
 .comment       0x0000000000000000       0x49 CMakeFiles/hello_world.dir/hello_world.c.o
                                         0x4a (size before relaxing)
 .comment       0x0000000000000049       0x4a CMakeFiles/hello_world.dir/home/junnaaa/pico-sdk/src/rp2_common/hardware_gpio/gpio.c.o
 .comment       0x0000000000000049       0x4a CMakeFiles/hello_world.dir/home/junnaaa/pico-sdk/src/rp2_common/pico_platform_panic/panic.c.o
 .comment       0x0000000000000049       0x4a CMakeFiles/hello_world.dir/home/junnaaa/pico-sdk/src/common/hardware_claim/claim.c.o
 .comment       0x0000000000000049       0x4a CMakeFiles/hello_world.dir/home/junnaaa/pico-sdk/src/rp2_common/hardware_sync/sync.c.o
 .comment       0x0000000000000049       0x4a CMakeFiles/hello_world.dir/home/junnaaa/pico-sdk/src/rp2_common/hardware_sync_spin_lock/sync_spin_lock.c.o
 .comment       0x0000000000000049       0x4a CMakeFiles/hello_world.dir/home/junnaaa/pico-sdk/src/rp2_common/hardware_irq/irq.c.o
 .comment       0x0000000000000049       0x4a CMakeFiles/hello_world.dir/home/junnaaa/pico-sdk/src/common/pico_sync/lock_core.c.o
 .comment       0x0000000000000049       0x4a CMakeFiles/hello_world.dir/home/junnaaa/pico-sdk/src/common/pico_sync/mutex.c.o
 .comment       0x0000000000000049       0x4a CMakeFiles/hello_world.dir/home/junnaaa/pico-sdk/src/common/pico_time/time.c.o
 .comment       0x0000000000000049       0x4a CMakeFiles/hello_world.dir/home/junnaaa/pico-sdk/src/rp2_common/hardware_timer/timer.c.o
 .comment       0x0000000000000049       0x4a CMakeFiles/hello_world.dir/home/junnaaa/pico-sdk/src/rp2_common/hardware_uart/uart.c.o
 .comment       0x0000000000000049       0x4a CMakeFiles/hello_world.dir/home/junnaaa/pico-sdk/src/rp2_common/hardware_clocks/clocks.c.o
 .comment       0x0000000000000049       0x4a CMakeFiles/hello_world.dir/home/junnaaa/pico-sdk/src/rp2_common/hardware_pll/pll.c.o
 .comment       0x0000000000000049       0x4a CMakeFiles/hello_world.dir/home/junnaaa/pico-sdk/src/rp2_common/hardware_ticks/ticks.c.o
 .comment       0x0000000000000049       0x4a CMakeFiles/hello_world.dir/home/junnaaa/pico-sdk/src/rp2_common/pico_bootrom/bootrom.c.o
 .comment       0x0000000000000049       0x4a CMakeFiles/hello_world.dir/home/junnaaa/pico-sdk/src/rp2_common/hardware_xosc/xosc.c.o
 .comment       0x0000000000000049       0x4a CMakeFiles/hello_world.dir/home/junnaaa/pico-sdk/src/rp2_common/pico_runtime/runtime.c.o
 .comment       0x0000000000000049       0x4a CMakeFiles/hello_world.dir/home/junnaaa/pico-sdk/src/rp2_common/pico_runtime_init/runtime_init.c.o
 .comment       0x0000000000000049       0x4a CMakeFiles/hello_world.dir/home/junnaaa/pico-sdk/src/rp2_common/pico_runtime_init/runtime_init_clocks.c.o
 .comment       0x0000000000000049       0x4a CMakeFiles/hello_world.dir/home/junnaaa/pico-sdk/src/rp2_common/pico_double/double_init_rom_rp2040.c.o
 .comment       0x0000000000000049       0x4a CMakeFiles/hello_world.dir/home/junnaaa/pico-sdk/src/rp2_common/pico_float/float_init_rom_rp2040.c.o
 .comment       0x0000000000000049       0x4a CMakeFiles/hello_world.dir/home/junnaaa/pico-sdk/src/rp2_common/pico_standard_binary_info/standard_binary_info.c.o
 .comment       0x0000000000000049       0x4a CMakeFiles/hello_world.dir/home/junnaaa/pico-sdk/src/rp2_common/pico_printf/printf.c.o
 .comment       0x0000000000000049       0x4a CMakeFiles/hello_world.dir/home/junnaaa/pico-sdk/src/rp2_common/pico_clib_interface/newlib_interface.c.o
 .comment       0x0000000000000049       0x4a CMakeFiles/hello_world.dir/home/junnaaa/pico-sdk/src/rp2_common/pico_stdio/stdio.c.o
 .comment       0x0000000000000049       0x4a CMakeFiles/hello_world.dir/home/junnaaa/pico-sdk/src/rp2_common/pico_stdio_uart/stdio_uart.c.o

.debug_info     0x0000000000000000    0x1c5f5
 .debug_info    0x0000000000000000       0xcf CMakeFiles/hello_world.dir/hello_world.c.o
 .debug_info    0x00000000000000cf     0x2503 CMakeFiles/hello_world.dir/home/junnaaa/pico-sdk/src/rp2_common/hardware_gpio/gpio.c.o
 .debug_info    0x00000000000025d2      0x19c CMakeFiles/hello_world.dir/home/junnaaa/pico-sdk/src/rp2_common/pico_platform_panic/panic.c.o
 .debug_info    0x000000000000276e      0xa53 CMakeFiles/hello_world.dir/home/junnaaa/pico-sdk/src/common/hardware_claim/claim.c.o
 .debug_info    0x00000000000031c1      0x3f5 CMakeFiles/hello_world.dir/home/junnaaa/pico-sdk/src/rp2_common/hardware_sync/sync.c.o
 .debug_info    0x00000000000035b6      0x24e CMakeFiles/hello_world.dir/home/junnaaa/pico-sdk/src/rp2_common/hardware_sync_spin_lock/sync_spin_lock.c.o
 .debug_info    0x0000000000003804     0x22af CMakeFiles/hello_world.dir/home/junnaaa/pico-sdk/src/rp2_common/hardware_irq/irq.c.o
 .debug_info    0x0000000000005ab3      0x160 CMakeFiles/hello_world.dir/home/junnaaa/pico-sdk/src/common/pico_sync/lock_core.c.o
 .debug_info    0x0000000000005c13     0x2ae1 CMakeFiles/hello_world.dir/home/junnaaa/pico-sdk/src/common/pico_sync/mutex.c.o
 .debug_info    0x00000000000086f4     0x49e9 CMakeFiles/hello_world.dir/home/junnaaa/pico-sdk/src/common/pico_time/time.c.o
 .debug_info    0x000000000000d0dd     0x2b00 CMakeFiles/hello_world.dir/home/junnaaa/pico-sdk/src/rp2_common/hardware_timer/timer.c.o
 .debug_info    0x000000000000fbdd     0x19dd CMakeFiles/hello_world.dir/home/junnaaa/pico-sdk/src/rp2_common/hardware_uart/uart.c.o
 .debug_info    0x00000000000115ba     0x2952 CMakeFiles/hello_world.dir/home/junnaaa/pico-sdk/src/rp2_common/hardware_clocks/clocks.c.o
 .debug_info    0x0000000000013f0c      0x511 CMakeFiles/hello_world.dir/home/junnaaa/pico-sdk/src/rp2_common/hardware_pll/pll.c.o
 .debug_info    0x000000000001441d      0x25a CMakeFiles/hello_world.dir/home/junnaaa/pico-sdk/src/rp2_common/hardware_ticks/ticks.c.o
 .debug_info    0x0000000000014677      0x516 CMakeFiles/hello_world.dir/home/junnaaa/pico-sdk/src/rp2_common/pico_bootrom/bootrom.c.o
 .debug_info    0x0000000000014b8d      0x1e1 CMakeFiles/hello_world.dir/home/junnaaa/pico-sdk/src/rp2_common/hardware_xosc/xosc.c.o
 .debug_info    0x0000000000014d6e      0x214 CMakeFiles/hello_world.dir/home/junnaaa/pico-sdk/src/rp2_common/pico_runtime/runtime.c.o
 .debug_info    0x0000000000014f82      0x7dc CMakeFiles/hello_world.dir/home/junnaaa/pico-sdk/src/rp2_common/pico_runtime_init/runtime_init.c.o
 .debug_info    0x000000000001575e      0x719 CMakeFiles/hello_world.dir/home/junnaaa/pico-sdk/src/rp2_common/pico_runtime_init/runtime_init_clocks.c.o
 .debug_info    0x0000000000015e77       0x22 CMakeFiles/hello_world.dir/home/junnaaa/pico-sdk/src/rp2_common/pico_bit_ops/bit_ops_aeabi.S.o
 .debug_info    0x0000000000015e99       0x22 CMakeFiles/hello_world.dir/home/junnaaa/pico-sdk/src/rp2_common/pico_divider/divider_hardware.S.o
 .debug_info    0x0000000000015ebb       0x22 CMakeFiles/hello_world.dir/home/junnaaa/pico-sdk/src/rp2_common/pico_double/double_aeabi_rp2040.S.o
 .debug_info    0x0000000000015edd      0x23c CMakeFiles/hello_world.dir/home/junnaaa/pico-sdk/src/rp2_common/pico_double/double_init_rom_rp2040.c.o
 .debug_info    0x0000000000016119       0x22 CMakeFiles/hello_world.dir/home/junnaaa/pico-sdk/src/rp2_common/pico_double/double_v1_rom_shim_rp2040.S.o
 .debug_info    0x000000000001613b       0x22 CMakeFiles/hello_world.dir/home/junnaaa/pico-sdk/src/rp2_common/pico_float/float_aeabi_rp2040.S.o
 .debug_info    0x000000000001615d      0x246 CMakeFiles/hello_world.dir/home/junnaaa/pico-sdk/src/rp2_common/pico_float/float_init_rom_rp2040.c.o
 .debug_info    0x00000000000163a3       0x22 CMakeFiles/hello_world.dir/home/junnaaa/pico-sdk/src/rp2_common/pico_float/float_v1_rom_shim_rp2040.S.o
 .debug_info    0x00000000000163c5       0x22 CMakeFiles/hello_world.dir/home/junnaaa/pico-sdk/src/rp2_common/pico_mem_ops/mem_ops_aeabi.S.o
 .debug_info    0x00000000000163e7      0x2fb CMakeFiles/hello_world.dir/home/junnaaa/pico-sdk/src/rp2_common/pico_standard_binary_info/standard_binary_info.c.o
 .debug_info    0x00000000000166e2     0x21c9 CMakeFiles/hello_world.dir/home/junnaaa/pico-sdk/src/rp2_common/pico_printf/printf.c.o
 .debug_info    0x00000000000188ab       0x22 CMakeFiles/hello_world.dir/home/junnaaa/pico-sdk/src/rp2_common/pico_crt0/crt0.S.o
 .debug_info    0x00000000000188cd      0xb4e CMakeFiles/hello_world.dir/home/junnaaa/pico-sdk/src/rp2_common/pico_clib_interface/newlib_interface.c.o
 .debug_info    0x000000000001941b     0x1ccb CMakeFiles/hello_world.dir/home/junnaaa/pico-sdk/src/rp2_common/pico_stdio/stdio.c.o
 .debug_info    0x000000000001b0e6     0x150f CMakeFiles/hello_world.dir/home/junnaaa/pico-sdk/src/rp2_common/pico_stdio_uart/stdio_uart.c.o

.debug_abbrev   0x0000000000000000     0x4afb
 .debug_abbrev  0x0000000000000000       0x8c CMakeFiles/hello_world.dir/hello_world.c.o
 .debug_abbrev  0x000000000000008c      0x4b6 CMakeFiles/hello_world.dir/home/junnaaa/pico-sdk/src/rp2_common/hardware_gpio/gpio.c.o
 .debug_abbrev  0x0000000000000542       0xf4 CMakeFiles/hello_world.dir/home/junnaaa/pico-sdk/src/rp2_common/pico_platform_panic/panic.c.o
 .debug_abbrev  0x0000000000000636      0x2d3 CMakeFiles/hello_world.dir/home/junnaaa/pico-sdk/src/common/hardware_claim/claim.c.o
 .debug_abbrev  0x0000000000000909      0x1de CMakeFiles/hello_world.dir/home/junnaaa/pico-sdk/src/rp2_common/hardware_sync/sync.c.o
 .debug_abbrev  0x0000000000000ae7      0x1b2 CMakeFiles/hello_world.dir/home/junnaaa/pico-sdk/src/rp2_common/hardware_sync_spin_lock/sync_spin_lock.c.o
 .debug_abbrev  0x0000000000000c99      0x588 CMakeFiles/hello_world.dir/home/junnaaa/pico-sdk/src/rp2_common/hardware_irq/irq.c.o
 .debug_abbrev  0x0000000000001221       0xee CMakeFiles/hello_world.dir/home/junnaaa/pico-sdk/src/common/pico_sync/lock_core.c.o
 .debug_abbrev  0x000000000000130f      0x413 CMakeFiles/hello_world.dir/home/junnaaa/pico-sdk/src/common/pico_sync/mutex.c.o
 .debug_abbrev  0x0000000000001722      0x606 CMakeFiles/hello_world.dir/home/junnaaa/pico-sdk/src/common/pico_time/time.c.o
 .debug_abbrev  0x0000000000001d28      0x49d CMakeFiles/hello_world.dir/home/junnaaa/pico-sdk/src/rp2_common/hardware_timer/timer.c.o
 .debug_abbrev  0x00000000000021c5      0x315 CMakeFiles/hello_world.dir/home/junnaaa/pico-sdk/src/rp2_common/hardware_uart/uart.c.o
 .debug_abbrev  0x00000000000024da      0x49f CMakeFiles/hello_world.dir/home/junnaaa/pico-sdk/src/rp2_common/hardware_clocks/clocks.c.o
 .debug_abbrev  0x0000000000002979      0x1c6 CMakeFiles/hello_world.dir/home/junnaaa/pico-sdk/src/rp2_common/hardware_pll/pll.c.o
 .debug_abbrev  0x0000000000002b3f      0x141 CMakeFiles/hello_world.dir/home/junnaaa/pico-sdk/src/rp2_common/hardware_ticks/ticks.c.o
 .debug_abbrev  0x0000000000002c80      0x1ba CMakeFiles/hello_world.dir/home/junnaaa/pico-sdk/src/rp2_common/pico_bootrom/bootrom.c.o
 .debug_abbrev  0x0000000000002e3a      0x11a CMakeFiles/hello_world.dir/home/junnaaa/pico-sdk/src/rp2_common/hardware_xosc/xosc.c.o
 .debug_abbrev  0x0000000000002f54      0x16c CMakeFiles/hello_world.dir/home/junnaaa/pico-sdk/src/rp2_common/pico_runtime/runtime.c.o
 .debug_abbrev  0x00000000000030c0      0x20c CMakeFiles/hello_world.dir/home/junnaaa/pico-sdk/src/rp2_common/pico_runtime_init/runtime_init.c.o
 .debug_abbrev  0x00000000000032cc      0x246 CMakeFiles/hello_world.dir/home/junnaaa/pico-sdk/src/rp2_common/pico_runtime_init/runtime_init_clocks.c.o
 .debug_abbrev  0x0000000000003512       0x12 CMakeFiles/hello_world.dir/home/junnaaa/pico-sdk/src/rp2_common/pico_bit_ops/bit_ops_aeabi.S.o
 .debug_abbrev  0x0000000000003524       0x12 CMakeFiles/hello_world.dir/home/junnaaa/pico-sdk/src/rp2_common/pico_divider/divider_hardware.S.o
 .debug_abbrev  0x0000000000003536       0x12 CMakeFiles/hello_world.dir/home/junnaaa/pico-sdk/src/rp2_common/pico_double/double_aeabi_rp2040.S.o
 .debug_abbrev  0x0000000000003548      0x15c CMakeFiles/hello_world.dir/home/junnaaa/pico-sdk/src/rp2_common/pico_double/double_init_rom_rp2040.c.o
 .debug_abbrev  0x00000000000036a4       0x12 CMakeFiles/hello_world.dir/home/junnaaa/pico-sdk/src/rp2_common/pico_double/double_v1_rom_shim_rp2040.S.o
 .debug_abbrev  0x00000000000036b6       0x12 CMakeFiles/hello_world.dir/home/junnaaa/pico-sdk/src/rp2_common/pico_float/float_aeabi_rp2040.S.o
 .debug_abbrev  0x00000000000036c8      0x15c CMakeFiles/hello_world.dir/home/junnaaa/pico-sdk/src/rp2_common/pico_float/float_init_rom_rp2040.c.o
 .debug_abbrev  0x0000000000003824       0x12 CMakeFiles/hello_world.dir/home/junnaaa/pico-sdk/src/rp2_common/pico_float/float_v1_rom_shim_rp2040.S.o
 .debug_abbrev  0x0000000000003836       0x12 CMakeFiles/hello_world.dir/home/junnaaa/pico-sdk/src/rp2_common/pico_mem_ops/mem_ops_aeabi.S.o
 .debug_abbrev  0x0000000000003848       0xad CMakeFiles/hello_world.dir/home/junnaaa/pico-sdk/src/rp2_common/pico_standard_binary_info/standard_binary_info.c.o
 .debug_abbrev  0x00000000000038f5      0x517 CMakeFiles/hello_world.dir/home/junnaaa/pico-sdk/src/rp2_common/pico_printf/printf.c.o
 .debug_abbrev  0x0000000000003e0c       0x12 CMakeFiles/hello_world.dir/home/junnaaa/pico-sdk/src/rp2_common/pico_crt0/crt0.S.o
 .debug_abbrev  0x0000000000003e1e      0x315 CMakeFiles/hello_world.dir/home/junnaaa/pico-sdk/src/rp2_common/pico_clib_interface/newlib_interface.c.o
 .debug_abbrev  0x0000000000004133      0x58d CMakeFiles/hello_world.dir/home/junnaaa/pico-sdk/src/rp2_common/pico_stdio/stdio.c.o
 .debug_abbrev  0x00000000000046c0      0x43b CMakeFiles/hello_world.dir/home/junnaaa/pico-sdk/src/rp2_common/pico_stdio_uart/stdio_uart.c.o

.debug_aranges  0x0000000000000000      0xf10
 .debug_aranges
                0x0000000000000000       0x20 CMakeFiles/hello_world.dir/hello_world.c.o
 .debug_aranges
                0x0000000000000020      0x120 CMakeFiles/hello_world.dir/home/junnaaa/pico-sdk/src/rp2_common/hardware_gpio/gpio.c.o
 .debug_aranges
                0x0000000000000140       0x28 CMakeFiles/hello_world.dir/home/junnaaa/pico-sdk/src/rp2_common/pico_platform_panic/panic.c.o
 .debug_aranges
                0x0000000000000168       0x48 CMakeFiles/hello_world.dir/home/junnaaa/pico-sdk/src/common/hardware_claim/claim.c.o
 .debug_aranges
                0x00000000000001b0       0x48 CMakeFiles/hello_world.dir/home/junnaaa/pico-sdk/src/rp2_common/hardware_sync/sync.c.o
 .debug_aranges
                0x00000000000001f8       0x28 CMakeFiles/hello_world.dir/home/junnaaa/pico-sdk/src/rp2_common/hardware_sync_spin_lock/sync_spin_lock.c.o
 .debug_aranges
                0x0000000000000220       0xb8 CMakeFiles/hello_world.dir/home/junnaaa/pico-sdk/src/rp2_common/hardware_irq/irq.c.o
 .debug_aranges
                0x00000000000002d8       0x20 CMakeFiles/hello_world.dir/home/junnaaa/pico-sdk/src/common/pico_sync/lock_core.c.o
 .debug_aranges
                0x00000000000002f8       0x98 CMakeFiles/hello_world.dir/home/junnaaa/pico-sdk/src/common/pico_sync/mutex.c.o
 .debug_aranges
                0x0000000000000390       0xe0 CMakeFiles/hello_world.dir/home/junnaaa/pico-sdk/src/common/pico_time/time.c.o
 .debug_aranges
                0x0000000000000470       0xf0 CMakeFiles/hello_world.dir/home/junnaaa/pico-sdk/src/rp2_common/hardware_timer/timer.c.o
 .debug_aranges
                0x0000000000000560       0x58 CMakeFiles/hello_world.dir/home/junnaaa/pico-sdk/src/rp2_common/hardware_uart/uart.c.o
 .debug_aranges
                0x00000000000005b8       0x90 CMakeFiles/hello_world.dir/home/junnaaa/pico-sdk/src/rp2_common/hardware_clocks/clocks.c.o
 .debug_aranges
                0x0000000000000648       0x28 CMakeFiles/hello_world.dir/home/junnaaa/pico-sdk/src/rp2_common/hardware_pll/pll.c.o
 .debug_aranges
                0x0000000000000670       0x30 CMakeFiles/hello_world.dir/home/junnaaa/pico-sdk/src/rp2_common/hardware_ticks/ticks.c.o
 .debug_aranges
                0x00000000000006a0       0x40 CMakeFiles/hello_world.dir/home/junnaaa/pico-sdk/src/rp2_common/pico_bootrom/bootrom.c.o
 .debug_aranges
                0x00000000000006e0       0x30 CMakeFiles/hello_world.dir/home/junnaaa/pico-sdk/src/rp2_common/hardware_xosc/xosc.c.o
 .debug_aranges
                0x0000000000000710       0x38 CMakeFiles/hello_world.dir/home/junnaaa/pico-sdk/src/rp2_common/pico_runtime/runtime.c.o
 .debug_aranges
                0x0000000000000748       0x48 CMakeFiles/hello_world.dir/home/junnaaa/pico-sdk/src/rp2_common/pico_runtime_init/runtime_init.c.o
 .debug_aranges
                0x0000000000000790       0x20 CMakeFiles/hello_world.dir/home/junnaaa/pico-sdk/src/rp2_common/pico_runtime_init/runtime_init_clocks.c.o
 .debug_aranges
                0x00000000000007b0       0x60 CMakeFiles/hello_world.dir/home/junnaaa/pico-sdk/src/rp2_common/pico_bit_ops/bit_ops_aeabi.S.o
 .debug_aranges
                0x0000000000000810       0x40 CMakeFiles/hello_world.dir/home/junnaaa/pico-sdk/src/rp2_common/pico_divider/divider_hardware.S.o
 .debug_aranges
                0x0000000000000850      0x150 CMakeFiles/hello_world.dir/home/junnaaa/pico-sdk/src/rp2_common/pico_double/double_aeabi_rp2040.S.o
 .debug_aranges
                0x00000000000009a0       0x20 CMakeFiles/hello_world.dir/home/junnaaa/pico-sdk/src/rp2_common/pico_double/double_init_rom_rp2040.c.o
 .debug_aranges
                0x00000000000009c0       0xc8 CMakeFiles/hello_world.dir/home/junnaaa/pico-sdk/src/rp2_common/pico_double/double_v1_rom_shim_rp2040.S.o
 .debug_aranges
                0x0000000000000a88      0x138 CMakeFiles/hello_world.dir/home/junnaaa/pico-sdk/src/rp2_common/pico_float/float_aeabi_rp2040.S.o
 .debug_aranges
                0x0000000000000bc0       0x20 CMakeFiles/hello_world.dir/home/junnaaa/pico-sdk/src/rp2_common/pico_float/float_init_rom_rp2040.c.o
 .debug_aranges
                0x0000000000000be0       0x50 CMakeFiles/hello_world.dir/home/junnaaa/pico-sdk/src/rp2_common/pico_float/float_v1_rom_shim_rp2040.S.o
 .debug_aranges
                0x0000000000000c30       0x38 CMakeFiles/hello_world.dir/home/junnaaa/pico-sdk/src/rp2_common/pico_mem_ops/mem_ops_aeabi.S.o
 .debug_aranges
                0x0000000000000c68       0x18 CMakeFiles/hello_world.dir/home/junnaaa/pico-sdk/src/rp2_common/pico_standard_binary_info/standard_binary_info.c.o
 .debug_aranges
                0x0000000000000c80       0x90 CMakeFiles/hello_world.dir/home/junnaaa/pico-sdk/src/rp2_common/pico_printf/printf.c.o
 .debug_aranges
                0x0000000000000d10       0x28 CMakeFiles/hello_world.dir/home/junnaaa/pico-sdk/src/rp2_common/pico_crt0/crt0.S.o
 .debug_aranges
                0x0000000000000d38       0xa0 CMakeFiles/hello_world.dir/home/junnaaa/pico-sdk/src/rp2_common/pico_clib_interface/newlib_interface.c.o
 .debug_aranges
                0x0000000000000dd8       0xc8 CMakeFiles/hello_world.dir/home/junnaaa/pico-sdk/src/rp2_common/pico_stdio/stdio.c.o
 .debug_aranges
                0x0000000000000ea0       0x70 CMakeFiles/hello_world.dir/home/junnaaa/pico-sdk/src/rp2_common/pico_stdio_uart/stdio_uart.c.o

.debug_ranges   0x0000000000000000     0x90a8
 .debug_ranges  0x0000000000000000       0x10 CMakeFiles/hello_world.dir/hello_world.c.o
 .debug_ranges  0x0000000000000010      0xd28 CMakeFiles/hello_world.dir/home/junnaaa/pico-sdk/src/rp2_common/hardware_gpio/gpio.c.o
 .debug_ranges  0x0000000000000d38       0x18 CMakeFiles/hello_world.dir/home/junnaaa/pico-sdk/src/rp2_common/pico_platform_panic/panic.c.o
 .debug_ranges  0x0000000000000d50      0x440 CMakeFiles/hello_world.dir/home/junnaaa/pico-sdk/src/common/hardware_claim/claim.c.o
 .debug_ranges  0x0000000000001190       0xd8 CMakeFiles/hello_world.dir/home/junnaaa/pico-sdk/src/rp2_common/hardware_sync/sync.c.o
 .debug_ranges  0x0000000000001268       0xa8 CMakeFiles/hello_world.dir/home/junnaaa/pico-sdk/src/rp2_common/hardware_sync_spin_lock/sync_spin_lock.c.o
 .debug_ranges  0x0000000000001310      0xa80 CMakeFiles/hello_world.dir/home/junnaaa/pico-sdk/src/rp2_common/hardware_irq/irq.c.o
 .debug_ranges  0x0000000000001d90       0x28 CMakeFiles/hello_world.dir/home/junnaaa/pico-sdk/src/common/pico_sync/lock_core.c.o
 .debug_ranges  0x0000000000001db8     0x16b0 CMakeFiles/hello_world.dir/home/junnaaa/pico-sdk/src/common/pico_sync/mutex.c.o
 .debug_ranges  0x0000000000003468     0x1e20 CMakeFiles/hello_world.dir/home/junnaaa/pico-sdk/src/common/pico_time/time.c.o
 .debug_ranges  0x0000000000005288      0xe68 CMakeFiles/hello_world.dir/home/junnaaa/pico-sdk/src/rp2_common/hardware_timer/timer.c.o
 .debug_ranges  0x00000000000060f0      0x820 CMakeFiles/hello_world.dir/home/junnaaa/pico-sdk/src/rp2_common/hardware_uart/uart.c.o
 .debug_ranges  0x0000000000006910      0xbb0 CMakeFiles/hello_world.dir/home/junnaaa/pico-sdk/src/rp2_common/hardware_clocks/clocks.c.o
 .debug_ranges  0x00000000000074c0       0xd8 CMakeFiles/hello_world.dir/home/junnaaa/pico-sdk/src/rp2_common/hardware_pll/pll.c.o
 .debug_ranges  0x0000000000007598       0x38 CMakeFiles/hello_world.dir/home/junnaaa/pico-sdk/src/rp2_common/hardware_ticks/ticks.c.o
 .debug_ranges  0x00000000000075d0      0x138 CMakeFiles/hello_world.dir/home/junnaaa/pico-sdk/src/rp2_common/pico_bootrom/bootrom.c.o
 .debug_ranges  0x0000000000007708       0x20 CMakeFiles/hello_world.dir/home/junnaaa/pico-sdk/src/rp2_common/hardware_xosc/xosc.c.o
 .debug_ranges  0x0000000000007728       0x58 CMakeFiles/hello_world.dir/home/junnaaa/pico-sdk/src/rp2_common/pico_runtime/runtime.c.o
 .debug_ranges  0x0000000000007780       0xb0 CMakeFiles/hello_world.dir/home/junnaaa/pico-sdk/src/rp2_common/pico_runtime_init/runtime_init.c.o
 .debug_ranges  0x0000000000007830       0x28 CMakeFiles/hello_world.dir/home/junnaaa/pico-sdk/src/rp2_common/pico_runtime_init/runtime_init_clocks.c.o
 .debug_ranges  0x0000000000007858       0x58 CMakeFiles/hello_world.dir/home/junnaaa/pico-sdk/src/rp2_common/pico_bit_ops/bit_ops_aeabi.S.o
 .debug_ranges  0x00000000000078b0       0x38 CMakeFiles/hello_world.dir/home/junnaaa/pico-sdk/src/rp2_common/pico_divider/divider_hardware.S.o
 .debug_ranges  0x00000000000078e8      0x148 CMakeFiles/hello_world.dir/home/junnaaa/pico-sdk/src/rp2_common/pico_double/double_aeabi_rp2040.S.o
 .debug_ranges  0x0000000000007a30       0x30 CMakeFiles/hello_world.dir/home/junnaaa/pico-sdk/src/rp2_common/pico_double/double_init_rom_rp2040.c.o
 .debug_ranges  0x0000000000007a60       0xc0 CMakeFiles/hello_world.dir/home/junnaaa/pico-sdk/src/rp2_common/pico_double/double_v1_rom_shim_rp2040.S.o
 .debug_ranges  0x0000000000007b20      0x130 CMakeFiles/hello_world.dir/home/junnaaa/pico-sdk/src/rp2_common/pico_float/float_aeabi_rp2040.S.o
 .debug_ranges  0x0000000000007c50       0x10 CMakeFiles/hello_world.dir/home/junnaaa/pico-sdk/src/rp2_common/pico_float/float_init_rom_rp2040.c.o
 .debug_ranges  0x0000000000007c60       0x48 CMakeFiles/hello_world.dir/home/junnaaa/pico-sdk/src/rp2_common/pico_float/float_v1_rom_shim_rp2040.S.o
 .debug_ranges  0x0000000000007ca8       0x30 CMakeFiles/hello_world.dir/home/junnaaa/pico-sdk/src/rp2_common/pico_mem_ops/mem_ops_aeabi.S.o
 .debug_ranges  0x0000000000007cd8      0x500 CMakeFiles/hello_world.dir/home/junnaaa/pico-sdk/src/rp2_common/pico_printf/printf.c.o
 .debug_ranges  0x00000000000081d8       0x20 CMakeFiles/hello_world.dir/home/junnaaa/pico-sdk/src/rp2_common/pico_crt0/crt0.S.o
 .debug_ranges  0x00000000000081f8      0x120 CMakeFiles/hello_world.dir/home/junnaaa/pico-sdk/src/rp2_common/pico_clib_interface/newlib_interface.c.o
 .debug_ranges  0x0000000000008318      0x8d0 CMakeFiles/hello_world.dir/home/junnaaa/pico-sdk/src/rp2_common/pico_stdio/stdio.c.o
 .debug_ranges  0x0000000000008be8      0x4c0 CMakeFiles/hello_world.dir/home/junnaaa/pico-sdk/src/rp2_common/pico_stdio_uart/stdio_uart.c.o

.debug_line     0x0000000000000000    0x15b0c
 .debug_line    0x0000000000000000       0xcf CMakeFiles/hello_world.dir/hello_world.c.o
 .debug_line    0x00000000000000cf     0x1c85 CMakeFiles/hello_world.dir/home/junnaaa/pico-sdk/src/rp2_common/hardware_gpio/gpio.c.o
 .debug_line    0x0000000000001d54      0x266 CMakeFiles/hello_world.dir/home/junnaaa/pico-sdk/src/rp2_common/pico_platform_panic/panic.c.o
 .debug_line    0x0000000000001fba      0x8d9 CMakeFiles/hello_world.dir/home/junnaaa/pico-sdk/src/common/hardware_claim/claim.c.o
 .debug_line    0x0000000000002893      0x491 CMakeFiles/hello_world.dir/home/junnaaa/pico-sdk/src/rp2_common/hardware_sync/sync.c.o
 .debug_line    0x0000000000002d24      0x369 CMakeFiles/hello_world.dir/home/junnaaa/pico-sdk/src/rp2_common/hardware_sync_spin_lock/sync_spin_lock.c.o
 .debug_line    0x000000000000308d     0x16af CMakeFiles/hello_world.dir/home/junnaaa/pico-sdk/src/rp2_common/hardware_irq/irq.c.o
 .debug_line    0x000000000000473c      0x29d CMakeFiles/hello_world.dir/home/junnaaa/pico-sdk/src/common/pico_sync/lock_core.c.o
 .debug_line    0x00000000000049d9     0x1a22 CMakeFiles/hello_world.dir/home/junnaaa/pico-sdk/src/common/pico_sync/mutex.c.o
 .debug_line    0x00000000000063fb     0x2f11 CMakeFiles/hello_world.dir/home/junnaaa/pico-sdk/src/common/pico_time/time.c.o
 .debug_line    0x000000000000930c     0x1d00 CMakeFiles/hello_world.dir/home/junnaaa/pico-sdk/src/rp2_common/hardware_timer/timer.c.o
 .debug_line    0x000000000000b00c     0x1137 CMakeFiles/hello_world.dir/home/junnaaa/pico-sdk/src/rp2_common/hardware_uart/uart.c.o
 .debug_line    0x000000000000c143     0x1d2f CMakeFiles/hello_world.dir/home/junnaaa/pico-sdk/src/rp2_common/hardware_clocks/clocks.c.o
 .debug_line    0x000000000000de72      0x4e3 CMakeFiles/hello_world.dir/home/junnaaa/pico-sdk/src/rp2_common/hardware_pll/pll.c.o
 .debug_line    0x000000000000e355      0x2f3 CMakeFiles/hello_world.dir/home/junnaaa/pico-sdk/src/rp2_common/hardware_ticks/ticks.c.o
 .debug_line    0x000000000000e648      0x3a5 CMakeFiles/hello_world.dir/home/junnaaa/pico-sdk/src/rp2_common/pico_bootrom/bootrom.c.o
 .debug_line    0x000000000000e9ed      0x30e CMakeFiles/hello_world.dir/home/junnaaa/pico-sdk/src/rp2_common/hardware_xosc/xosc.c.o
 .debug_line    0x000000000000ecfb      0x2c7 CMakeFiles/hello_world.dir/home/junnaaa/pico-sdk/src/rp2_common/pico_runtime/runtime.c.o
 .debug_line    0x000000000000efc2      0x4ed CMakeFiles/hello_world.dir/home/junnaaa/pico-sdk/src/rp2_common/pico_runtime_init/runtime_init.c.o
 .debug_line    0x000000000000f4af      0x4db CMakeFiles/hello_world.dir/home/junnaaa/pico-sdk/src/rp2_common/pico_runtime_init/runtime_init_clocks.c.o
 .debug_line    0x000000000000f98a      0x130 CMakeFiles/hello_world.dir/home/junnaaa/pico-sdk/src/rp2_common/pico_bit_ops/bit_ops_aeabi.S.o
 .debug_line    0x000000000000faba      0x2d5 CMakeFiles/hello_world.dir/home/junnaaa/pico-sdk/src/rp2_common/pico_divider/divider_hardware.S.o
 .debug_line    0x000000000000fd8f      0x480 CMakeFiles/hello_world.dir/home/junnaaa/pico-sdk/src/rp2_common/pico_double/double_aeabi_rp2040.S.o
 .debug_line    0x000000000001020f      0x39e CMakeFiles/hello_world.dir/home/junnaaa/pico-sdk/src/rp2_common/pico_double/double_init_rom_rp2040.c.o
 .debug_line    0x00000000000105ad      0x6a1 CMakeFiles/hello_world.dir/home/junnaaa/pico-sdk/src/rp2_common/pico_double/double_v1_rom_shim_rp2040.S.o
 .debug_line    0x0000000000010c4e      0x3fe CMakeFiles/hello_world.dir/home/junnaaa/pico-sdk/src/rp2_common/pico_float/float_aeabi_rp2040.S.o
 .debug_line    0x000000000001104c      0x2f9 CMakeFiles/hello_world.dir/home/junnaaa/pico-sdk/src/rp2_common/pico_float/float_init_rom_rp2040.c.o
 .debug_line    0x0000000000011345      0x1c7 CMakeFiles/hello_world.dir/home/junnaaa/pico-sdk/src/rp2_common/pico_float/float_v1_rom_shim_rp2040.S.o
 .debug_line    0x000000000001150c       0xbd CMakeFiles/hello_world.dir/home/junnaaa/pico-sdk/src/rp2_common/pico_mem_ops/mem_ops_aeabi.S.o
 .debug_line    0x00000000000115c9      0x1d1 CMakeFiles/hello_world.dir/home/junnaaa/pico-sdk/src/rp2_common/pico_standard_binary_info/standard_binary_info.c.o
 .debug_line    0x000000000001179a     0x18a7 CMakeFiles/hello_world.dir/home/junnaaa/pico-sdk/src/rp2_common/pico_printf/printf.c.o
 .debug_line    0x0000000000013041       0xc2 CMakeFiles/hello_world.dir/home/junnaaa/pico-sdk/src/rp2_common/pico_crt0/crt0.S.o
 .debug_line    0x0000000000013103      0x7f9 CMakeFiles/hello_world.dir/home/junnaaa/pico-sdk/src/rp2_common/pico_clib_interface/newlib_interface.c.o
 .debug_line    0x00000000000138fc     0x14c3 CMakeFiles/hello_world.dir/home/junnaaa/pico-sdk/src/rp2_common/pico_stdio/stdio.c.o
 .debug_line    0x0000000000014dbf      0xd4d CMakeFiles/hello_world.dir/home/junnaaa/pico-sdk/src/rp2_common/pico_stdio_uart/stdio_uart.c.o

.debug_str      0x0000000000000000     0x471b
 .debug_str     0x0000000000000000      0x167 CMakeFiles/hello_world.dir/hello_world.c.o
                                        0x1a5 (size before relaxing)
 .debug_str     0x0000000000000167      0xa8c CMakeFiles/hello_world.dir/home/junnaaa/pico-sdk/src/rp2_common/hardware_gpio/gpio.c.o
                                        0xc63 (size before relaxing)
 .debug_str     0x0000000000000bf3       0x8e CMakeFiles/hello_world.dir/home/junnaaa/pico-sdk/src/rp2_common/pico_platform_panic/panic.c.o
                                        0x1e8 (size before relaxing)
 .debug_str     0x0000000000000c81      0x1cb CMakeFiles/hello_world.dir/home/junnaaa/pico-sdk/src/common/hardware_claim/claim.c.o
                                        0x371 (size before relaxing)
 .debug_str     0x0000000000000e4c       0xc8 CMakeFiles/hello_world.dir/home/junnaaa/pico-sdk/src/rp2_common/hardware_sync/sync.c.o
                                        0x315 (size before relaxing)
 .debug_str     0x0000000000000f14       0x5e CMakeFiles/hello_world.dir/home/junnaaa/pico-sdk/src/rp2_common/hardware_sync_spin_lock/sync_spin_lock.c.o
                                        0x22d (size before relaxing)
 .debug_str     0x0000000000000f72      0x496 CMakeFiles/hello_world.dir/home/junnaaa/pico-sdk/src/rp2_common/hardware_irq/irq.c.o
                                        0xa0c (size before relaxing)
 .debug_str     0x0000000000001408       0x58 CMakeFiles/hello_world.dir/home/junnaaa/pico-sdk/src/common/pico_sync/lock_core.c.o
                                        0x1f9 (size before relaxing)
 .debug_str     0x0000000000001460      0x272 CMakeFiles/hello_world.dir/home/junnaaa/pico-sdk/src/common/pico_sync/mutex.c.o
                                        0x78c (size before relaxing)
 .debug_str     0x00000000000016d2      0x9f3 CMakeFiles/hello_world.dir/home/junnaaa/pico-sdk/src/common/pico_time/time.c.o
                                       0x1182 (size before relaxing)
 .debug_str     0x00000000000020c5      0x1de CMakeFiles/hello_world.dir/home/junnaaa/pico-sdk/src/rp2_common/hardware_timer/timer.c.o
                                        0x9c1 (size before relaxing)
 .debug_str     0x00000000000022a3      0x765 CMakeFiles/hello_world.dir/home/junnaaa/pico-sdk/src/rp2_common/hardware_uart/uart.c.o
                                        0xbb4 (size before relaxing)
 .debug_str     0x0000000000002a08      0x408 CMakeFiles/hello_world.dir/home/junnaaa/pico-sdk/src/rp2_common/hardware_clocks/clocks.c.o
                                        0x96b (size before relaxing)
 .debug_str     0x0000000000002e10       0x71 CMakeFiles/hello_world.dir/home/junnaaa/pico-sdk/src/rp2_common/hardware_pll/pll.c.o
                                        0x44c (size before relaxing)
 .debug_str     0x0000000000002e81       0xc5 CMakeFiles/hello_world.dir/home/junnaaa/pico-sdk/src/rp2_common/hardware_ticks/ticks.c.o
                                        0x27b (size before relaxing)
 .debug_str     0x0000000000002f46      0x182 CMakeFiles/hello_world.dir/home/junnaaa/pico-sdk/src/rp2_common/pico_bootrom/bootrom.c.o
                                        0x323 (size before relaxing)
 .debug_str     0x00000000000030c8       0x71 CMakeFiles/hello_world.dir/home/junnaaa/pico-sdk/src/rp2_common/hardware_xosc/xosc.c.o
                                        0x230 (size before relaxing)
 .debug_str     0x0000000000003139       0xe6 CMakeFiles/hello_world.dir/home/junnaaa/pico-sdk/src/rp2_common/pico_runtime/runtime.c.o
                                        0x27b (size before relaxing)
 .debug_str     0x000000000000321f      0x2a7 CMakeFiles/hello_world.dir/home/junnaaa/pico-sdk/src/rp2_common/pico_runtime_init/runtime_init.c.o
                                        0x760 (size before relaxing)
 .debug_str     0x00000000000034c6       0x5e CMakeFiles/hello_world.dir/home/junnaaa/pico-sdk/src/rp2_common/pico_runtime_init/runtime_init_clocks.c.o
                                        0x457 (size before relaxing)
 .debug_str     0x0000000000003524       0x51 CMakeFiles/hello_world.dir/home/junnaaa/pico-sdk/src/rp2_common/pico_bit_ops/bit_ops_aeabi.S.o
                                         0x79 (size before relaxing)
 .debug_str     0x0000000000003575       0x46 CMakeFiles/hello_world.dir/home/junnaaa/pico-sdk/src/rp2_common/pico_divider/divider_hardware.S.o
                                         0x7c (size before relaxing)
 .debug_str     0x00000000000035bb       0x48 CMakeFiles/hello_world.dir/home/junnaaa/pico-sdk/src/rp2_common/pico_double/double_aeabi_rp2040.S.o
                                         0x7e (size before relaxing)
 .debug_str     0x0000000000003603       0xb7 CMakeFiles/hello_world.dir/home/junnaaa/pico-sdk/src/rp2_common/pico_double/double_init_rom_rp2040.c.o
                                        0x289 (size before relaxing)
 .debug_str     0x00000000000036ba       0x4e CMakeFiles/hello_world.dir/home/junnaaa/pico-sdk/src/rp2_common/pico_double/double_v1_rom_shim_rp2040.S.o
                                         0x84 (size before relaxing)
 .debug_str     0x0000000000003708       0x46 CMakeFiles/hello_world.dir/home/junnaaa/pico-sdk/src/rp2_common/pico_float/float_aeabi_rp2040.S.o
                                         0x7c (size before relaxing)
 .debug_str     0x000000000000374e       0x8e CMakeFiles/hello_world.dir/home/junnaaa/pico-sdk/src/rp2_common/pico_float/float_init_rom_rp2040.c.o
                                        0x28e (size before relaxing)
 .debug_str     0x00000000000037dc       0x4c CMakeFiles/hello_world.dir/home/junnaaa/pico-sdk/src/rp2_common/pico_float/float_v1_rom_shim_rp2040.S.o
                                         0x82 (size before relaxing)
 .debug_str     0x0000000000003828       0x43 CMakeFiles/hello_world.dir/home/junnaaa/pico-sdk/src/rp2_common/pico_mem_ops/mem_ops_aeabi.S.o
                                         0x79 (size before relaxing)
 .debug_str     0x000000000000386b      0x250 CMakeFiles/hello_world.dir/home/junnaaa/pico-sdk/src/rp2_common/pico_standard_binary_info/standard_binary_info.c.o
                                        0x3ef (size before relaxing)
 .debug_str     0x0000000000003abb      0x28b CMakeFiles/hello_world.dir/home/junnaaa/pico-sdk/src/rp2_common/pico_printf/printf.c.o
                                        0x4d2 (size before relaxing)
 .debug_str     0x0000000000003d46       0x37 CMakeFiles/hello_world.dir/home/junnaaa/pico-sdk/src/rp2_common/pico_crt0/crt0.S.o
                                         0x6d (size before relaxing)
 .debug_str     0x0000000000003d7d      0x2fc CMakeFiles/hello_world.dir/home/junnaaa/pico-sdk/src/rp2_common/pico_clib_interface/newlib_interface.c.o
                                        0x70e (size before relaxing)
 .debug_str     0x0000000000004079      0x2d6 CMakeFiles/hello_world.dir/home/junnaaa/pico-sdk/src/rp2_common/pico_stdio/stdio.c.o
                                        0xd62 (size before relaxing)
 .debug_str     0x000000000000434f      0x3cc CMakeFiles/hello_world.dir/home/junnaaa/pico-sdk/src/rp2_common/pico_stdio_uart/stdio_uart.c.o
                                        0xea4 (size before relaxing)

.debug_frame    0x0000000000000000     0x1ba0
 .debug_frame   0x0000000000000000       0x28 CMakeFiles/hello_world.dir/hello_world.c.o
 .debug_frame   0x0000000000000028      0x330 CMakeFiles/hello_world.dir/home/junnaaa/pico-sdk/src/rp2_common/hardware_gpio/gpio.c.o
 .debug_frame   0x0000000000000358       0x44 CMakeFiles/hello_world.dir/home/junnaaa/pico-sdk/src/rp2_common/pico_platform_panic/panic.c.o
 .debug_frame   0x000000000000039c       0xa0 CMakeFiles/hello_world.dir/home/junnaaa/pico-sdk/src/common/hardware_claim/claim.c.o
 .debug_frame   0x000000000000043c       0xa4 CMakeFiles/hello_world.dir/home/junnaaa/pico-sdk/src/rp2_common/hardware_sync/sync.c.o
 .debug_frame   0x00000000000004e0       0x30 CMakeFiles/hello_world.dir/home/junnaaa/pico-sdk/src/rp2_common/hardware_sync_spin_lock/sync_spin_lock.c.o
 .debug_frame   0x0000000000000510      0x1c8 CMakeFiles/hello_world.dir/home/junnaaa/pico-sdk/src/rp2_common/hardware_irq/irq.c.o