Archive member included to satisfy reference by file (symbol)

/home/junnaaa/.pico-sdk/toolchain/14_2_Rel1/bin/../lib/gcc/arm-none-eabi/14.2.1/thumb/v6-m/nofp/libgcc.a(_dvmd_tls.o)
                              CMakeFiles/hello_world.dir/home/junnaaa/.pico-sdk/sdk/2.1.1/src/rp2_common/pico_divider/divider_hardware.S.o (__aeabi_idiv0)
/home/junnaaa/.pico-sdk/toolchain/14_2_Rel1/bin/../lib/gcc/arm-none-eabi/14.2.1/../../../../arm-none-eabi/lib/thumb/v6-m/nofp/libg.a(libc_a-calloc.o)
                              CMakeFiles/hello_world.dir/home/junnaaa/.pico-sdk/sdk/2.1.1/src/rp2_common/pico_malloc/malloc.c.o (calloc)
/home/junnaaa/.pico-sdk/toolchain/14_2_Rel1/bin/../lib/gcc/arm-none-eabi/14.2.1/../../../../arm-none-eabi/lib/thumb/v6-m/nofp/libg.a(libc_a-callocr.o)
                              /home/junnaaa/.pico-sdk/toolchain/14_2_Rel1/bin/../lib/gcc/arm-none-eabi/14.2.1/../../../../arm-none-eabi/lib/thumb/v6-m/nofp/libg.a(libc_a-calloc.o) (_calloc_r)
/home/junnaaa/.pico-sdk/toolchain/14_2_Rel1/bin/../lib/gcc/arm-none-eabi/14.2.1/../../../../arm-none-eabi/lib/thumb/v6-m/nofp/libg.a(libc_a-malloc.o)
                              CMakeFiles/hello_world.dir/home/junnaaa/.pico-sdk/sdk/2.1.1/src/rp2_common/pico_malloc/malloc.c.o (malloc)
/home/junnaaa/.pico-sdk/toolchain/14_2_Rel1/bin/../lib/gcc/arm-none-eabi/14.2.1/../../../../arm-none-eabi/lib/thumb/v6-m/nofp/libg.a(libc_a-mallocr.o)
                              /home/junnaaa/.pico-sdk/toolchain/14_2_Rel1/bin/../lib/gcc/arm-none-eabi/14.2.1/../../../../arm-none-eabi/lib/thumb/v6-m/nofp/libg.a(libc_a-callocr.o) (_malloc_r)
/home/junnaaa/.pico-sdk/toolchain/14_2_Rel1/bin/../lib/gcc/arm-none-eabi/14.2.1/../../../../arm-none-eabi/lib/thumb/v6-m/nofp/libg.a(libc_a-mlock.o)
                              /home/junnaaa/.pico-sdk/toolchain/14_2_Rel1/bin/../lib/gcc/arm-none-eabi/14.2.1/../../../../arm-none-eabi/lib/thumb/v6-m/nofp/libg.a(libc_a-mallocr.o) (__malloc_lock)
/home/junnaaa/.pico-sdk/toolchain/14_2_Rel1/bin/../lib/gcc/arm-none-eabi/14.2.1/../../../../arm-none-eabi/lib/thumb/v6-m/nofp/libg.a(libc_a-realloc.o)
                              CMakeFiles/hello_world.dir/home/junnaaa/.pico-sdk/sdk/2.1.1/src/rp2_common/pico_malloc/malloc.c.o (realloc)
/home/junnaaa/.pico-sdk/toolchain/14_2_Rel1/bin/../lib/gcc/arm-none-eabi/14.2.1/../../../../arm-none-eabi/lib/thumb/v6-m/nofp/libg.a(libc_a-reallocr.o)
                              /home/junnaaa/.pico-sdk/toolchain/14_2_Rel1/bin/../lib/gcc/arm-none-eabi/14.2.1/../../../../arm-none-eabi/lib/thumb/v6-m/nofp/libg.a(libc_a-realloc.o) (_realloc_r)
/home/junnaaa/.pico-sdk/toolchain/14_2_Rel1/bin/../lib/gcc/arm-none-eabi/14.2.1/../../../../arm-none-eabi/lib/thumb/v6-m/nofp/libg.a(libc_a-memcmp.o)
                              CMakeFiles/hello_world.dir/home/junnaaa/.pico-sdk/sdk/2.1.1/src/rp2_common/pico_atomic/atomic.c.o (memcmp)
/home/junnaaa/.pico-sdk/toolchain/14_2_Rel1/bin/../lib/gcc/arm-none-eabi/14.2.1/../../../../arm-none-eabi/lib/thumb/v6-m/nofp/libg.a(libc_a-memmove.o)
                              /home/junnaaa/.pico-sdk/toolchain/14_2_Rel1/bin/../lib/gcc/arm-none-eabi/14.2.1/../../../../arm-none-eabi/lib/thumb/v6-m/nofp/libg.a(libc_a-reallocr.o) (memmove)
/home/junnaaa/.pico-sdk/toolchain/14_2_Rel1/bin/../lib/gcc/arm-none-eabi/14.2.1/../../../../arm-none-eabi/lib/thumb/v6-m/nofp/libg.a(libc_a-lcltime_r.o)
                              CMakeFiles/hello_world.dir/home/junnaaa/.pico-sdk/sdk/2.1.1/src/common/pico_util/datetime.c.o (localtime_r)
/home/junnaaa/.pico-sdk/toolchain/14_2_Rel1/bin/../lib/gcc/arm-none-eabi/14.2.1/../../../../arm-none-eabi/lib/thumb/v6-m/nofp/libg.a(libc_a-mktime.o)
                              CMakeFiles/hello_world.dir/home/junnaaa/.pico-sdk/sdk/2.1.1/src/common/pico_util/datetime.c.o (mktime)
/home/junnaaa/.pico-sdk/toolchain/14_2_Rel1/bin/../lib/gcc/arm-none-eabi/14.2.1/../../../../arm-none-eabi/lib/thumb/v6-m/nofp/libg.a(libc_a-month_lengths.o)
                              /home/junnaaa/.pico-sdk/toolchain/14_2_Rel1/bin/../lib/gcc/arm-none-eabi/14.2.1/../../../../arm-none-eabi/lib/thumb/v6-m/nofp/libg.a(libc_a-lcltime_r.o) (__month_lengths)
/home/junnaaa/.pico-sdk/toolchain/14_2_Rel1/bin/../lib/gcc/arm-none-eabi/14.2.1/../../../../arm-none-eabi/lib/thumb/v6-m/nofp/libg.a(libc_a-tzcalc_limits.o)
                              /home/junnaaa/.pico-sdk/toolchain/14_2_Rel1/bin/../lib/gcc/arm-none-eabi/14.2.1/../../../../arm-none-eabi/lib/thumb/v6-m/nofp/libg.a(libc_a-lcltime_r.o) (__tzcalc_limits)
/home/junnaaa/.pico-sdk/toolchain/14_2_Rel1/bin/../lib/gcc/arm-none-eabi/14.2.1/../../../../arm-none-eabi/lib/thumb/v6-m/nofp/libg.a(libc_a-tzlock.o)
                              /home/junnaaa/.pico-sdk/toolchain/14_2_Rel1/bin/../lib/gcc/arm-none-eabi/14.2.1/../../../../arm-none-eabi/lib/thumb/v6-m/nofp/libg.a(libc_a-lcltime_r.o) (__tz_lock)
/home/junnaaa/.pico-sdk/toolchain/14_2_Rel1/bin/../lib/gcc/arm-none-eabi/14.2.1/../../../../arm-none-eabi/lib/thumb/v6-m/nofp/libg.a(libc_a-tzset.o)
[...]
Memory Configuration

Name             Origin             Length             Attributes
FLASH            0x10000000         0x00200000         xr
RAM              0x20000000         0x00040000         xrw
SCRATCH_X        0x20040000         0x00001000         xrw
SCRATCH_Y        0x20041000         0x00001000         xrw
*default*        0x00000000         0xffffffff

Linker script and memory map

LOAD /home/junnaaa/.pico-sdk/toolchain/14_2_Rel1/bin/../lib/gcc/arm-none-eabi/14.2.1/thumb/v6-m/nofp/crti.o
LOAD /home/junnaaa/.pico-sdk/toolchain/14_2_Rel1/bin/../lib/gcc/arm-none-eabi/14.2.1/thumb/v6-m/nofp/crtbegin.o
LOAD /home/junnaaa/.pico-sdk/toolchain/14_2_Rel1/bin/../lib/gcc/arm-none-eabi/14.2.1/../../../../arm-none-eabi/lib/thumb/v6-m/nofp/crt0.o

.flash_begin    0x10000000        0x0
                0x10000000                        __flash_binary_start = .

.boot2          0x10000000      0x100
                0x10000000                        __boot2_start__ = .
 *(.boot2)
 .boot2         0x10000000      0x100 pico-sdk/src/rp2040/boot_stage2/CMakeFiles/bs2_default_library.dir/./bs2_default_padded_checksummed.S.o
                0x10000100                        __boot2_end__ = .
                0x00000001                        ASSERT (((__boot2_end__ - __boot2_start__) == 0x100), ERROR: Pico second stage bootloader must be 256 bytes in size)

.text           0x10000100     0x17f0
                0x10000100                        __logical_binary_start = .
 *(.vectors)
 .vectors       0x10000100       0xd4 CMakeFiles/hello_world.dir/home/junnaaa/.pico-sdk/sdk/2.1.1/src/rp2_common/pico_crt0/crt0.S.o
                0x10000100                __vectors
                0x10000100                __VECTOR_TABLE
                0x100001c0                isr_invalid
                0x100001c0                __default_isrs_start
                0x100001c2                isr_nmi
                0x100001c4                isr_hardfault
                0x100001c6                isr_svcall
                0x100001c8                isr_pendsv
                0x100001ca                isr_systick
                0x100001cc                isr_irq30
                0x100001cc                __unhandled_user_irq
                0x100001cc                isr_irq13
                0x100001cc                isr_irq27
                0x100001cc                isr_irq31
                0x100001cc                isr_irq5
                0x100001cc                isr_irq11
                0x100001cc                isr_irq23
                0x100001cc                isr_irq18
                0x100001cc                isr_irq28
                0x100001cc                isr_irq19
                0x100001cc                isr_irq0
                0x100001cc                isr_irq6
                0x100001cc                isr_irq22
                0x100001cc                isr_irq17
                0x100001cc                isr_irq14
                0x100001cc                isr_irq2
                0x100001cc                isr_irq10
                0x100001cc                isr_irq8
                0x100001cc                isr_irq24
                0x100001cc                isr_irq1
                0x100001cc                isr_irq7
                0x100001cc                isr_irq21
                0x100001cc                isr_irq20
                0x100001cc                isr_irq15
                0x100001cc                isr_irq25
                0x100001cc                isr_irq4
                0x100001cc                isr_irq16
                0x100001cc                isr_irq29
                0x100001cc                isr_irq26
                0x100001cc                __default_isrs_end
                0x100001cc                isr_irq3
                0x100001cc                isr_irq12
                0x100001cc                isr_irq9
                0x100001d2                unhandled_user_irq_num_in_r0
 *(.binary_info_header)
 .binary_info_header
                0x100001d4       0x14 CMakeFiles/hello_world.dir/home/junnaaa/.pico-sdk/sdk/2.1.1/src/rp2_common/pico_crt0/crt0.S.o
                0x100001e8                        __binary_info_header_end = .
 *(.embedded_block)
                0x100001e8                        __embedded_block_end = .
 *(.reset)
 .reset         0x100001e8       0x9c CMakeFiles/hello_world.dir/home/junnaaa/.pico-sdk/sdk/2.1.1/src/rp2_common/pico_crt0/crt0.S.o
                0x100001e8                _entry_point
 *(.init)
 .init          0x10000284        0x4 /home/junnaaa/.pico-sdk/toolchain/14_2_Rel1/bin/../lib/gcc/arm-none-eabi/14.2.1/thumb/v6-m/nofp/crti.o
                0x10000284                _init
 *(EXCLUDE_FILE(*libm.a: *libc.a:*lib_a-mem*.o *libgcc.a:) .text*)
 .text.register_tm_clones
                0x10000288       0x28 /home/junnaaa/.pico-sdk/toolchain/14_2_Rel1/bin/../lib/gcc/arm-none-eabi/14.2.1/thumb/v6-m/nofp/crtbegin.o
 .text.frame_dummy
                0x100002b0       0x24 /home/junnaaa/.pico-sdk/toolchain/14_2_Rel1/bin/../lib/gcc/arm-none-eabi/14.2.1/thumb/v6-m/nofp/crtbegin.o
 .text.startup.main
                0x100002d4      0x188 CMakeFiles/hello_world.dir/hello_world.c.o
                0x100002d4                main
 .text.gpio_init
                0x1000045c       0x40 CMakeFiles/hello_world.dir/home/junnaaa/.pico-sdk/sdk/2.1.1/src/rp2_common/hardware_gpio/gpio.c.o
                0x1000045c                gpio_init
 .text.panic    0x1000049c       0x30 CMakeFiles/hello_world.dir/home/junnaaa/.pico-sdk/sdk/2.1.1/src/rp2_common/pico_platform_panic/panic.c.o
                0x1000049c                panic
 .text.hw_claim_or_assert
                0x100004cc       0x44 CMakeFiles/hello_world.dir/home/junnaaa/.pico-sdk/sdk/2.1.1/src/common/hardware_claim/claim.c.o
                0x100004cc                hw_claim_or_assert
 .text.next_striped_spin_lock_num
                0x10000510       0x18 CMakeFiles/hello_world.dir/home/junnaaa/.pico-sdk/sdk/2.1.1/src/rp2_common/hardware_sync/sync.c.o
                0x10000510                next_striped_spin_lock_num
 .text.spin_locks_reset
                0x10000528       0x1c CMakeFiles/hello_world.dir/home/junnaaa/.pico-sdk/sdk/2.1.1/src/rp2_common/hardware_sync_spin_lock/sync_spin_lock.c.o
                0x10000528                spin_locks_reset
 .text.runtime_init_per_core_irq_priorities
                0x10000544       0x24 CMakeFiles/hello_world.dir/home/junnaaa/.pico-sdk/sdk/2.1.1/src/rp2_common/hardware_irq/irq.c.o
                0x10000544                runtime_init_per_core_irq_priorities
 .text.irq_set_enabled
                0x10000568       0x24 CMakeFiles/hello_world.dir/home/junnaaa/.pico-sdk/sdk/2.1.1/src/rp2_common/hardware_irq/irq.c.o
                0x10000568                irq_set_enabled
 .text.irq_set_exclusive_handler
                0x1000058c       0x54 CMakeFiles/hello_world.dir/home/junnaaa/.pico-sdk/sdk/2.1.1/src/rp2_common/hardware_irq/irq.c.o
                0x1000058c                irq_set_exclusive_handler
 .text.lock_init
                0x100005e0       0x10 CMakeFiles/hello_world.dir/home/junnaaa/.pico-sdk/sdk/2.1.1/src/common/pico_sync/lock_core.c.o
                0x100005e0                lock_init
 .text.runtime_init_mutex
                0x100005f0       0x50 CMakeFiles/hello_world.dir/home/junnaaa/.pico-sdk/sdk/2.1.1/src/common/pico_sync/mutex.c.o
                0x100005f0                runtime_init_mutex
 .text.sleep_until_callback
                0x10000640       0x30 CMakeFiles/hello_world.dir/home/junnaaa/.pico-sdk/sdk/2.1.1/src/common/pico_time/time.c.o
 .text.alarm_pool_irq_handler
                0x10000670      0x300 CMakeFiles/hello_world.dir/home/junnaaa/.pico-sdk/sdk/2.1.1/src/common/pico_time/time.c.o
 .text.runtime_init_default_alarm_pool
                0x10000970       0xdc CMakeFiles/hello_world.dir/home/junnaaa/.pico-sdk/sdk/2.1.1/src/common/pico_time/time.c.o
                0x10000970                runtime_init_default_alarm_pool
 .text.alarm_pool_add_alarm_at_force_in_context
                0x10000a4c       0xb0 CMakeFiles/hello_world.dir/home/junnaaa/.pico-sdk/sdk/2.1.1/src/common/pico_time/time.c.o
                0x10000a4c                alarm_pool_add_alarm_at_force_in_context
 .text.alarm_pool_cancel_alarm
                0x10000afc       0x74 CMakeFiles/hello_world.dir/home/junnaaa/.pico-sdk/sdk/2.1.1/src/common/pico_time/time.c.o
                0x10000afc                alarm_pool_cancel_alarm
 .text.sleep_ms
                0x10000b70       0xfc CMakeFiles/hello_world.dir/home/junnaaa/.pico-sdk/sdk/2.1.1/src/common/pico_time/time.c.o
                0x10000b70                sleep_ms
 .text.best_effort_wfe_or_timeout
                0x10000c6c      0x10c CMakeFiles/hello_world.dir/home/junnaaa/.pico-sdk/sdk/2.1.1/src/common/pico_time/time.c.o
                0x10000c6c                best_effort_wfe_or_timeout
 .text.timer_hardware_alarm_claim
                0x10000d78       0x14 CMakeFiles/hello_world.dir/home/junnaaa/.pico-sdk/sdk/2.1.1/src/rp2_common/hardware_timer/timer.c.o
                0x10000d78                timer_hardware_alarm_claim
 .text.timer_time_us_64
                0x10000d8c       0x10 CMakeFiles/hello_world.dir/home/junnaaa/.pico-sdk/sdk/2.1.1/src/rp2_common/hardware_timer/timer.c.o
                0x10000d8c                timer_time_us_64
 .text.time_us_64
                0x10000d9c       0x14 CMakeFiles/hello_world.dir/home/junnaaa/.pico-sdk/sdk/2.1.1/src/rp2_common/hardware_timer/timer.c.o
                0x10000d9c                time_us_64
 .text.busy_wait_us
                0x10000db0       0x68 CMakeFiles/hello_world.dir/home/junnaaa/.pico-sdk/sdk/2.1.1/src/rp2_common/hardware_timer/timer.c.o
                0x10000db0                busy_wait_us
 .text.busy_wait_until
                0x10000e18       0x20 CMakeFiles/hello_world.dir/home/junnaaa/.pico-sdk/sdk/2.1.1/src/rp2_common/hardware_timer/timer.c.o
                0x10000e18                busy_wait_until
 .text.clock_configure_int_divider
                0x10000e38       0xf4 CMakeFiles/hello_world.dir/home/junnaaa/.pico-sdk/sdk/2.1.1/src/rp2_common/hardware_clocks/clocks.c.o
                0x10000e38                clock_configure_int_divider
 .text.clock_configure_undivided
                0x10000f2c       0xe8 CMakeFiles/hello_world.dir/home/junnaaa/.pico-sdk/sdk/2.1.1/src/rp2_common/hardware_clocks/clocks.c.o
                0x10000f2c                clock_configure_undivided
 .text.clock_get_hz
                0x10001014        0xc CMakeFiles/hello_world.dir/home/junnaaa/.pico-sdk/sdk/2.1.1/src/rp2_common/hardware_clocks/clocks.c.o
                0x10001014                clock_get_hz
 .text.pll_init
                0x10001020       0xa4 CMakeFiles/hello_world.dir/home/junnaaa/.pico-sdk/sdk/2.1.1/src/rp2_common/hardware_pll/pll.c.o
                0x10001020                pll_init
 .text.tick_start
                0x100010c4       0x10 CMakeFiles/hello_world.dir/home/junnaaa/.pico-sdk/sdk/2.1.1/src/rp2_common/hardware_ticks/ticks.c.o
                0x100010c4                tick_start
 .text.rom_func_lookup
                0x100010d4       0x10 CMakeFiles/hello_world.dir/home/junnaaa/.pico-sdk/sdk/2.1.1/src/rp2_common/pico_bootrom/bootrom.c.o
                0x100010d4                rom_func_lookup
 .text.rom_data_lookup
                0x100010e4       0x10 CMakeFiles/hello_world.dir/home/junnaaa/.pico-sdk/sdk/2.1.1/src/rp2_common/pico_bootrom/bootrom.c.o
                0x100010e4                rom_data_lookup
 .text.rom_funcs_lookup
                0x100010f4       0x44 CMakeFiles/hello_world.dir/home/junnaaa/.pico-sdk/sdk/2.1.1/src/rp2_common/pico_bootrom/bootrom.c.o
                0x100010f4                rom_funcs_lookup
 .text.xosc_init
                0x10001138       0x28 CMakeFiles/hello_world.dir/home/junnaaa/.pico-sdk/sdk/2.1.1/src/rp2_common/hardware_xosc/xosc.c.o
                0x10001138                xosc_init
 .text.first_per_core_initializer
                0x10001160        0x4 CMakeFiles/hello_world.dir/home/junnaaa/.pico-sdk/sdk/2.1.1/src/rp2_common/pico_runtime/runtime.c.o
 .text.hard_assertion_failure
                0x10001164        0xc CMakeFiles/hello_world.dir/home/junnaaa/.pico-sdk/sdk/2.1.1/src/rp2_common/pico_runtime/runtime.c.o
                0x10001164                hard_assertion_failure
 .text.runtime_run_initializers
                0x10001170       0x28 CMakeFiles/hello_world.dir/home/junnaaa/.pico-sdk/sdk/2.1.1/src/rp2_common/pico_runtime/runtime.c.o
                0x10001170                runtime_run_initializers
 .text.runtime_init_early_resets
                0x10001198       0x2c CMakeFiles/hello_world.dir/home/junnaaa/.pico-sdk/sdk/2.1.1/src/rp2_common/pico_runtime_init/runtime_init.c.o
                0x10001198                runtime_init_early_resets
 .text.runtime_init_usb_power_down
                0x100011c4       0x1c CMakeFiles/hello_world.dir/home/junnaaa/.pico-sdk/sdk/2.1.1/src/rp2_common/pico_runtime_init/runtime_init.c.o
                0x100011c4                runtime_init_usb_power_down
 .text.runtime_init_post_clock_resets
                0x100011e0       0x20 CMakeFiles/hello_world.dir/home/junnaaa/.pico-sdk/sdk/2.1.1/src/rp2_common/pico_runtime_init/runtime_init.c.o
                0x100011e0                runtime_init_post_clock_resets
 .text.runtime_init_rp2040_gpio_ie_disable
                0x10001200       0x14 CMakeFiles/hello_world.dir/home/junnaaa/.pico-sdk/sdk/2.1.1/src/rp2_common/pico_runtime_init/runtime_init.c.o
                0x10001200                runtime_init_rp2040_gpio_ie_disable
 .text.runtime_init_spin_locks_reset
                0x10001214        0x8 CMakeFiles/hello_world.dir/home/junnaaa/.pico-sdk/sdk/2.1.1/src/rp2_common/pico_runtime_init/runtime_init.c.o
                0x10001214                runtime_init_spin_locks_reset
 .text.runtime_init_install_ram_vector_table
                0x1000121c       0x1c CMakeFiles/hello_world.dir/home/junnaaa/.pico-sdk/sdk/2.1.1/src/rp2_common/pico_runtime_init/runtime_init.c.o
                0x1000121c                runtime_init_install_ram_vector_table
 .text.runtime_init_clocks
                0x10001238       0xd8 CMakeFiles/hello_world.dir/home/junnaaa/.pico-sdk/sdk/2.1.1/src/rp2_common/pico_runtime_init/runtime_init_clocks.c.o
                0x10001238                runtime_init_clocks
 .text          0x10001310       0x10 CMakeFiles/hello_world.dir/home/junnaaa/.pico-sdk/sdk/2.1.1/src/rp2_common/pico_bit_ops/bit_ops_aeabi.S.o
 .text.__wrap___aeabi_uidiv
                0x10001320       0x4c CMakeFiles/hello_world.dir/home/junnaaa/.pico-sdk/sdk/2.1.1/src/rp2_common/pico_divider/divider_hardware.S.o
                0x10001320                __wrap___aeabi_uidiv
                0x10001320                __wrap___aeabi_uidivmod
                0x10001320                div_u32u32
                0x10001320                divmod_u32u32
                0x10001328                divmod_u32u32_unsafe
                0x10001350                divmod_u32u32_savestate
 .text.__aeabi_double_init
                0x1000136c       0xa4 CMakeFiles/hello_world.dir/home/junnaaa/.pico-sdk/sdk/2.1.1/src/rp2_common/pico_double/double_init_rom_rp2040.c.o
                0x1000136c                __aeabi_double_init
 .text.double_table_shim_on_use_helper
                0x10001410       0x2c CMakeFiles/hello_world.dir/home/junnaaa/.pico-sdk/sdk/2.1.1/src/rp2_common/pico_double/double_v1_rom_shim_rp2040.S.o
                0x10001410                double_table_shim_on_use_helper
 .text.__aeabi_lmul
                0x1000143c       0x32 CMakeFiles/hello_world.dir/home/junnaaa/.pico-sdk/sdk/2.1.1/src/rp2_common/pico_int64_ops/pico_int64_ops_aeabi.S.o
                0x1000143c                __wrap___aeabi_lmul
 *fill*         0x1000146e        0x2 
 .text.__aeabi_float_init
                0x10001470       0x64 CMakeFiles/hello_world.dir/home/junnaaa/.pico-sdk/sdk/2.1.1/src/rp2_common/pico_float/float_init_rom_rp2040.c.o
                0x10001470                __aeabi_float_init
 .text.float_table_shim_on_use_helper
                0x100014d4       0x2c CMakeFiles/hello_world.dir/home/junnaaa/.pico-sdk/sdk/2.1.1/src/rp2_common/pico_float/float_v1_rom_shim_rp2040.S.o
                0x100014d4                float_table_shim_on_use_helper
 .text          0x10001500       0x10 CMakeFiles/hello_world.dir/home/junnaaa/.pico-sdk/sdk/2.1.1/src/rp2_common/pico_mem_ops/mem_ops_aeabi.S.o
                0x10001500                __aeabi_mem_init
 .text.memcpy   0x10001510        0xc CMakeFiles/hello_world.dir/home/junnaaa/.pico-sdk/sdk/2.1.1/src/rp2_common/pico_mem_ops/mem_ops_aeabi.S.o
                0x10001510                __wrap___aeabi_memcpy
                0x10001510                __wrap_memcpy
 .text._out_char
                0x1000151c       0x10 CMakeFiles/hello_world.dir/home/junnaaa/.pico-sdk/sdk/2.1.1/src/rp2_common/pico_printf/printf.c.o
 .text.weak_raw_vprintf
                0x1000152c       0x30 CMakeFiles/hello_world.dir/home/junnaaa/.pico-sdk/sdk/2.1.1/src/rp2_common/pico_printf/printf.c.o
                0x1000152c                weak_raw_vprintf
 .text._exit    0x1000155c        0x4 CMakeFiles/hello_world.dir/home/junnaaa/.pico-sdk/sdk/2.1.1/src/rp2_common/pico_clib_interface/newlib_interface.c.o
                0x1000155c                _exit
 .text.exit     0x10001560        0x8 CMakeFiles/hello_world.dir/home/junnaaa/.pico-sdk/sdk/2.1.1/src/rp2_common/pico_clib_interface/newlib_interface.c.o
                0x10001560                exit
 .text.runtime_init
                0x10001568       0x2c CMakeFiles/hello_world.dir/home/junnaaa/.pico-sdk/sdk/2.1.1/src/rp2_common/pico_clib_interface/newlib_interface.c.o
                0x10001568                runtime_init
 .text.stdio_out_chars_no_crlf
                0x10001594       0x10 CMakeFiles/hello_world.dir/home/junnaaa/.pico-sdk/sdk/2.1.1/src/rp2_common/pico_stdio/stdio.c.o
 .text.stdio_out_chars_crlf
                0x100015a4       0xb0 CMakeFiles/hello_world.dir/home/junnaaa/.pico-sdk/sdk/2.1.1/src/rp2_common/pico_stdio/stdio.c.o
 .text.stdio_put_string
                0x10001654       0xfc CMakeFiles/hello_world.dir/home/junnaaa/.pico-sdk/sdk/2.1.1/src/rp2_common/pico_stdio/stdio.c.o
                0x10001654                stdio_put_string
 .text.__wrap_putchar
                0x10001750       0x94 CMakeFiles/hello_world.dir/home/junnaaa/.pico-sdk/sdk/2.1.1/src/rp2_common/pico_stdio/stdio.c.o
                0x10001750                stdio_putchar
                0x10001750                __wrap_putchar
 .text.__wrap_puts
                0x100017e4       0x3c CMakeFiles/hello_world.dir/home/junnaaa/.pico-sdk/sdk/2.1.1/src/rp2_common/pico_stdio/stdio.c.o
                0x100017e4                __wrap_puts
                0x100017e4                stdio_puts
 .text.strlen   0x10001820       0x5c /home/junnaaa/.pico-sdk/toolchain/14_2_Rel1/bin/../lib/gcc/arm-none-eabi/14.2.1/../../../../arm-none-eabi/lib/thumb/v6-m/nofp/libg.a(libc_a-strlen-stub.o)
                0x10001820                strlen
 *(.fini)
 .fini          0x1000187c        0x4 /home/junnaaa/.pico-sdk/toolchain/14_2_Rel1/bin/../lib/gcc/arm-none-eabi/14.2.1/thumb/v6-m/nofp/crti.o
                0x1000187c                _fini
 .fini.__stub   0x10001880       0x30 linker stubs
 *crtbegin.o(.ctors)
 *crtbegin?.o(.ctors)
 *(EXCLUDE_FILE(*crtend.o *crtend?.o) .ctors)
 *(SORT_BY_NAME(.ctors.*))
 *(.ctors)
 *crtbegin.o(.dtors)
 *crtbegin?.o(.dtors)
 *(EXCLUDE_FILE(*crtend.o *crtend?.o) .dtors)
 *(SORT_BY_NAME(.dtors.*))
 *(.dtors)
                0x100018b0                        . = ALIGN (0x4)
                0x100018b0                        PROVIDE (__preinit_array_start = .)
 *(SORT_BY_NAME(.preinit_array.*))
 .preinit_array.00100
                0x100018b0        0x4 CMakeFiles/hello_world.dir/home/junnaaa/.pico-sdk/sdk/2.1.1/src/rp2_common/pico_runtime_init/runtime_init.c.o
                0x100018b0                __pre_init_runtime_init_early_resets
 .preinit_array.00101
                0x100018b4        0x4 CMakeFiles/hello_world.dir/home/junnaaa/.pico-sdk/sdk/2.1.1/src/rp2_common/pico_runtime_init/runtime_init.c.o
                0x100018b4                __pre_init_runtime_init_usb_power_down
 .preinit_array.00275
                0x100018b8        0x4 CMakeFiles/hello_world.dir/home/junnaaa/.pico-sdk/sdk/2.1.1/src/rp2_common/pico_bit_ops/bit_ops_aeabi.S.o
 .preinit_array.00300
                0x100018bc        0x4 CMakeFiles/hello_world.dir/home/junnaaa/.pico-sdk/sdk/2.1.1/src/rp2_common/pico_mem_ops/mem_ops_aeabi.S.o
 .preinit_array.00350
                0x100018c0        0x4 CMakeFiles/hello_world.dir/home/junnaaa/.pico-sdk/sdk/2.1.1/src/rp2_common/pico_double/double_aeabi_rp2040.S.o
 .preinit_array.00350
                0x100018c4        0x4 CMakeFiles/hello_world.dir/home/junnaaa/.pico-sdk/sdk/2.1.1/src/rp2_common/pico_float/float_aeabi_rp2040.S.o
 .preinit_array.00500
                0x100018c8        0x4 CMakeFiles/hello_world.dir/home/junnaaa/.pico-sdk/sdk/2.1.1/src/rp2_common/pico_runtime_init/runtime_init.c.o
                0x100018c8                __pre_init_runtime_init_clocks
 .preinit_array.00600
                0x100018cc        0x4 CMakeFiles/hello_world.dir/home/junnaaa/.pico-sdk/sdk/2.1.1/src/rp2_common/pico_runtime_init/runtime_init.c.o
                0x100018cc                __pre_init_runtime_init_post_clock_resets
 .preinit_array.00700
                0x100018d0        0x4 CMakeFiles/hello_world.dir/home/junnaaa/.pico-sdk/sdk/2.1.1/src/rp2_common/pico_runtime_init/runtime_init.c.o
                0x100018d0                __pre_init_runtime_init_rp2040_gpio_ie_disable
 .preinit_array.01000
                0x100018d4        0x4 CMakeFiles/hello_world.dir/home/junnaaa/.pico-sdk/sdk/2.1.1/src/rp2_common/pico_runtime_init/runtime_init.c.o
                0x100018d4                __pre_init_runtime_init_spin_locks_reset
 .preinit_array.01100
                0x100018d8        0x4 CMakeFiles/hello_world.dir/home/junnaaa/.pico-sdk/sdk/2.1.1/src/common/pico_sync/mutex.c.o
                0x100018d8                __pre_init_runtime_init_mutex
 .preinit_array.10080
                0x100018dc        0x4 CMakeFiles/hello_world.dir/home/junnaaa/.pico-sdk/sdk/2.1.1/src/rp2_common/pico_runtime_init/runtime_init.c.o
                0x100018dc                __pre_init_runtime_init_install_ram_vector_table
 .preinit_array.11000
                0x100018e0        0x4 CMakeFiles/hello_world.dir/home/junnaaa/.pico-sdk/sdk/2.1.1/src/common/pico_time/time.c.o
                0x100018e0                __pre_init_runtime_init_default_alarm_pool
 .preinit_array.YYYYY
                0x100018e4        0x4 CMakeFiles/hello_world.dir/home/junnaaa/.pico-sdk/sdk/2.1.1/src/rp2_common/pico_runtime/runtime.c.o
                0x100018e4                __pre_init_first_per_core_initializer
 .preinit_array.ZZZZZ.01200
                0x100018e8        0x4 CMakeFiles/hello_world.dir/home/junnaaa/.pico-sdk/sdk/2.1.1/src/rp2_common/hardware_irq/irq.c.o
                0x100018e8                __pre_init_runtime_init_per_core_irq_priorities
 *(.preinit_array)
                0x100018ec                        PROVIDE (__preinit_array_end = .)
                0x100018ec                        . = ALIGN (0x4)
                0x100018ec                        PROVIDE (__init_array_start = .)
 *(SORT_BY_NAME(.init_array.*))
 *(.init_array)
 .init_array    0x100018ec        0x4 /home/junnaaa/.pico-sdk/toolchain/14_2_Rel1/bin/../lib/gcc/arm-none-eabi/14.2.1/thumb/v6-m/nofp/crtbegin.o
                0x100018f0                        PROVIDE (__init_array_end = .)
                0x100018f0                        . = ALIGN (0x4)
                [!provide]                        PROVIDE (__fini_array_start = .)
 *(SORT_BY_NAME(.fini_array.*))
 *(.fini_array)
                [!provide]                        PROVIDE (__fini_array_end = .)
 *(.eh_frame*)
 .eh_frame      0x100018f0        0x0 /home/junnaaa/.pico-sdk/toolchain/14_2_Rel1/bin/../lib/gcc/arm-none-eabi/14.2.1/thumb/v6-m/nofp/crtbegin.o
                0x100018f0                        . = ALIGN (0x4)

.glue_7         0x100018f0        0x0
 .glue_7        0x100018f0        0x0 linker stubs

.glue_7t        0x100018f0        0x0
 .glue_7t       0x100018f0        0x0 linker stubs

.vfp11_veneer   0x100018f0        0x0
 .vfp11_veneer  0x100018f0        0x0 linker stubs

.v4_bx          0x100018f0        0x0
 .v4_bx         0x100018f0        0x0 linker stubs

.iplt           0x100018f0        0x0
 .iplt          0x100018f0        0x0 /home/junnaaa/.pico-sdk/toolchain/14_2_Rel1/bin/../lib/gcc/arm-none-eabi/14.2.1/thumb/v6-m/nofp/crtbegin.o

.rodata         0x100018f0       0xe0
 *(EXCLUDE_FILE(*libm.a: *libc.a:*lib_a-mem*.o *libgcc.a:) .rodata*)
 .rodata.STEPS  0x100018f0        0x4 CMakeFiles/hello_world.dir/hello_world.c.o
                0x100018f0                STEPS
 .rodata.panic.str1.4
                0x100018f4       0x84 CMakeFiles/hello_world.dir/home/junnaaa/.pico-sdk/sdk/2.1.1/src/rp2_common/pico_platform_panic/panic.c.o
                                 0x12 (size before relaxing)
 .rodata.timer_hardware_alarm_claim.str1.4
                0x10001978       0x22 CMakeFiles/hello_world.dir/home/junnaaa/.pico-sdk/sdk/2.1.1/src/rp2_common/hardware_timer/timer.c.o
 .rodata.hard_assertion_failure.str1.4
                0x10001978        0xc CMakeFiles/hello_world.dir/home/junnaaa/.pico-sdk/sdk/2.1.1/src/rp2_common/pico_runtime/runtime.c.o
 .rodata.str1.4
                0x10001978       0x40 CMakeFiles/hello_world.dir/home/junnaaa/.pico-sdk/sdk/2.1.1/src/rp2_common/pico_standard_binary_info/standard_binary_info.c.o
 .rodata.__bi_84
                0x10001978        0xc CMakeFiles/hello_world.dir/home/junnaaa/.pico-sdk/sdk/2.1.1/src/rp2_common/pico_standard_binary_info/standard_binary_info.c.o
 .rodata.__bi_78
                0x10001984        0xc CMakeFiles/hello_world.dir/home/junnaaa/.pico-sdk/sdk/2.1.1/src/rp2_common/pico_standard_binary_info/standard_binary_info.c.o
 .rodata.__bi_54
                0x10001990        0xc CMakeFiles/hello_world.dir/home/junnaaa/.pico-sdk/sdk/2.1.1/src/rp2_common/pico_standard_binary_info/standard_binary_info.c.o
 .rodata.__bi_48
                0x1000199c        0xc CMakeFiles/hello_world.dir/home/junnaaa/.pico-sdk/sdk/2.1.1/src/rp2_common/pico_standard_binary_info/standard_binary_info.c.o
 .rodata.__bi_42
                0x100019a8        0xc CMakeFiles/hello_world.dir/home/junnaaa/.pico-sdk/sdk/2.1.1/src/rp2_common/pico_standard_binary_info/standard_binary_info.c.o
 .rodata.__bi_34
                0x100019b4        0xc CMakeFiles/hello_world.dir/home/junnaaa/.pico-sdk/sdk/2.1.1/src/rp2_common/pico_standard_binary_info/standard_binary_info.c.o
 .rodata.__bi_26
                0x100019c0        0xc CMakeFiles/hello_world.dir/home/junnaaa/.pico-sdk/sdk/2.1.1/src/rp2_common/pico_standard_binary_info/standard_binary_info.c.o
 .rodata.crlf_str.0
                0x100019cc        0x2 CMakeFiles/hello_world.dir/home/junnaaa/.pico-sdk/sdk/2.1.1/src/rp2_common/pico_stdio/stdio.c.o
                0x100019d0                        . = ALIGN (0x4)
 *fill*         0x100019ce        0x2 
 *(SORT_BY_ALIGNMENT(SORT_BY_NAME(.flashdata*)))
                0x100019d0                        . = ALIGN (0x4)

.ARM.extab
 *(.ARM.extab* .gnu.linkonce.armextab.*)
                0x100019d0                        __exidx_start = .

.ARM.exidx
 *(.ARM.exidx* .gnu.linkonce.armexidx.*)
                0x100019d0                        __exidx_end = .
                0x100019d0                        . = ALIGN (0x4)
                0x100019d0                        __binary_info_start = .

.binary_info    0x100019d0       0x1c
 *(.binary_info.keep.*)
 .binary_info.keep.__bi_ptr84
                0x100019d0        0x4 CMakeFiles/hello_world.dir/home/junnaaa/.pico-sdk/sdk/2.1.1/src/rp2_common/pico_standard_binary_info/standard_binary_info.c.o
 .binary_info.keep.__bi_ptr78
                0x100019d4        0x4 CMakeFiles/hello_world.dir/home/junnaaa/.pico-sdk/sdk/2.1.1/src/rp2_common/pico_standard_binary_info/standard_binary_info.c.o
 .binary_info.keep.__bi_ptr54
                0x100019d8        0x4 CMakeFiles/hello_world.dir/home/junnaaa/.pico-sdk/sdk/2.1.1/src/rp2_common/pico_standard_binary_info/standard_binary_info.c.o
 .binary_info.keep.__bi_ptr48
                0x100019dc        0x4 CMakeFiles/hello_world.dir/home/junnaaa/.pico-sdk/sdk/2.1.1/src/rp2_common/pico_standard_binary_info/standard_binary_info.c.o
 .binary_info.keep.__bi_ptr42
                0x100019e0        0x4 CMakeFiles/hello_world.dir/home/junnaaa/.pico-sdk/sdk/2.1.1/src/rp2_common/pico_standard_binary_info/standard_binary_info.c.o
 .binary_info.keep.__bi_ptr34
                0x100019e4        0x4 CMakeFiles/hello_world.dir/home/junnaaa/.pico-sdk/sdk/2.1.1/src/rp2_common/pico_standard_binary_info/standard_binary_info.c.o
 .binary_info.keep.__bi_ptr26
                0x100019e8        0x4 CMakeFiles/hello_world.dir/home/junnaaa/.pico-sdk/sdk/2.1.1/src/rp2_common/pico_standard_binary_info/standard_binary_info.c.o
 *(.binary_info.*)
                0x100019ec                        __binary_info_end = .

.rel.dyn        0x100019ec        0x0
 .rel.iplt      0x100019ec        0x0 /home/junnaaa/.pico-sdk/toolchain/14_2_Rel1/bin/../lib/gcc/arm-none-eabi/14.2.1/thumb/v6-m/nofp/crtbegin.o
                0x100019ec                        . = ALIGN (0x4)

.ram_vector_table
                0x20000000       0xc0
 *(.ram_vector_table)
 .ram_vector_table
                0x20000000       0xc0 CMakeFiles/hello_world.dir/home/junnaaa/.pico-sdk/sdk/2.1.1/src/rp2_common/pico_runtime_init/runtime_init.c.o
                0x20000000                ram_vector_table

.uninitialized_data
                0x200000c0        0x0
                0x200000c0                        . = ALIGN (0x4)
 *(.uninitialized_data*)

.data           0x200000c0      0x128 load address 0x100019ec
                0x200000c0                        __data_start__ = .
 *(vtable)
 *(.time_critical*)
 .time_critical.mutex_try_enter_block_until
                0x200000c0       0x98 CMakeFiles/hello_world.dir/home/junnaaa/.pico-sdk/sdk/2.1.1/src/common/pico_sync/mutex.c.o
                0x200000c0                mutex_try_enter_block_until
 .time_critical.mutex_exit
                0x20000158       0x28 CMakeFiles/hello_world.dir/home/junnaaa/.pico-sdk/sdk/2.1.1/src/common/pico_sync/mutex.c.o
                0x20000158                mutex_exit
 *(.text*)
 .text          0x20000180        0x4 /home/junnaaa/.pico-sdk/toolchain/14_2_Rel1/bin/../lib/gcc/arm-none-eabi/14.2.1/thumb/v6-m/nofp/libgcc.a(_dvmd_tls.o)
                0x20000180                __aeabi_ldiv0
                0x20000180                __aeabi_idiv0
 *fill*         0x20000184        0x4 
 .text.__stub   0x20000188       0x10 linker stubs
                0x20000198                        . = ALIGN (0x4)
 *(.rodata*)
                0x20000198                        . = ALIGN (0x4)
 *(.data*)
 .data.striped_spin_lock_num
                0x20000198        0x1 CMakeFiles/hello_world.dir/home/junnaaa/.pico-sdk/sdk/2.1.1/src/rp2_common/hardware_sync/sync.c.o
 *fill*         0x20000199        0x3 
 .data.default_alarm_pool
                0x2000019c       0x18 CMakeFiles/hello_world.dir/home/junnaaa/.pico-sdk/sdk/2.1.1/src/common/pico_time/time.c.o
 *fill*         0x200001b4        0xc 
 .data.aeabi_bits_funcs
                0x200001c0       0x10 CMakeFiles/hello_world.dir/home/junnaaa/.pico-sdk/sdk/2.1.1/src/rp2_common/pico_bit_ops/bit_ops_aeabi.S.o
                0x200001c0                aeabi_bits_funcs
                0x200001d0                aeabi_bits_funcs_end
 .data.aeabi_mem_funcs
                0x200001d0       0x10 CMakeFiles/hello_world.dir/home/junnaaa/.pico-sdk/sdk/2.1.1/src/rp2_common/pico_mem_ops/mem_ops_aeabi.S.o
                0x200001d0                aeabi_mem_funcs
                0x200001e0                aeabi_mem_funcs_end
                0x200001e0                        . = ALIGN (0x4)
 *(.after_data.*)
                0x200001e0                        . = ALIGN (0x4)
                0x200001e0                        PROVIDE (__mutex_array_start = .)
 *(SORT_BY_NAME(.mutex_array.*))
 *(.mutex_array)
 .mutex_array   0x200001e0        0x8 CMakeFiles/hello_world.dir/home/junnaaa/.pico-sdk/sdk/2.1.1/src/rp2_common/pico_stdio/stdio.c.o
                0x200001e8                        PROVIDE (__mutex_array_end = .)
                0x200001e8                        . = ALIGN (0x4)
 *(.jcr)
                0x200001e8                        . = ALIGN (0x4)

.tm_clone_table
                0x200001e8        0x0 load address 0x10001b14
 .tm_clone_table
                0x200001e8        0x0 /home/junnaaa/.pico-sdk/toolchain/14_2_Rel1/bin/../lib/gcc/arm-none-eabi/14.2.1/thumb/v6-m/nofp/crtbegin.o
 .tm_clone_table
                0x200001e8        0x0 /home/junnaaa/.pico-sdk/toolchain/14_2_Rel1/bin/../lib/gcc/arm-none-eabi/14.2.1/thumb/v6-m/nofp/crtend.o

.igot.plt       0x200001e8        0x0 load address 0x10001b14
 .igot.plt      0x200001e8        0x0 /home/junnaaa/.pico-sdk/toolchain/14_2_Rel1/bin/../lib/gcc/arm-none-eabi/14.2.1/thumb/v6-m/nofp/crtbegin.o

.tdata          0x200001e8        0x0 load address 0x10001b14
                0x200001e8                        . = ALIGN (0x4)
 *(.tdata .tdata.* .gnu.linkonce.td.*)
                0x200001e8                        __tdata_end = .
                0x200001e8                        PROVIDE (__data_end__ = .)
                0x100019ec                        __etext = LOADADDR (.data)

.tbss           0x200001e8        0x0 load address 0x10001b14
                0x200001e8                        . = ALIGN (0x4)
                0x200001e8                        __bss_start__ = .
                0x200001e8                        __tls_base = .
 *(.tbss .tbss.* .gnu.linkonce.tb.*)
 *(.tcommon)
                0x200001e8                        __tls_end = .

.bss            0x200001e8      0x3ec load address 0x10001b14
                0x200001e8                        . = ALIGN (0x4)
                0x200001e8                        __tbss_end = .
 *(SORT_BY_ALIGNMENT(SORT_BY_NAME(.bss*)))
 .bss.default_alarm_pool_entries
                0x200001e8      0x180 CMakeFiles/hello_world.dir/home/junnaaa/.pico-sdk/sdk/2.1.1/src/common/pico_time/time.c.o
 .bss.sd_table  0x20000368      0x100 CMakeFiles/hello_world.dir/home/junnaaa/.pico-sdk/sdk/2.1.1/src/rp2_common/pico_double/double_init_rom_rp2040.c.o
                0x20000368                sd_table
 .bss.sf_table  0x20000468      0x100 CMakeFiles/hello_world.dir/home/junnaaa/.pico-sdk/sdk/2.1.1/src/rp2_common/pico_float/float_init_rom_rp2040.c.o
                0x20000468                sf_table
 .bss.claimed   0x20000568        0x1 CMakeFiles/hello_world.dir/home/junnaaa/.pico-sdk/sdk/2.1.1/src/rp2_common/hardware_timer/timer.c.o
 *fill*         0x20000569        0x3 
 .bss.configured_freq
                0x2000056c       0x28 CMakeFiles/hello_world.dir/home/junnaaa/.pico-sdk/sdk/2.1.1/src/rp2_common/hardware_clocks/clocks.c.o
 .bss.drivers   0x20000594        0x4 CMakeFiles/hello_world.dir/home/junnaaa/.pico-sdk/sdk/2.1.1/src/rp2_common/pico_stdio/stdio.c.o
 .bss.filter    0x20000598        0x4 CMakeFiles/hello_world.dir/home/junnaaa/.pico-sdk/sdk/2.1.1/src/rp2_common/pico_stdio/stdio.c.o
 .bss.lazy_vsnprintf
                0x2000059c        0x4 CMakeFiles/hello_world.dir/home/junnaaa/.pico-sdk/sdk/2.1.1/src/rp2_common/pico_printf/printf.c.o
 .bss.object.0  0x200005a0       0x18 /home/junnaaa/.pico-sdk/toolchain/14_2_Rel1/bin/../lib/gcc/arm-none-eabi/14.2.1/thumb/v6-m/nofp/crtbegin.o
 .bss.phase.0   0x200005b8        0x4 CMakeFiles/hello_world.dir/hello_world.c.o
 .bss.pools     0x200005bc       0x10 CMakeFiles/hello_world.dir/home/junnaaa/.pico-sdk/sdk/2.1.1/src/common/pico_time/time.c.o
 .bss.sf_clz_func
                0x200005cc        0x4 CMakeFiles/hello_world.dir/home/junnaaa/.pico-sdk/sdk/2.1.1/src/rp2_common/pico_double/double_init_rom_rp2040.c.o
                0x200005cc                sf_clz_func
 .bss.sleep_notifier
                0x200005d0        0x4 CMakeFiles/hello_world.dir/home/junnaaa/.pico-sdk/sdk/2.1.1/src/common/pico_time/time.c.o
 *(COMMON)
                0x200005d4                        . = ALIGN (0x4)
                0x200005d4                        __bss_end__ = .

.heap           0x200005d4      0x800 load address 0x10001b14
                0x200005d4                        __end__ = .
                0x200005d4                        end = __end__
 *(.heap*)
 .heap          0x200005d4      0x800 CMakeFiles/hello_world.dir/home/junnaaa/.pico-sdk/sdk/2.1.1/src/rp2_common/pico_crt0/crt0.S.o
                0x20040000                        __HeapLimit = (ORIGIN (RAM) + LENGTH (RAM))

.scratch_x      0x20040000        0x0 load address 0x10001b14
                0x20040000                        __scratch_x_start__ = .
 *(.scratch_x.*)
                0x20040000                        . = ALIGN (0x4)
                0x20040000                        __scratch_x_end__ = .
                0x10001b14                        __scratch_x_source__ = LOADADDR (.scratch_x)

.scratch_y      0x20041000        0x0 load address 0x10001b14
                0x20041000                        __scratch_y_start__ = .
 *(.scratch_y.*)
                0x20041000                        . = ALIGN (0x4)
                0x20041000                        __scratch_y_end__ = .
                0x10001b14                        __scratch_y_source__ = LOADADDR (.scratch_y)

.stack1_dummy
 *(.stack1*)

.stack_dummy    0x20041000      0x800
 *(.stack*)
 .stack         0x20041000      0x800 CMakeFiles/hello_world.dir/home/junnaaa/.pico-sdk/sdk/2.1.1/src/rp2_common/pico_crt0/crt0.S.o

.flash_end      0x10001b14        0x0
 *(.embedded_end_block*)
                0x10001b14                        PROVIDE (__flash_binary_end = .)
                0x20040000                        __StackLimit = (ORIGIN (RAM) + LENGTH (RAM))
                0x20041000                        __StackOneTop = (ORIGIN (SCRATCH_X) + LENGTH (SCRATCH_X))
                0x20042000                        __StackTop = (ORIGIN (SCRATCH_Y) + LENGTH (SCRATCH_Y))
                0x20041000                        __StackOneBottom = (__StackOneTop - SIZEOF (.stack1_dummy))
                0x20041800                        __StackBottom = (__StackTop - SIZEOF (.stack_dummy))
                0x20042000                        PROVIDE (__stack = __StackTop)
                [!provide]                        PROVIDE (__heap_start = __end__)
                [!provide]                        PROVIDE (__heap_end = __HeapLimit)
                [!provide]                        PROVIDE (__tls_align = MAX (ALIGNOF (.tdata), ALIGNOF (.tbss)))
                [!provide]                        PROVIDE (__tls_size_align = (((__tls_size + __tls_align) - 0x1) & ~ ((__tls_align - 0x1))))
                [!provide]                        PROVIDE (__arm32_tls_tcb_offset = MAX (0x8, __tls_align))
                [!provide]                        PROVIDE (_end = __end__)
                [!provide]                        PROVIDE (__llvm_libc_heap_limit = __HeapLimit)
                0x00000001                        ASSERT ((__StackLimit >= __HeapLimit), region RAM overflowed)
                0x00000001                        ASSERT (((__binary_info_header_end - __logical_binary_start) <= 0x100), Binary info must be in first 256 bytes of the binary)
LOAD CMakeFiles/hello_world.dir/hello_world.c.o
LOAD CMakeFiles/hello_world.dir/home/junnaaa/.pico-sdk/sdk/2.1.1/src/rp2_common/pico_stdlib/stdlib.c.o
LOAD CMakeFiles/hello_world.dir/home/junnaaa/.pico-sdk/sdk/2.1.1/src/rp2_common/hardware_gpio/gpio.c.o
LOAD CMakeFiles/hello_world.dir/home/junnaaa/.pico-sdk/sdk/2.1.1/src/rp2040/pico_platform/platform.c.o
LOAD CMakeFiles/hello_world.dir/home/junnaaa/.pico-sdk/sdk/2.1.1/src/rp2_common/pico_platform_panic/panic.c.o
LOAD CMakeFiles/hello_world.dir/home/junnaaa/.pico-sdk/sdk/2.1.1/src/common/hardware_claim/claim.c.o
LOAD CMakeFiles/hello_world.dir/home/junnaaa/.pico-sdk/sdk/2.1.1/src/rp2_common/hardware_sync/sync.c.o
LOAD CMakeFiles/hello_world.dir/home/junnaaa/.pico-sdk/sdk/2.1.1/src/rp2_common/hardware_sync_spin_lock/sync_spin_lock.c.o
LOAD CMakeFiles/hello_world.dir/home/junnaaa/.pico-sdk/sdk/2.1.1/src/rp2_common/hardware_irq/irq.c.o
LOAD CMakeFiles/hello_world.dir/home/junnaaa/.pico-sdk/sdk/2.1.1/src/rp2_common/hardware_irq/irq_handler_chain.S.o
LOAD CMakeFiles/hello_world.dir/home/junnaaa/.pico-sdk/sdk/2.1.1/src/common/pico_sync/sem.c.o
LOAD CMakeFiles/hello_world.dir/home/junnaaa/.pico-sdk/sdk/2.1.1/src/common/pico_sync/lock_core.c.o
LOAD CMakeFiles/hello_world.dir/home/junnaaa/.pico-sdk/sdk/2.1.1/src/common/pico_sync/mutex.c.o
LOAD CMakeFiles/hello_world.dir/home/junnaaa/.pico-sdk/sdk/2.1.1/src/common/pico_sync/critical_section.c.o
LOAD CMakeFiles/hello_world.dir/home/junnaaa/.pico-sdk/sdk/2.1.1/src/common/pico_time/time.c.o
LOAD CMakeFiles/hello_world.dir/home/junnaaa/.pico-sdk/sdk/2.1.1/src/common/pico_time/timeout_helper.c.o
LOAD CMakeFiles/hello_world.dir/home/junnaaa/.pico-sdk/sdk/2.1.1/src/rp2_common/hardware_timer/timer.c.o
LOAD CMakeFiles/hello_world.dir/home/junnaaa/.pico-sdk/sdk/2.1.1/src/common/pico_util/datetime.c.o
LOAD CMakeFiles/hello_world.dir/home/junnaaa/.pico-sdk/sdk/2.1.1/src/common/pico_util/pheap.c.o
LOAD CMakeFiles/hello_world.dir/home/junnaaa/.pico-sdk/sdk/2.1.1/src/common/pico_util/queue.c.o
LOAD CMakeFiles/hello_world.dir/home/junnaaa/.pico-sdk/sdk/2.1.1/src/rp2_common/hardware_uart/uart.c.o
LOAD CMakeFiles/hello_world.dir/home/junnaaa/.pico-sdk/sdk/2.1.1/src/rp2_common/hardware_clocks/clocks.c.o
LOAD CMakeFiles/hello_world.dir/home/junnaaa/.pico-sdk/sdk/2.1.1/src/rp2_common/hardware_pll/pll.c.o
LOAD CMakeFiles/hello_world.dir/home/junnaaa/.pico-sdk/sdk/2.1.1/src/rp2_common/hardware_vreg/vreg.c.o
LOAD CMakeFiles/hello_world.dir/home/junnaaa/.pico-sdk/sdk/2.1.1/src/rp2_common/hardware_watchdog/watchdog.c.o
LOAD CMakeFiles/hello_world.dir/home/junnaaa/.pico-sdk/sdk/2.1.1/src/rp2_common/hardware_ticks/ticks.c.o
LOAD CMakeFiles/hello_world.dir/home/junnaaa/.pico-sdk/sdk/2.1.1/src/rp2_common/pico_bootrom/bootrom.c.o
LOAD CMakeFiles/hello_world.dir/home/junnaaa/.pico-sdk/sdk/2.1.1/src/rp2_common/pico_bootrom/bootrom_lock.c.o
LOAD CMakeFiles/hello_world.dir/home/junnaaa/.pico-sdk/sdk/2.1.1/src/rp2_common/hardware_boot_lock/boot_lock.c.o
LOAD CMakeFiles/hello_world.dir/home/junnaaa/.pico-sdk/sdk/2.1.1/src/rp2_common/pico_flash/flash.c.o
LOAD CMakeFiles/hello_world.dir/home/junnaaa/.pico-sdk/sdk/2.1.1/src/rp2_common/hardware_xosc/xosc.c.o
LOAD CMakeFiles/hello_world.dir/home/junnaaa/.pico-sdk/sdk/2.1.1/src/rp2_common/hardware_divider/divider.S.o
LOAD CMakeFiles/hello_world.dir/home/junnaaa/.pico-sdk/sdk/2.1.1/src/rp2_common/pico_runtime/runtime.c.o
LOAD CMakeFiles/hello_world.dir/home/junnaaa/.pico-sdk/sdk/2.1.1/src/rp2_common/pico_runtime_init/runtime_init.c.o
LOAD CMakeFiles/hello_world.dir/home/junnaaa/.pico-sdk/sdk/2.1.1/src/rp2_common/pico_runtime_init/runtime_init_clocks.c.o
LOAD CMakeFiles/hello_world.dir/home/junnaaa/.pico-sdk/sdk/2.1.1/src/rp2_common/pico_runtime_init/runtime_init_stack_guard.c.o
LOAD CMakeFiles/hello_world.dir/home/junnaaa/.pico-sdk/sdk/2.1.1/src/rp2_common/pico_bit_ops/bit_ops_aeabi.S.o
LOAD CMakeFiles/hello_world.dir/home/junnaaa/.pico-sdk/sdk/2.1.1/src/rp2_common/pico_divider/divider_hardware.S.o
LOAD CMakeFiles/hello_world.dir/home/junnaaa/.pico-sdk/sdk/2.1.1/src/rp2_common/pico_double/double_aeabi_rp2040.S.o
LOAD CMakeFiles/hello_world.dir/home/junnaaa/.pico-sdk/sdk/2.1.1/src/rp2_common/pico_double/double_init_rom_rp2040.c.o
LOAD CMakeFiles/hello_world.dir/home/junnaaa/.pico-sdk/sdk/2.1.1/src/rp2_common/pico_double/double_math.c.o
LOAD CMakeFiles/hello_world.dir/home/junnaaa/.pico-sdk/sdk/2.1.1/src/rp2_common/pico_double/double_v1_rom_shim_rp2040.S.o
LOAD CMakeFiles/hello_world.dir/home/junnaaa/.pico-sdk/sdk/2.1.1/src/rp2_common/pico_int64_ops/pico_int64_ops_aeabi.S.o
LOAD CMakeFiles/hello_world.dir/home/junnaaa/.pico-sdk/sdk/2.1.1/src/rp2_common/pico_float/float_aeabi_rp2040.S.o
LOAD CMakeFiles/hello_world.dir/home/junnaaa/.pico-sdk/sdk/2.1.1/src/rp2_common/pico_float/float_init_rom_rp2040.c.o
LOAD CMakeFiles/hello_world.dir/home/junnaaa/.pico-sdk/sdk/2.1.1/src/rp2_common/pico_float/float_math.c.o
LOAD CMakeFiles/hello_world.dir/home/junnaaa/.pico-sdk/sdk/2.1.1/src/rp2_common/pico_float/float_v1_rom_shim_rp2040.S.o
LOAD CMakeFiles/hello_world.dir/home/junnaaa/.pico-sdk/sdk/2.1.1/src/rp2_common/pico_malloc/malloc.c.o
LOAD CMakeFiles/hello_world.dir/home/junnaaa/.pico-sdk/sdk/2.1.1/src/rp2_common/pico_mem_ops/mem_ops_aeabi.S.o
LOAD CMakeFiles/hello_world.dir/home/junnaaa/.pico-sdk/sdk/2.1.1/src/rp2_common/pico_atomic/atomic.c.o
LOAD CMakeFiles/hello_world.dir/home/junnaaa/.pico-sdk/sdk/2.1.1/src/rp2_common/pico_cxx_options/new_delete.cpp.o
LOAD CMakeFiles/hello_world.dir/home/junnaaa/.pico-sdk/sdk/2.1.1/src/rp2_common/pico_standard_binary_info/standard_binary_info.c.o
LOAD CMakeFiles/hello_world.dir/home/junnaaa/.pico-sdk/sdk/2.1.1/src/rp2_common/pico_printf/printf.c.o
LOAD CMakeFiles/hello_world.dir/home/junnaaa/.pico-sdk/sdk/2.1.1/src/rp2_common/pico_crt0/crt0.S.o
LOAD CMakeFiles/hello_world.dir/home/junnaaa/.pico-sdk/sdk/2.1.1/src/rp2_common/pico_clib_interface/newlib_interface.c.o
LOAD CMakeFiles/hello_world.dir/home/junnaaa/.pico-sdk/sdk/2.1.1/src/rp2_common/pico_stdio/stdio.c.o
LOAD CMakeFiles/hello_world.dir/home/junnaaa/.pico-sdk/sdk/2.1.1/src/rp2_common/pico_stdio_uart/stdio_uart.c.o
LOAD pico-sdk/src/rp2040/boot_stage2/CMakeFiles/bs2_default_library.dir/./bs2_default_padded_checksummed.S.o
LOAD /home/junnaaa/.pico-sdk/toolchain/14_2_Rel1/bin/../lib/gcc/arm-none-eabi/14.2.1/../../../../arm-none-eabi/lib/thumb/v6-m/nofp/libstdc++.a
LOAD /home/junnaaa/.pico-sdk/toolchain/14_2_Rel1/bin/../lib/gcc/arm-none-eabi/14.2.1/../../../../arm-none-eabi/lib/thumb/v6-m/nofp/libm.a
START GROUP
LOAD /home/junnaaa/.pico-sdk/toolchain/14_2_Rel1/bin/../lib/gcc/arm-none-eabi/14.2.1/thumb/v6-m/nofp/libgcc.a
LOAD /home/junnaaa/.pico-sdk/toolchain/14_2_Rel1/bin/../lib/gcc/arm-none-eabi/14.2.1/../../../../arm-none-eabi/lib/thumb/v6-m/nofp/libg.a
LOAD /home/junnaaa/.pico-sdk/toolchain/14_2_Rel1/bin/../lib/gcc/arm-none-eabi/14.2.1/../../../../arm-none-eabi/lib/thumb/v6-m/nofp/libc.a
END GROUP
START GROUP
LOAD /home/junnaaa/.pico-sdk/toolchain/14_2_Rel1/bin/../lib/gcc/arm-none-eabi/14.2.1/thumb/v6-m/nofp/libgcc.a
LOAD /home/junnaaa/.pico-sdk/toolchain/14_2_Rel1/bin/../lib/gcc/arm-none-eabi/14.2.1/../../../../arm-none-eabi/lib/thumb/v6-m/nofp/libc.a
LOAD /home/junnaaa/.pico-sdk/toolchain/14_2_Rel1/bin/../lib/gcc/arm-none-eabi/14.2.1/../../../../arm-none-eabi/lib/thumb/v6-m/nofp/libnosys.a
END GROUP
LOAD /home/junnaaa/.pico-sdk/toolchain/14_2_Rel1/bin/../lib/gcc/arm-none-eabi/14.2.1/thumb/v6-m/nofp/crtend.o
LOAD /home/junnaaa/.pico-sdk/toolchain/14_2_Rel1/bin/../lib/gcc/arm-none-eabi/14.2.1/thumb/v6-m/nofp/crtn.o
OUTPUT(hello_world.elf elf32-littlearm)
LOAD linker stubs

.ARM.attributes
                0x00000000       0x28
 .ARM.attributes
                0x00000000       0x1e /home/junnaaa/.pico-sdk/toolchain/14_2_Rel1/bin/../lib/gcc/arm-none-eabi/14.2.1/thumb/v6-m/nofp/crti.o
 .ARM.attributes
                0x0000001e       0x2c /home/junnaaa/.pico-sdk/toolchain/14_2_Rel1/bin/../lib/gcc/arm-none-eabi/14.2.1/thumb/v6-m/nofp/crtbegin.o
 .ARM.attributes
                0x0000004a       0x2c CMakeFiles/hello_world.dir/hello_world.c.o
 .ARM.attributes
                0x00000076       0x2c CMakeFiles/hello_world.dir/home/junnaaa/.pico-sdk/sdk/2.1.1/src/rp2_common/hardware_gpio/gpio.c.o
 .ARM.attributes
                0x000000a2       0x2c CMakeFiles/hello_world.dir/home/junnaaa/.pico-sdk/sdk/2.1.1/src/rp2_common/pico_platform_panic/panic.c.o
 .ARM.attributes
                0x000000ce       0x2c CMakeFiles/hello_world.dir/home/junnaaa/.pico-sdk/sdk/2.1.1/src/common/hardware_claim/claim.c.o
 .ARM.attributes
                0x000000fa       0x2c CMakeFiles/hello_world.dir/home/junnaaa/.pico-sdk/sdk/2.1.1/src/rp2_common/hardware_sync/sync.c.o
 .ARM.attributes
                0x00000126       0x2c CMakeFiles/hello_world.dir/home/junnaaa/.pico-sdk/sdk/2.1.1/src/rp2_common/hardware_sync_spin_lock/sync_spin_lock.c.o
 .ARM.attributes
                0x00000152       0x2c CMakeFiles/hello_world.dir/home/junnaaa/.pico-sdk/sdk/2.1.1/src/rp2_common/hardware_irq/irq.c.o
 .ARM.attributes
                0x0000017e       0x2c CMakeFiles/hello_world.dir/home/junnaaa/.pico-sdk/sdk/2.1.1/src/common/pico_sync/lock_core.c.o
 .ARM.attributes
                0x000001aa       0x2c CMakeFiles/hello_world.dir/home/junnaaa/.pico-sdk/sdk/2.1.1/src/common/pico_sync/mutex.c.o
 .ARM.attributes
                0x000001d6       0x2c CMakeFiles/hello_world.dir/home/junnaaa/.pico-sdk/sdk/2.1.1/src/common/pico_time/time.c.o
 .ARM.attributes
                0x00000202       0x2c CMakeFiles/hello_world.dir/home/junnaaa/.pico-sdk/sdk/2.1.1/src/rp2_common/hardware_timer/timer.c.o
 .ARM.attributes
                0x0000022e       0x2c CMakeFiles/hello_world.dir/home/junnaaa/.pico-sdk/sdk/2.1.1/src/rp2_common/hardware_clocks/clocks.c.o
 .ARM.attributes
                0x0000025a       0x2c CMakeFiles/hello_world.dir/home/junnaaa/.pico-sdk/sdk/2.1.1/src/rp2_common/hardware_pll/pll.c.o
 .ARM.attributes
                0x00000286       0x2c CMakeFiles/hello_world.dir/home/junnaaa/.pico-sdk/sdk/2.1.1/src/rp2_common/hardware_ticks/ticks.c.o
 .ARM.attributes
                0x000002b2       0x2c CMakeFiles/hello_world.dir/home/junnaaa/.pico-sdk/sdk/2.1.1/src/rp2_common/pico_bootrom/bootrom.c.o
 .ARM.attributes
                0x000002de       0x2c CMakeFiles/hello_world.dir/home/junnaaa/.pico-sdk/sdk/2.1.1/src/rp2_common/hardware_xosc/xosc.c.o
 .ARM.attributes
                0x0000030a       0x2c CMakeFiles/hello_world.dir/home/junnaaa/.pico-sdk/sdk/2.1.1/src/rp2_common/pico_runtime/runtime.c.o
 .ARM.attributes
                0x00000336       0x2c CMakeFiles/hello_world.dir/home/junnaaa/.pico-sdk/sdk/2.1.1/src/rp2_common/pico_runtime_init/runtime_init.c.o
 .ARM.attributes
                0x00000362       0x2c CMakeFiles/hello_world.dir/home/junnaaa/.pico-sdk/sdk/2.1.1/src/rp2_common/pico_runtime_init/runtime_init_clocks.c.o
 .ARM.attributes
                0x0000038e       0x22 CMakeFiles/hello_world.dir/home/junnaaa/.pico-sdk/sdk/2.1.1/src/rp2_common/pico_bit_ops/bit_ops_aeabi.S.o
 .ARM.attributes
                0x000003b0       0x22 CMakeFiles/hello_world.dir/home/junnaaa/.pico-sdk/sdk/2.1.1/src/rp2_common/pico_divider/divider_hardware.S.o
 .ARM.attributes
                0x000003d2       0x22 CMakeFiles/hello_world.dir/home/junnaaa/.pico-sdk/sdk/2.1.1/src/rp2_common/pico_double/double_aeabi_rp2040.S.o
 .ARM.attributes
                0x000003f4       0x2c CMakeFiles/hello_world.dir/home/junnaaa/.pico-sdk/sdk/2.1.1/src/rp2_common/pico_double/double_init_rom_rp2040.c.o
 .ARM.attributes
                0x00000420       0x22 CMakeFiles/hello_world.dir/home/junnaaa/.pico-sdk/sdk/2.1.1/src/rp2_common/pico_double/double_v1_rom_shim_rp2040.S.o
 .ARM.attributes
                0x00000442       0x22 CMakeFiles/hello_world.dir/home/junnaaa/.pico-sdk/sdk/2.1.1/src/rp2_common/pico_int64_ops/pico_int64_ops_aeabi.S.o
 .ARM.attributes
                0x00000464       0x22 CMakeFiles/hello_world.dir/home/junnaaa/.pico-sdk/sdk/2.1.1/src/rp2_common/pico_float/float_aeabi_rp2040.S.o
 .ARM.attributes
                0x00000486       0x2c CMakeFiles/hello_world.dir/home/junnaaa/.pico-sdk/sdk/2.1.1/src/rp2_common/pico_float/float_init_rom_rp2040.c.o
 .ARM.attributes
                0x000004b2       0x22 CMakeFiles/hello_world.dir/home/junnaaa/.pico-sdk/sdk/2.1.1/src/rp2_common/pico_float/float_v1_rom_shim_rp2040.S.o
 .ARM.attributes
                0x000004d4       0x22 CMakeFiles/hello_world.dir/home/junnaaa/.pico-sdk/sdk/2.1.1/src/rp2_common/pico_mem_ops/mem_ops_aeabi.S.o
 .ARM.attributes
                0x000004f6       0x2c CMakeFiles/hello_world.dir/home/junnaaa/.pico-sdk/sdk/2.1.1/src/rp2_common/pico_standard_binary_info/standard_binary_info.c.o
 .ARM.attributes
                0x00000522       0x2c CMakeFiles/hello_world.dir/home/junnaaa/.pico-sdk/sdk/2.1.1/src/rp2_common/pico_printf/printf.c.o
 .ARM.attributes
                0x0000054e       0x22 CMakeFiles/hello_world.dir/home/junnaaa/.pico-sdk/sdk/2.1.1/src/rp2_common/pico_crt0/crt0.S.o
 .ARM.attributes
                0x00000570       0x2c CMakeFiles/hello_world.dir/home/junnaaa/.pico-sdk/sdk/2.1.1/src/rp2_common/pico_clib_interface/newlib_interface.c.o
 .ARM.attributes
                0x0000059c       0x2c CMakeFiles/hello_world.dir/home/junnaaa/.pico-sdk/sdk/2.1.1/src/rp2_common/pico_stdio/stdio.c.o
 .ARM.attributes
                0x000005c8       0x22 pico-sdk/src/rp2040/boot_stage2/CMakeFiles/bs2_default_library.dir/./bs2_default_padded_checksummed.S.o
 .ARM.attributes
                0x000005ea       0x1e /home/junnaaa/.pico-sdk/toolchain/14_2_Rel1/bin/../lib/gcc/arm-none-eabi/14.2.1/thumb/v6-m/nofp/libgcc.a(_dvmd_tls.o)
 .ARM.attributes
                0x00000608       0x2c /home/junnaaa/.pico-sdk/toolchain/14_2_Rel1/bin/../lib/gcc/arm-none-eabi/14.2.1/../../../../arm-none-eabi/lib/thumb/v6-m/nofp/libg.a(libc_a-strlen-stub.o)
 .ARM.attributes
                0x00000634       0x2c /home/junnaaa/.pico-sdk/toolchain/14_2_Rel1/bin/../lib/gcc/arm-none-eabi/14.2.1/thumb/v6-m/nofp/crtend.o

.comment        0x00000000       0x45
 .comment       0x00000000       0x45 CMakeFiles/hello_world.dir/hello_world.c.o
                                 0x46 (size before relaxing)
 .comment       0x00000045       0x46 CMakeFiles/hello_world.dir/home/junnaaa/.pico-sdk/sdk/2.1.1/src/rp2_common/hardware_gpio/gpio.c.o
 .comment       0x00000045       0x46 CMakeFiles/hello_world.dir/home/junnaaa/.pico-sdk/sdk/2.1.1/src/rp2_common/pico_platform_panic/panic.c.o
 .comment       0x00000045       0x46 CMakeFiles/hello_world.dir/home/junnaaa/.pico-sdk/sdk/2.1.1/src/common/hardware_claim/claim.c.o
 .comment       0x00000045       0x46 CMakeFiles/hello_world.dir/home/junnaaa/.pico-sdk/sdk/2.1.1/src/rp2_common/hardware_sync/sync.c.o
 .comment       0x00000045       0x46 CMakeFiles/hello_world.dir/home/junnaaa/.pico-sdk/sdk/2.1.1/src/rp2_common/hardware_sync_spin_lock/sync_spin_lock.c.o
 .comment       0x00000045       0x46 CMakeFiles/hello_world.dir/home/junnaaa/.pico-sdk/sdk/2.1.1/src/rp2_common/hardware_irq/irq.c.o
 .comment       0x00000045       0x46 CMakeFiles/hello_world.dir/home/junnaaa/.pico-sdk/sdk/2.1.1/src/common/pico_sync/lock_core.c.o
 .comment       0x00000045       0x46 CMakeFiles/hello_world.dir/home/junnaaa/.pico-sdk/sdk/2.1.1/src/common/pico_sync/mutex.c.o
 .comment       0x00000045       0x46 CMakeFiles/hello_world.dir/home/junnaaa/.pico-sdk/sdk/2.1.1/src/common/pico_time/time.c.o
 .comment       0x00000045       0x46 CMakeFiles/hello_world.dir/home/junnaaa/.pico-sdk/sdk/2.1.1/src/rp2_common/hardware_timer/timer.c.o
 .comment       0x00000045       0x46 CMakeFiles/hello_world.dir/home/junnaaa/.pico-sdk/sdk/2.1.1/src/rp2_common/hardware_clocks/clocks.c.o
 .comment       0x00000045       0x46 CMakeFiles/hello_world.dir/home/junnaaa/.pico-sdk/sdk/2.1.1/src/rp2_common/hardware_pll/pll.c.o
 .comment       0x00000045       0x46 CMakeFiles/hello_world.dir/home/junnaaa/.pico-sdk/sdk/2.1.1/src/rp2_common/hardware_ticks/ticks.c.o
 .comment       0x00000045       0x46 CMakeFiles/hello_world.dir/home/junnaaa/.pico-sdk/sdk/2.1.1/src/rp2_common/pico_bootrom/bootrom.c.o
 .comment       0x00000045       0x46 CMakeFiles/hello_world.dir/home/junnaaa/.pico-sdk/sdk/2.1.1/src/rp2_common/hardware_xosc/xosc.c.o
 .comment       0x00000045       0x46 CMakeFiles/hello_world.dir/home/junnaaa/.pico-sdk/sdk/2.1.1/src/rp2_common/pico_runtime/runtime.c.o
 .comment       0x00000045       0x46 CMakeFiles/hello_world.dir/home/junnaaa/.pico-sdk/sdk/2.1.1/src/rp2_common/pico_runtime_init/runtime_init.c.o
 .comment       0x00000045       0x46 CMakeFiles/hello_world.dir/home/junnaaa/.pico-sdk/sdk/2.1.1/src/rp2_common/pico_runtime_init/runtime_init_clocks.c.o
 .comment       0x00000045       0x46 CMakeFiles/hello_world.dir/home/junnaaa/.pico-sdk/sdk/2.1.1/src/rp2_common/pico_double/double_init_rom_rp2040.c.o
 .comment       0x00000045       0x46 CMakeFiles/hello_world.dir/home/junnaaa/.pico-sdk/sdk/2.1.1/src/rp2_common/pico_float/float_init_rom_rp2040.c.o
 .comment       0x00000045       0x46 CMakeFiles/hello_world.dir/home/junnaaa/.pico-sdk/sdk/2.1.1/src/rp2_common/pico_standard_binary_info/standard_binary_info.c.o
 .comment       0x00000045       0x46 CMakeFiles/hello_world.dir/home/junnaaa/.pico-sdk/sdk/2.1.1/src/rp2_common/pico_printf/printf.c.o
 .comment       0x00000045       0x46 CMakeFiles/hello_world.dir/home/junnaaa/.pico-sdk/sdk/2.1.1/src/rp2_common/pico_clib_interface/newlib_interface.c.o
 .comment       0x00000045       0x46 CMakeFiles/hello_world.dir/home/junnaaa/.pico-sdk/sdk/2.1.1/src/rp2_common/pico_stdio/stdio.c.o

.debug_info     0x00000000    0x1b4b3
 .debug_info    0x00000000     0x1905 CMakeFiles/hello_world.dir/hello_world.c.o
 .debug_info    0x00001905     0x242d CMakeFiles/hello_world.dir/home/junnaaa/.pico-sdk/sdk/2.1.1/src/rp2_common/hardware_gpio/gpio.c.o
 .debug_info    0x00003d32      0x1bf CMakeFiles/hello_world.dir/home/junnaaa/.pico-sdk/sdk/2.1.1/src/rp2_common/pico_platform_panic/panic.c.o
 .debug_info    0x00003ef1      0x9a1 CMakeFiles/hello_world.dir/home/junnaaa/.pico-sdk/sdk/2.1.1/src/common/hardware_claim/claim.c.o
 .debug_info    0x00004892      0x45c CMakeFiles/hello_world.dir/home/junnaaa/.pico-sdk/sdk/2.1.1/src/rp2_common/hardware_sync/sync.c.o
 .debug_info    0x00004cee      0x245 CMakeFiles/hello_world.dir/home/junnaaa/.pico-sdk/sdk/2.1.1/src/rp2_common/hardware_sync_spin_lock/sync_spin_lock.c.o
 .debug_info    0x00004f33     0x220f CMakeFiles/hello_world.dir/home/junnaaa/.pico-sdk/sdk/2.1.1/src/rp2_common/hardware_irq/irq.c.o
 .debug_info    0x00007142      0x15f CMakeFiles/hello_world.dir/home/junnaaa/.pico-sdk/sdk/2.1.1/src/common/pico_sync/lock_core.c.o
 .debug_info    0x000072a1     0x27f1 CMakeFiles/hello_world.dir/home/junnaaa/.pico-sdk/sdk/2.1.1/src/common/pico_sync/mutex.c.o
 .debug_info    0x00009a92     0x5036 CMakeFiles/hello_world.dir/home/junnaaa/.pico-sdk/sdk/2.1.1/src/common/pico_time/time.c.o
 .debug_info    0x0000eac8     0x2b13 CMakeFiles/hello_world.dir/home/junnaaa/.pico-sdk/sdk/2.1.1/src/rp2_common/hardware_timer/timer.c.o
 .debug_info    0x000115db     0x2991 CMakeFiles/hello_world.dir/home/junnaaa/.pico-sdk/sdk/2.1.1/src/rp2_common/hardware_clocks/clocks.c.o
 .debug_info    0x00013f6c      0x4e5 CMakeFiles/hello_world.dir/home/junnaaa/.pico-sdk/sdk/2.1.1/src/rp2_common/hardware_pll/pll.c.o
 .debug_info    0x00014451      0x248 CMakeFiles/hello_world.dir/home/junnaaa/.pico-sdk/sdk/2.1.1/src/rp2_common/hardware_ticks/ticks.c.o
 .debug_info    0x00014699      0x678 CMakeFiles/hello_world.dir/home/junnaaa/.pico-sdk/sdk/2.1.1/src/rp2_common/pico_bootrom/bootrom.c.o
 .debug_info    0x00014d11      0x1d0 CMakeFiles/hello_world.dir/home/junnaaa/.pico-sdk/sdk/2.1.1/src/rp2_common/hardware_xosc/xosc.c.o
 .debug_info    0x00014ee1      0x21a CMakeFiles/hello_world.dir/home/junnaaa/.pico-sdk/sdk/2.1.1/src/rp2_common/pico_runtime/runtime.c.o
 .debug_info    0x000150fb      0x795 CMakeFiles/hello_world.dir/home/junnaaa/.pico-sdk/sdk/2.1.1/src/rp2_common/pico_runtime_init/runtime_init.c.o
 .debug_info    0x00015890      0x781 CMakeFiles/hello_world.dir/home/junnaaa/.pico-sdk/sdk/2.1.1/src/rp2_common/pico_runtime_init/runtime_init_clocks.c.o
 .debug_info    0x00016011       0x23 CMakeFiles/hello_world.dir/home/junnaaa/.pico-sdk/sdk/2.1.1/src/rp2_common/pico_bit_ops/bit_ops_aeabi.S.o
 .debug_info    0x00016034       0x23 CMakeFiles/hello_world.dir/home/junnaaa/.pico-sdk/sdk/2.1.1/src/rp2_common/pico_divider/divider_hardware.S.o
 .debug_info    0x00016057       0x23 CMakeFiles/hello_world.dir/home/junnaaa/.pico-sdk/sdk/2.1.1/src/rp2_common/pico_double/double_aeabi_rp2040.S.o
 .debug_info    0x0001607a      0x27e CMakeFiles/hello_world.dir/home/junnaaa/.pico-sdk/sdk/2.1.1/src/rp2_common/pico_double/double_init_rom_rp2040.c.o
 .debug_info    0x000162f8       0x23 CMakeFiles/hello_world.dir/home/junnaaa/.pico-sdk/sdk/2.1.1/src/rp2_common/pico_double/double_v1_rom_shim_rp2040.S.o
 .debug_info    0x0001631b       0x24 CMakeFiles/hello_world.dir/home/junnaaa/.pico-sdk/sdk/2.1.1/src/rp2_common/pico_int64_ops/pico_int64_ops_aeabi.S.o
 .debug_info    0x0001633f       0x23 CMakeFiles/hello_world.dir/home/junnaaa/.pico-sdk/sdk/2.1.1/src/rp2_common/pico_float/float_aeabi_rp2040.S.o
 .debug_info    0x00016362      0x27e CMakeFiles/hello_world.dir/home/junnaaa/.pico-sdk/sdk/2.1.1/src/rp2_common/pico_float/float_init_rom_rp2040.c.o
 .debug_info    0x000165e0       0x23 CMakeFiles/hello_world.dir/home/junnaaa/.pico-sdk/sdk/2.1.1/src/rp2_common/pico_float/float_v1_rom_shim_rp2040.S.o
 .debug_info    0x00016603       0x23 CMakeFiles/hello_world.dir/home/junnaaa/.pico-sdk/sdk/2.1.1/src/rp2_common/pico_mem_ops/mem_ops_aeabi.S.o
 .debug_info    0x00016626      0x2b8 CMakeFiles/hello_world.dir/home/junnaaa/.pico-sdk/sdk/2.1.1/src/rp2_common/pico_standard_binary_info/standard_binary_info.c.o
 .debug_info    0x000168de     0x22f2 CMakeFiles/hello_world.dir/home/junnaaa/.pico-sdk/sdk/2.1.1/src/rp2_common/pico_printf/printf.c.o
 .debug_info    0x00018bd0       0x23 CMakeFiles/hello_world.dir/home/junnaaa/.pico-sdk/sdk/2.1.1/src/rp2_common/pico_crt0/crt0.S.o
 .debug_info    0x00018bf3      0xb54 CMakeFiles/hello_world.dir/home/junnaaa/.pico-sdk/sdk/2.1.1/src/rp2_common/pico_clib_interface/newlib_interface.c.o
 .debug_info    0x00019747     0x1d6c CMakeFiles/hello_world.dir/home/junnaaa/.pico-sdk/sdk/2.1.1/src/rp2_common/pico_stdio/stdio.c.o

.debug_abbrev   0x00000000     0x4a88
 .debug_abbrev  0x00000000      0x2d6 CMakeFiles/hello_world.dir/hello_world.c.o
 .debug_abbrev  0x000002d6      0x50e CMakeFiles/hello_world.dir/home/junnaaa/.pico-sdk/sdk/2.1.1/src/rp2_common/hardware_gpio/gpio.c.o
 .debug_abbrev  0x000007e4      0x12b CMakeFiles/hello_world.dir/home/junnaaa/.pico-sdk/sdk/2.1.1/src/rp2_common/pico_platform_panic/panic.c.o
 .debug_abbrev  0x0000090f      0x328 CMakeFiles/hello_world.dir/home/junnaaa/.pico-sdk/sdk/2.1.1/src/common/hardware_claim/claim.c.o
 .debug_abbrev  0x00000c37      0x20f CMakeFiles/hello_world.dir/home/junnaaa/.pico-sdk/sdk/2.1.1/src/rp2_common/hardware_sync/sync.c.o
 .debug_abbrev  0x00000e46      0x1bb CMakeFiles/hello_world.dir/home/junnaaa/.pico-sdk/sdk/2.1.1/src/rp2_common/hardware_sync_spin_lock/sync_spin_lock.c.o
 .debug_abbrev  0x00001001      0x614 CMakeFiles/hello_world.dir/home/junnaaa/.pico-sdk/sdk/2.1.1/src/rp2_common/hardware_irq/irq.c.o
 .debug_abbrev  0x00001615       0xee CMakeFiles/hello_world.dir/home/junnaaa/.pico-sdk/sdk/2.1.1/src/common/pico_sync/lock_core.c.o
 .debug_abbrev  0x00001703      0x48c CMakeFiles/hello_world.dir/home/junnaaa/.pico-sdk/sdk/2.1.1/src/common/pico_sync/mutex.c.o
 .debug_abbrev  0x00001b8f      0x659 CMakeFiles/hello_world.dir/home/junnaaa/.pico-sdk/sdk/2.1.1/src/common/pico_time/time.c.o
 .debug_abbrev  0x000021e8      0x4f2 CMakeFiles/hello_world.dir/home/junnaaa/.pico-sdk/sdk/2.1.1/src/rp2_common/hardware_timer/timer.c.o
 .debug_abbrev  0x000026da      0x4eb CMakeFiles/hello_world.dir/home/junnaaa/.pico-sdk/sdk/2.1.1/src/rp2_common/hardware_clocks/clocks.c.o
 .debug_abbrev  0x00002bc5      0x1d2 CMakeFiles/hello_world.dir/home/junnaaa/.pico-sdk/sdk/2.1.1/src/rp2_common/hardware_pll/pll.c.o
 .debug_abbrev  0x00002d97      0x145 CMakeFiles/hello_world.dir/home/junnaaa/.pico-sdk/sdk/2.1.1/src/rp2_common/hardware_ticks/ticks.c.o
 .debug_abbrev  0x00002edc      0x1bc CMakeFiles/hello_world.dir/home/junnaaa/.pico-sdk/sdk/2.1.1/src/rp2_common/pico_bootrom/bootrom.c.o
 .debug_abbrev  0x00003098      0x11d CMakeFiles/hello_world.dir/home/junnaaa/.pico-sdk/sdk/2.1.1/src/rp2_common/hardware_xosc/xosc.c.o
 .debug_abbrev  0x000031b5      0x182 CMakeFiles/hello_world.dir/home/junnaaa/.pico-sdk/sdk/2.1.1/src/rp2_common/pico_runtime/runtime.c.o
 .debug_abbrev  0x00003337      0x222 CMakeFiles/hello_world.dir/home/junnaaa/.pico-sdk/sdk/2.1.1/src/rp2_common/pico_runtime_init/runtime_init.c.o
 .debug_abbrev  0x00003559      0x2af CMakeFiles/hello_world.dir/home/junnaaa/.pico-sdk/sdk/2.1.1/src/rp2_common/pico_runtime_init/runtime_init_clocks.c.o
 .debug_abbrev  0x00003808       0x12 CMakeFiles/hello_world.dir/home/junnaaa/.pico-sdk/sdk/2.1.1/src/rp2_common/pico_bit_ops/bit_ops_aeabi.S.o
 .debug_abbrev  0x0000381a       0x12 CMakeFiles/hello_world.dir/home/junnaaa/.pico-sdk/sdk/2.1.1/src/rp2_common/pico_divider/divider_hardware.S.o
 .debug_abbrev  0x0000382c       0x12 CMakeFiles/hello_world.dir/home/junnaaa/.pico-sdk/sdk/2.1.1/src/rp2_common/pico_double/double_aeabi_rp2040.S.o
 .debug_abbrev  0x0000383e      0x17a CMakeFiles/hello_world.dir/home/junnaaa/.pico-sdk/sdk/2.1.1/src/rp2_common/pico_double/double_init_rom_rp2040.c.o
 .debug_abbrev  0x000039b8       0x12 CMakeFiles/hello_world.dir/home/junnaaa/.pico-sdk/sdk/2.1.1/src/rp2_common/pico_double/double_v1_rom_shim_rp2040.S.o
 .debug_abbrev  0x000039ca       0x14 CMakeFiles/hello_world.dir/home/junnaaa/.pico-sdk/sdk/2.1.1/src/rp2_common/pico_int64_ops/pico_int64_ops_aeabi.S.o
 .debug_abbrev  0x000039de       0x12 CMakeFiles/hello_world.dir/home/junnaaa/.pico-sdk/sdk/2.1.1/src/rp2_common/pico_float/float_aeabi_rp2040.S.o
 .debug_abbrev  0x000039f0      0x173 CMakeFiles/hello_world.dir/home/junnaaa/.pico-sdk/sdk/2.1.1/src/rp2_common/pico_float/float_init_rom_rp2040.c.o
 .debug_abbrev  0x00003b63       0x12 CMakeFiles/hello_world.dir/home/junnaaa/.pico-sdk/sdk/2.1.1/src/rp2_common/pico_float/float_v1_rom_shim_rp2040.S.o
 .debug_abbrev  0x00003b75       0x12 CMakeFiles/hello_world.dir/home/junnaaa/.pico-sdk/sdk/2.1.1/src/rp2_common/pico_mem_ops/mem_ops_aeabi.S.o
 .debug_abbrev  0x00003b87       0xb8 CMakeFiles/hello_world.dir/home/junnaaa/.pico-sdk/sdk/2.1.1/src/rp2_common/pico_standard_binary_info/standard_binary_info.c.o
 .debug_abbrev  0x00003c3f      0x50c CMakeFiles/hello_world.dir/home/junnaaa/.pico-sdk/sdk/2.1.1/src/rp2_common/pico_printf/printf.c.o
 .debug_abbrev  0x0000414b       0x12 CMakeFiles/hello_world.dir/home/junnaaa/.pico-sdk/sdk/2.1.1/src/rp2_common/pico_crt0/crt0.S.o
 .debug_abbrev  0x0000415d      0x352 CMakeFiles/hello_world.dir/home/junnaaa/.pico-sdk/sdk/2.1.1/src/rp2_common/pico_clib_interface/newlib_interface.c.o
 .debug_abbrev  0x000044af      0x5d9 CMakeFiles/hello_world.dir/home/junnaaa/.pico-sdk/sdk/2.1.1/src/rp2_common/pico_stdio/stdio.c.o

.debug_loclists
                0x00000000    0x104e9
 .debug_loclists
                0x00000000      0xa22 CMakeFiles/hello_world.dir/hello_world.c.o
 .debug_loclists
                0x00000a22     0x1ac0 CMakeFiles/hello_world.dir/home/junnaaa/.pico-sdk/sdk/2.1.1/src/rp2_common/hardware_gpio/gpio.c.o
 .debug_loclists
                0x000024e2      0x349 CMakeFiles/hello_world.dir/home/junnaaa/.pico-sdk/sdk/2.1.1/src/common/hardware_claim/claim.c.o
 .debug_loclists
                0x0000282b      0x108 CMakeFiles/hello_world.dir/home/junnaaa/.pico-sdk/sdk/2.1.1/src/rp2_common/hardware_sync/sync.c.o
 .debug_loclists
                0x00002933       0x7d CMakeFiles/hello_world.dir/home/junnaaa/.pico-sdk/sdk/2.1.1/src/rp2_common/hardware_sync_spin_lock/sync_spin_lock.c.o
 .debug_loclists
                0x000029b0     0x11ed CMakeFiles/hello_world.dir/home/junnaaa/.pico-sdk/sdk/2.1.1/src/rp2_common/hardware_irq/irq.c.o
 .debug_loclists
                0x00003b9d       0x41 CMakeFiles/hello_world.dir/home/junnaaa/.pico-sdk/sdk/2.1.1/src/common/pico_sync/lock_core.c.o
 .debug_loclists
                0x00003bde      0xaec CMakeFiles/hello_world.dir/home/junnaaa/.pico-sdk/sdk/2.1.1/src/common/pico_sync/mutex.c.o
 .debug_loclists
                0x000046ca     0x27d7 CMakeFiles/hello_world.dir/home/junnaaa/.pico-sdk/sdk/2.1.1/src/common/pico_time/time.c.o
 .debug_loclists
                0x00006ea1     0x19f6 CMakeFiles/hello_world.dir/home/junnaaa/.pico-sdk/sdk/2.1.1/src/rp2_common/hardware_timer/timer.c.o
 .debug_loclists
                0x00008897     0x2b6f CMakeFiles/hello_world.dir/home/junnaaa/.pico-sdk/sdk/2.1.1/src/rp2_common/hardware_clocks/clocks.c.o
 .debug_loclists
                0x0000b406      0x1e0 CMakeFiles/hello_world.dir/home/junnaaa/.pico-sdk/sdk/2.1.1/src/rp2_common/hardware_pll/pll.c.o
 .debug_loclists
                0x0000b5e6       0x47 CMakeFiles/hello_world.dir/home/junnaaa/.pico-sdk/sdk/2.1.1/src/rp2_common/hardware_ticks/ticks.c.o
 .debug_loclists
                0x0000b62d      0x351 CMakeFiles/hello_world.dir/home/junnaaa/.pico-sdk/sdk/2.1.1/src/rp2_common/pico_bootrom/bootrom.c.o
 .debug_loclists
                0x0000b97e       0x48 CMakeFiles/hello_world.dir/home/junnaaa/.pico-sdk/sdk/2.1.1/src/rp2_common/hardware_xosc/xosc.c.o
 .debug_loclists
                0x0000b9c6       0x7e CMakeFiles/hello_world.dir/home/junnaaa/.pico-sdk/sdk/2.1.1/src/rp2_common/pico_runtime/runtime.c.o
 .debug_loclists
                0x0000ba44       0xba CMakeFiles/hello_world.dir/home/junnaaa/.pico-sdk/sdk/2.1.1/src/rp2_common/pico_runtime_init/runtime_init.c.o
 .debug_loclists
                0x0000bafe       0x74 CMakeFiles/hello_world.dir/home/junnaaa/.pico-sdk/sdk/2.1.1/src/rp2_common/pico_runtime_init/runtime_init_clocks.c.o
 .debug_loclists
                0x0000bb72       0x3d CMakeFiles/hello_world.dir/home/junnaaa/.pico-sdk/sdk/2.1.1/src/rp2_common/pico_double/double_init_rom_rp2040.c.o
 .debug_loclists
                0x0000bbaf       0x59 CMakeFiles/hello_world.dir/home/junnaaa/.pico-sdk/sdk/2.1.1/src/rp2_common/pico_float/float_init_rom_rp2040.c.o
 .debug_loclists
                0x0000bc08     0x355f CMakeFiles/hello_world.dir/home/junnaaa/.pico-sdk/sdk/2.1.1/src/rp2_common/pico_printf/printf.c.o
 .debug_loclists
                0x0000f167      0x431 CMakeFiles/hello_world.dir/home/junnaaa/.pico-sdk/sdk/2.1.1/src/rp2_common/pico_clib_interface/newlib_interface.c.o
 .debug_loclists
                0x0000f598      0xf51 CMakeFiles/hello_world.dir/home/junnaaa/.pico-sdk/sdk/2.1.1/src/rp2_common/pico_stdio/stdio.c.o

.debug_aranges  0x00000000      0xe70
 .debug_aranges
                0x00000000       0x28 CMakeFiles/hello_world.dir/hello_world.c.o
 .debug_aranges
                0x00000028      0x120 CMakeFiles/hello_world.dir/home/junnaaa/.pico-sdk/sdk/2.1.1/src/rp2_common/hardware_gpio/gpio.c.o
 .debug_aranges
                0x00000148       0x28 CMakeFiles/hello_world.dir/home/junnaaa/.pico-sdk/sdk/2.1.1/src/rp2_common/pico_platform_panic/panic.c.o
 .debug_aranges
                0x00000170       0x48 CMakeFiles/hello_world.dir/home/junnaaa/.pico-sdk/sdk/2.1.1/src/common/hardware_claim/claim.c.o
 .debug_aranges
                0x000001b8       0x48 CMakeFiles/hello_world.dir/home/junnaaa/.pico-sdk/sdk/2.1.1/src/rp2_common/hardware_sync/sync.c.o
 .debug_aranges
                0x00000200       0x28 CMakeFiles/hello_world.dir/home/junnaaa/.pico-sdk/sdk/2.1.1/src/rp2_common/hardware_sync_spin_lock/sync_spin_lock.c.o
 .debug_aranges
                0x00000228       0xb8 CMakeFiles/hello_world.dir/home/junnaaa/.pico-sdk/sdk/2.1.1/src/rp2_common/hardware_irq/irq.c.o
 .debug_aranges
                0x000002e0       0x20 CMakeFiles/hello_world.dir/home/junnaaa/.pico-sdk/sdk/2.1.1/src/common/pico_sync/lock_core.c.o
 .debug_aranges
                0x00000300       0x98 CMakeFiles/hello_world.dir/home/junnaaa/.pico-sdk/sdk/2.1.1/src/common/pico_sync/mutex.c.o
 .debug_aranges
                0x00000398       0xe0 CMakeFiles/hello_world.dir/home/junnaaa/.pico-sdk/sdk/2.1.1/src/common/pico_time/time.c.o
 .debug_aranges
                0x00000478       0xf0 CMakeFiles/hello_world.dir/home/junnaaa/.pico-sdk/sdk/2.1.1/src/rp2_common/hardware_timer/timer.c.o
 .debug_aranges
                0x00000568       0x90 CMakeFiles/hello_world.dir/home/junnaaa/.pico-sdk/sdk/2.1.1/src/rp2_common/hardware_clocks/clocks.c.o
 .debug_aranges
                0x000005f8       0x28 CMakeFiles/hello_world.dir/home/junnaaa/.pico-sdk/sdk/2.1.1/src/rp2_common/hardware_pll/pll.c.o
 .debug_aranges
                0x00000620       0x30 CMakeFiles/hello_world.dir/home/junnaaa/.pico-sdk/sdk/2.1.1/src/rp2_common/hardware_ticks/ticks.c.o
 .debug_aranges
                0x00000650       0x40 CMakeFiles/hello_world.dir/home/junnaaa/.pico-sdk/sdk/2.1.1/src/rp2_common/pico_bootrom/bootrom.c.o
 .debug_aranges
                0x00000690       0x30 CMakeFiles/hello_world.dir/home/junnaaa/.pico-sdk/sdk/2.1.1/src/rp2_common/hardware_xosc/xosc.c.o
 .debug_aranges
                0x000006c0       0x38 CMakeFiles/hello_world.dir/home/junnaaa/.pico-sdk/sdk/2.1.1/src/rp2_common/pico_runtime/runtime.c.o
 .debug_aranges
                0x000006f8       0x48 CMakeFiles/hello_world.dir/home/junnaaa/.pico-sdk/sdk/2.1.1/src/rp2_common/pico_runtime_init/runtime_init.c.o
 .debug_aranges
                0x00000740       0x20 CMakeFiles/hello_world.dir/home/junnaaa/.pico-sdk/sdk/2.1.1/src/rp2_common/pico_runtime_init/runtime_init_clocks.c.o
 .debug_aranges
                0x00000760       0x60 CMakeFiles/hello_world.dir/home/junnaaa/.pico-sdk/sdk/2.1.1/src/rp2_common/pico_bit_ops/bit_ops_aeabi.S.o
 .debug_aranges
                0x000007c0       0x40 CMakeFiles/hello_world.dir/home/junnaaa/.pico-sdk/sdk/2.1.1/src/rp2_common/pico_divider/divider_hardware.S.o
 .debug_aranges
                0x00000800      0x150 CMakeFiles/hello_world.dir/home/junnaaa/.pico-sdk/sdk/2.1.1/src/rp2_common/pico_double/double_aeabi_rp2040.S.o
 .debug_aranges
                0x00000950       0x20 CMakeFiles/hello_world.dir/home/junnaaa/.pico-sdk/sdk/2.1.1/src/rp2_common/pico_double/double_init_rom_rp2040.c.o
 .debug_aranges
                0x00000970       0xc8 CMakeFiles/hello_world.dir/home/junnaaa/.pico-sdk/sdk/2.1.1/src/rp2_common/pico_double/double_v1_rom_shim_rp2040.S.o
 .debug_aranges
                0x00000a38       0x20 CMakeFiles/hello_world.dir/home/junnaaa/.pico-sdk/sdk/2.1.1/src/rp2_common/pico_int64_ops/pico_int64_ops_aeabi.S.o
 .debug_aranges
                0x00000a58      0x138 CMakeFiles/hello_world.dir/home/junnaaa/.pico-sdk/sdk/2.1.1/src/rp2_common/pico_float/float_aeabi_rp2040.S.o
 .debug_aranges
                0x00000b90       0x20 CMakeFiles/hello_world.dir/home/junnaaa/.pico-sdk/sdk/2.1.1/src/rp2_common/pico_float/float_init_rom_rp2040.c.o
 .debug_aranges
                0x00000bb0       0x50 CMakeFiles/hello_world.dir/home/junnaaa/.pico-sdk/sdk/2.1.1/src/rp2_common/pico_float/float_v1_rom_shim_rp2040.S.o
 .debug_aranges
                0x00000c00       0x38 CMakeFiles/hello_world.dir/home/junnaaa/.pico-sdk/sdk/2.1.1/src/rp2_common/pico_mem_ops/mem_ops_aeabi.S.o
 .debug_aranges
                0x00000c38       0x18 CMakeFiles/hello_world.dir/home/junnaaa/.pico-sdk/sdk/2.1.1/src/rp2_common/pico_standard_binary_info/standard_binary_info.c.o
 .debug_aranges
                0x00000c50       0x90 CMakeFiles/hello_world.dir/home/junnaaa/.pico-sdk/sdk/2.1.1/src/rp2_common/pico_printf/printf.c.o
 .debug_aranges
                0x00000ce0       0x28 CMakeFiles/hello_world.dir/home/junnaaa/.pico-sdk/sdk/2.1.1/src/rp2_common/pico_crt0/crt0.S.o
 .debug_aranges
                0x00000d08       0xa0 CMakeFiles/hello_world.dir/home/junnaaa/.pico-sdk/sdk/2.1.1/src/rp2_common/pico_clib_interface/newlib_interface.c.o
 .debug_aranges
                0x00000da8       0xc8 CMakeFiles/hello_world.dir/home/junnaaa/.pico-sdk/sdk/2.1.1/src/rp2_common/pico_stdio/stdio.c.o

.debug_rnglists
                0x00000000     0x2c7b
 .debug_rnglists
                0x00000000      0x270 CMakeFiles/hello_world.dir/hello_world.c.o
 .debug_rnglists
                0x00000270      0x5d0 CMakeFiles/hello_world.dir/home/junnaaa/.pico-sdk/sdk/2.1.1/src/rp2_common/hardware_gpio/gpio.c.o
 .debug_rnglists
                0x00000840       0x19 CMakeFiles/hello_world.dir/home/junnaaa/.pico-sdk/sdk/2.1.1/src/rp2_common/pico_platform_panic/panic.c.o
 .debug_rnglists
                0x00000859       0xb6 CMakeFiles/hello_world.dir/home/junnaaa/.pico-sdk/sdk/2.1.1/src/common/hardware_claim/claim.c.o
 .debug_rnglists
                0x0000090f       0x58 CMakeFiles/hello_world.dir/home/junnaaa/.pico-sdk/sdk/2.1.1/src/rp2_common/hardware_sync/sync.c.o
 .debug_rnglists
                0x00000967       0x3d CMakeFiles/hello_world.dir/home/junnaaa/.pico-sdk/sdk/2.1.1/src/rp2_common/hardware_sync_spin_lock/sync_spin_lock.c.o
 .debug_rnglists
                0x000009a4      0x37d CMakeFiles/hello_world.dir/home/junnaaa/.pico-sdk/sdk/2.1.1/src/rp2_common/hardware_irq/irq.c.o
 .debug_rnglists
                0x00000d21       0x1f CMakeFiles/hello_world.dir/home/junnaaa/.pico-sdk/sdk/2.1.1/src/common/pico_sync/lock_core.c.o
 .debug_rnglists
                0x00000d40      0x325 CMakeFiles/hello_world.dir/home/junnaaa/.pico-sdk/sdk/2.1.1/src/common/pico_sync/mutex.c.o
 .debug_rnglists
                0x00001065      0x7e2 CMakeFiles/hello_world.dir/home/junnaaa/.pico-sdk/sdk/2.1.1/src/common/pico_time/time.c.o
 .debug_rnglists
                0x00001847      0x2c6 CMakeFiles/hello_world.dir/home/junnaaa/.pico-sdk/sdk/2.1.1/src/rp2_common/hardware_timer/timer.c.o
 .debug_rnglists
                0x00001b0d      0x5af CMakeFiles/hello_world.dir/home/junnaaa/.pico-sdk/sdk/2.1.1/src/rp2_common/hardware_clocks/clocks.c.o
 .debug_rnglists
                0x000020bc       0x5c CMakeFiles/hello_world.dir/home/junnaaa/.pico-sdk/sdk/2.1.1/src/rp2_common/hardware_pll/pll.c.o
 .debug_rnglists
                0x00002118       0x2b CMakeFiles/hello_world.dir/home/junnaaa/.pico-sdk/sdk/2.1.1/src/rp2_common/hardware_ticks/ticks.c.o
 .debug_rnglists
                0x00002143      0x112 CMakeFiles/hello_world.dir/home/junnaaa/.pico-sdk/sdk/2.1.1/src/rp2_common/pico_bootrom/bootrom.c.o
 .debug_rnglists
                0x00002255       0x1f CMakeFiles/hello_world.dir/home/junnaaa/.pico-sdk/sdk/2.1.1/src/rp2_common/hardware_xosc/xosc.c.o
 .debug_rnglists
                0x00002274       0x3d CMakeFiles/hello_world.dir/home/junnaaa/.pico-sdk/sdk/2.1.1/src/rp2_common/pico_runtime/runtime.c.o
 .debug_rnglists
                0x000022b1       0x49 CMakeFiles/hello_world.dir/home/junnaaa/.pico-sdk/sdk/2.1.1/src/rp2_common/pico_runtime_init/runtime_init.c.o
 .debug_rnglists
                0x000022fa       0x20 CMakeFiles/hello_world.dir/home/junnaaa/.pico-sdk/sdk/2.1.1/src/rp2_common/pico_runtime_init/runtime_init_clocks.c.o
 .debug_rnglists
                0x0000231a       0x43 CMakeFiles/hello_world.dir/home/junnaaa/.pico-sdk/sdk/2.1.1/src/rp2_common/pico_bit_ops/bit_ops_aeabi.S.o
 .debug_rnglists
                0x0000235d       0x2c CMakeFiles/hello_world.dir/home/junnaaa/.pico-sdk/sdk/2.1.1/src/rp2_common/pico_divider/divider_hardware.S.o
 .debug_rnglists
                0x00002389       0xf9 CMakeFiles/hello_world.dir/home/junnaaa/.pico-sdk/sdk/2.1.1/src/rp2_common/pico_double/double_aeabi_rp2040.S.o
 .debug_rnglists
                0x00002482       0x14 CMakeFiles/hello_world.dir/home/junnaaa/.pico-sdk/sdk/2.1.1/src/rp2_common/pico_double/double_init_rom_rp2040.c.o
 .debug_rnglists
                0x00002496       0x99 CMakeFiles/hello_world.dir/home/junnaaa/.pico-sdk/sdk/2.1.1/src/rp2_common/pico_double/double_v1_rom_shim_rp2040.S.o
 .debug_rnglists
                0x0000252f       0xe5 CMakeFiles/hello_world.dir/home/junnaaa/.pico-sdk/sdk/2.1.1/src/rp2_common/pico_float/float_aeabi_rp2040.S.o
 .debug_rnglists
                0x00002614       0x13 CMakeFiles/hello_world.dir/home/junnaaa/.pico-sdk/sdk/2.1.1/src/rp2_common/pico_float/float_init_rom_rp2040.c.o
 .debug_rnglists
                0x00002627       0x38 CMakeFiles/hello_world.dir/home/junnaaa/.pico-sdk/sdk/2.1.1/src/rp2_common/pico_float/float_v1_rom_shim_rp2040.S.o
 .debug_rnglists
                0x0000265f       0x25 CMakeFiles/hello_world.dir/home/junnaaa/.pico-sdk/sdk/2.1.1/src/rp2_common/pico_mem_ops/mem_ops_aeabi.S.o
 .debug_rnglists
                0x00002684      0x2a2 CMakeFiles/hello_world.dir/home/junnaaa/.pico-sdk/sdk/2.1.1/src/rp2_common/pico_printf/printf.c.o
 .debug_rnglists
                0x00002926       0x1b CMakeFiles/hello_world.dir/home/junnaaa/.pico-sdk/sdk/2.1.1/src/rp2_common/pico_crt0/crt0.S.o
 .debug_rnglists
                0x00002941       0x7f CMakeFiles/hello_world.dir/home/junnaaa/.pico-sdk/sdk/2.1.1/src/rp2_common/pico_clib_interface/newlib_interface.c.o
 .debug_rnglists
                0x000029c0      0x2bb CMakeFiles/hello_world.dir/home/junnaaa/.pico-sdk/sdk/2.1.1/src/rp2_common/pico_stdio/stdio.c.o

.debug_line     0x00000000    0x15f1f
 .debug_line    0x00000000      0xe67 CMakeFiles/hello_world.dir/hello_world.c.o
 .debug_line    0x00000e67     0x1c9a CMakeFiles/hello_world.dir/home/junnaaa/.pico-sdk/sdk/2.1.1/src/rp2_common/hardware_gpio/gpio.c.o
 .debug_line    0x00002b01      0x284 CMakeFiles/hello_world.dir/home/junnaaa/.pico-sdk/sdk/2.1.1/src/rp2_common/pico_platform_panic/panic.c.o
 .debug_line    0x00002d85      0x8ea CMakeFiles/hello_world.dir/home/junnaaa/.pico-sdk/sdk/2.1.1/src/common/hardware_claim/claim.c.o
 .debug_line    0x0000366f      0x4d0 CMakeFiles/hello_world.dir/home/junnaaa/.pico-sdk/sdk/2.1.1/src/rp2_common/hardware_sync/sync.c.o
 .debug_line    0x00003b3f      0x3b3 CMakeFiles/hello_world.dir/home/junnaaa/.pico-sdk/sdk/2.1.1/src/rp2_common/hardware_sync_spin_lock/sync_spin_lock.c.o
 .debug_line    0x00003ef2     0x1769 CMakeFiles/hello_world.dir/home/junnaaa/.pico-sdk/sdk/2.1.1/src/rp2_common/hardware_irq/irq.c.o
 .debug_line    0x0000565b      0x2de CMakeFiles/hello_world.dir/home/junnaaa/.pico-sdk/sdk/2.1.1/src/common/pico_sync/lock_core.c.o
 .debug_line    0x00005939     0x1b39 CMakeFiles/hello_world.dir/home/junnaaa/.pico-sdk/sdk/2.1.1/src/common/pico_sync/mutex.c.o
 .debug_line    0x00007472     0x3545 CMakeFiles/hello_world.dir/home/junnaaa/.pico-sdk/sdk/2.1.1/src/common/pico_time/time.c.o
 .debug_line    0x0000a9b7     0x1d09 CMakeFiles/hello_world.dir/home/junnaaa/.pico-sdk/sdk/2.1.1/src/rp2_common/hardware_timer/timer.c.o
 .debug_line    0x0000c6c0     0x2100 CMakeFiles/hello_world.dir/home/junnaaa/.pico-sdk/sdk/2.1.1/src/rp2_common/hardware_clocks/clocks.c.o
 .debug_line    0x0000e7c0      0x4f7 CMakeFiles/hello_world.dir/home/junnaaa/.pico-sdk/sdk/2.1.1/src/rp2_common/hardware_pll/pll.c.o
 .debug_line    0x0000ecb7      0x33d CMakeFiles/hello_world.dir/home/junnaaa/.pico-sdk/sdk/2.1.1/src/rp2_common/hardware_ticks/ticks.c.o
 .debug_line    0x0000eff4      0x45c CMakeFiles/hello_world.dir/home/junnaaa/.pico-sdk/sdk/2.1.1/src/rp2_common/pico_bootrom/bootrom.c.o
 .debug_line    0x0000f450      0x346 CMakeFiles/hello_world.dir/home/junnaaa/.pico-sdk/sdk/2.1.1/src/rp2_common/hardware_xosc/xosc.c.o
 .debug_line    0x0000f796      0x313 CMakeFiles/hello_world.dir/home/junnaaa/.pico-sdk/sdk/2.1.1/src/rp2_common/pico_runtime/runtime.c.o
 .debug_line    0x0000faa9      0x539 CMakeFiles/hello_world.dir/home/junnaaa/.pico-sdk/sdk/2.1.1/src/rp2_common/pico_runtime_init/runtime_init.c.o
 .debug_line    0x0000ffe2      0x55d CMakeFiles/hello_world.dir/home/junnaaa/.pico-sdk/sdk/2.1.1/src/rp2_common/pico_runtime_init/runtime_init_clocks.c.o
 .debug_line    0x0001053f      0x107 CMakeFiles/hello_world.dir/home/junnaaa/.pico-sdk/sdk/2.1.1/src/rp2_common/pico_bit_ops/bit_ops_aeabi.S.o
 .debug_line    0x00010646      0x2a9 CMakeFiles/hello_world.dir/home/junnaaa/.pico-sdk/sdk/2.1.1/src/rp2_common/pico_divider/divider_hardware.S.o
 .debug_line    0x000108ef      0x452 CMakeFiles/hello_world.dir/home/junnaaa/.pico-sdk/sdk/2.1.1/src/rp2_common/pico_double/double_aeabi_rp2040.S.o
 .debug_line    0x00010d41      0x495 CMakeFiles/hello_world.dir/home/junnaaa/.pico-sdk/sdk/2.1.1/src/rp2_common/pico_double/double_init_rom_rp2040.c.o
 .debug_line    0x000111d6      0x66d CMakeFiles/hello_world.dir/home/junnaaa/.pico-sdk/sdk/2.1.1/src/rp2_common/pico_double/double_v1_rom_shim_rp2040.S.o
 .debug_line    0x00011843       0x61 CMakeFiles/hello_world.dir/home/junnaaa/.pico-sdk/sdk/2.1.1/src/rp2_common/pico_int64_ops/pico_int64_ops_aeabi.S.o
 .debug_line    0x000118a4      0x3d2 CMakeFiles/hello_world.dir/home/junnaaa/.pico-sdk/sdk/2.1.1/src/rp2_common/pico_float/float_aeabi_rp2040.S.o
 .debug_line    0x00011c76      0x3aa CMakeFiles/hello_world.dir/home/junnaaa/.pico-sdk/sdk/2.1.1/src/rp2_common/pico_float/float_init_rom_rp2040.c.o
 .debug_line    0x00012020      0x195 CMakeFiles/hello_world.dir/home/junnaaa/.pico-sdk/sdk/2.1.1/src/rp2_common/pico_float/float_v1_rom_shim_rp2040.S.o
 .debug_line    0x000121b5       0x94 CMakeFiles/hello_world.dir/home/junnaaa/.pico-sdk/sdk/2.1.1/src/rp2_common/pico_mem_ops/mem_ops_aeabi.S.o
 .debug_line    0x00012249      0x1f0 CMakeFiles/hello_world.dir/home/junnaaa/.pico-sdk/sdk/2.1.1/src/rp2_common/pico_standard_binary_info/standard_binary_info.c.o
 .debug_line    0x00012439     0x1d11 CMakeFiles/hello_world.dir/home/junnaaa/.pico-sdk/sdk/2.1.1/src/rp2_common/pico_printf/printf.c.o
 .debug_line    0x0001414a       0xa5 CMakeFiles/hello_world.dir/home/junnaaa/.pico-sdk/sdk/2.1.1/src/rp2_common/pico_crt0/crt0.S.o
 .debug_line    0x000141ef      0x864 CMakeFiles/hello_world.dir/home/junnaaa/.pico-sdk/sdk/2.1.1/src/rp2_common/pico_clib_interface/newlib_interface.c.o
 .debug_line    0x00014a53     0x14cc CMakeFiles/hello_world.dir/home/junnaaa/.pico-sdk/sdk/2.1.1/src/rp2_common/pico_stdio/stdio.c.o

.debug_str      0x00000000     0x4353
 .debug_str     0x00000000     0x4353 CMakeFiles/hello_world.dir/hello_world.c.o
                                0x82a (size before relaxing)
 .debug_str     0x00004353      0xc64 CMakeFiles/hello_world.dir/home/junnaaa/.pico-sdk/sdk/2.1.1/src/rp2_common/hardware_gpio/gpio.c.o
 .debug_str     0x00004353      0x1ef CMakeFiles/hello_world.dir/home/junnaaa/.pico-sdk/sdk/2.1.1/src/rp2_common/pico_platform_panic/panic.c.o
 .debug_str     0x00004353      0x372 CMakeFiles/hello_world.dir/home/junnaaa/.pico-sdk/sdk/2.1.1/src/common/hardware_claim/claim.c.o
 .debug_str     0x00004353      0x31b CMakeFiles/hello_world.dir/home/junnaaa/.pico-sdk/sdk/2.1.1/src/rp2_common/hardware_sync/sync.c.o
 .debug_str     0x00004353      0x22e CMakeFiles/hello_world.dir/home/junnaaa/.pico-sdk/sdk/2.1.1/src/rp2_common/hardware_sync_spin_lock/sync_spin_lock.c.o
 .debug_str     0x00004353      0xa62 CMakeFiles/hello_world.dir/home/junnaaa/.pico-sdk/sdk/2.1.1/src/rp2_common/hardware_irq/irq.c.o
 .debug_str     0x00004353      0x1fa CMakeFiles/hello_world.dir/home/junnaaa/.pico-sdk/sdk/2.1.1/src/common/pico_sync/lock_core.c.o
 .debug_str     0x00004353      0x78d CMakeFiles/hello_world.dir/home/junnaaa/.pico-sdk/sdk/2.1.1/src/common/pico_sync/mutex.c.o
 .debug_str     0x00004353     0x1183 CMakeFiles/hello_world.dir/home/junnaaa/.pico-sdk/sdk/2.1.1/src/common/pico_time/time.c.o
 .debug_str     0x00004353      0x9d5 CMakeFiles/hello_world.dir/home/junnaaa/.pico-sdk/sdk/2.1.1/src/rp2_common/hardware_timer/timer.c.o
 .debug_str     0x00004353      0x98a CMakeFiles/hello_world.dir/home/junnaaa/.pico-sdk/sdk/2.1.1/src/rp2_common/hardware_clocks/clocks.c.o
 .debug_str     0x00004353      0x44d CMakeFiles/hello_world.dir/home/junnaaa/.pico-sdk/sdk/2.1.1/src/rp2_common/hardware_pll/pll.c.o
 .debug_str     0x00004353      0x27c CMakeFiles/hello_world.dir/home/junnaaa/.pico-sdk/sdk/2.1.1/src/rp2_common/hardware_ticks/ticks.c.o
 .debug_str     0x00004353      0x341 CMakeFiles/hello_world.dir/home/junnaaa/.pico-sdk/sdk/2.1.1/src/rp2_common/pico_bootrom/bootrom.c.o
 .debug_str     0x00004353      0x231 CMakeFiles/hello_world.dir/home/junnaaa/.pico-sdk/sdk/2.1.1/src/rp2_common/hardware_xosc/xosc.c.o
 .debug_str     0x00004353      0x281 CMakeFiles/hello_world.dir/home/junnaaa/.pico-sdk/sdk/2.1.1/src/rp2_common/pico_runtime/runtime.c.o
 .debug_str     0x00004353      0x775 CMakeFiles/hello_world.dir/home/junnaaa/.pico-sdk/sdk/2.1.1/src/rp2_common/pico_runtime_init/runtime_init.c.o
 .debug_str     0x00004353      0x489 CMakeFiles/hello_world.dir/home/junnaaa/.pico-sdk/sdk/2.1.1/src/rp2_common/pico_runtime_init/runtime_init_clocks.c.o
 .debug_str     0x00004353       0x84 CMakeFiles/hello_world.dir/home/junnaaa/.pico-sdk/sdk/2.1.1/src/rp2_common/pico_bit_ops/bit_ops_aeabi.S.o
 .debug_str     0x00004353       0x87 CMakeFiles/hello_world.dir/home/junnaaa/.pico-sdk/sdk/2.1.1/src/rp2_common/pico_divider/divider_hardware.S.o
 .debug_str     0x00004353       0x89 CMakeFiles/hello_world.dir/home/junnaaa/.pico-sdk/sdk/2.1.1/src/rp2_common/pico_double/double_aeabi_rp2040.S.o
 .debug_str     0x00004353      0x2aa CMakeFiles/hello_world.dir/home/junnaaa/.pico-sdk/sdk/2.1.1/src/rp2_common/pico_double/double_init_rom_rp2040.c.o
 .debug_str     0x00004353       0x8f CMakeFiles/hello_world.dir/home/junnaaa/.pico-sdk/sdk/2.1.1/src/rp2_common/pico_double/double_v1_rom_shim_rp2040.S.o
 .debug_str     0x00004353       0x8d CMakeFiles/hello_world.dir/home/junnaaa/.pico-sdk/sdk/2.1.1/src/rp2_common/pico_int64_ops/pico_int64_ops_aeabi.S.o
 .debug_str     0x00004353       0x87 CMakeFiles/hello_world.dir/home/junnaaa/.pico-sdk/sdk/2.1.1/src/rp2_common/pico_float/float_aeabi_rp2040.S.o
 .debug_str     0x00004353      0x28f CMakeFiles/hello_world.dir/home/junnaaa/.pico-sdk/sdk/2.1.1/src/rp2_common/pico_float/float_init_rom_rp2040.c.o
 .debug_str     0x00004353       0x8d CMakeFiles/hello_world.dir/home/junnaaa/.pico-sdk/sdk/2.1.1/src/rp2_common/pico_float/float_v1_rom_shim_rp2040.S.o
 .debug_str     0x00004353       0x84 CMakeFiles/hello_world.dir/home/junnaaa/.pico-sdk/sdk/2.1.1/src/rp2_common/pico_mem_ops/mem_ops_aeabi.S.o
 .debug_str     0x00004353      0x3f0 CMakeFiles/hello_world.dir/home/junnaaa/.pico-sdk/sdk/2.1.1/src/rp2_common/pico_standard_binary_info/standard_binary_info.c.o
 .debug_str     0x00004353      0x4d3 CMakeFiles/hello_world.dir/home/junnaaa/.pico-sdk/sdk/2.1.1/src/rp2_common/pico_printf/printf.c.o
 .debug_str     0x00004353       0x78 CMakeFiles/hello_world.dir/home/junnaaa/.pico-sdk/sdk/2.1.1/src/rp2_common/pico_crt0/crt0.S.o
 .debug_str     0x00004353      0x70f CMakeFiles/hello_world.dir/home/junnaaa/.pico-sdk/sdk/2.1.1/src/rp2_common/pico_clib_interface/newlib_interface.c.o
 .debug_str     0x00004353      0xd6a CMakeFiles/hello_world.dir/home/junnaaa/.pico-sdk/sdk/2.1.1/src/rp2_common/pico_stdio/stdio.c.o

.debug_frame    0x00000000     0x19d4
 .debug_frame   0x00000000       0x68 CMakeFiles/hello_world.dir/hello_world.c.o
 .debug_frame   0x00000068      0x330 CMakeFiles/hello_world.dir/home/junnaaa/.pico-sdk/sdk/2.1.1/src/rp2_common/hardware_gpio/gpio.c.o
 .debug_frame   0x00000398       0x44 CMakeFiles/hello_world.dir/home/junnaaa/.pico-sdk/sdk/2.1.1/src/rp2_common/pico_platform_panic/panic.c.o
 .debug_frame   0x000003dc       0xa0 CMakeFiles/hello_world.dir/home/junnaaa/.pico-sdk/sdk/2.1.1/src/common/hardware_claim/claim.c.o
 .debug_frame   0x0000047c       0xa8 CMakeFiles/hello_world.dir/home/junnaaa/.pico-sdk/sdk/2.1.1/src/rp2_common/hardware_sync/sync.c.o
 .debug_frame   0x00000524       0x30 CMakeFiles/hello_world.dir/home/junnaaa/.pico-sdk/sdk/2.1.1/src/rp2_common/hardware_sync_spin_lock/sync_spin_lock.c.o
 .debug_frame   0x00000554      0x1cc CMakeFiles/hello_world.dir/home/junnaaa/.pico-sdk/sdk/2.1.1/src/rp2_common/hardware_irq/irq.c.o
 .debug_frame   0x00000720       0x20 CMakeFiles/hello_world.dir/home/junnaaa/.pico-sdk/sdk/2.1.1/src/common/pico_sync/lock_core.c.o
 .debug_frame   0x00000740      0x1e8 CMakeFiles/hello_world.dir/home/junnaaa/.pico-sdk/sdk/2.1.1/src/common/pico_sync/mutex.c.o
 .debug_frame   0x00000928      0x2ec CMakeFiles/hello_world.dir/home/junnaaa/.pico-sdk/sdk/2.1.1/src/common/pico_time/time.c.o
 .debug_frame   0x00000c14      0x2c4 CMakeFiles/hello_world.dir/home/junnaaa/.pico-sdk/sdk/2.1.1/src/rp2_common/hardware_timer/timer.c.o
 .debug_frame   0x00000ed8      0x1f4 CMakeFiles/hello_world.dir/home/junnaaa/.pico-sdk/sdk/2.1.1/src/rp2_common/hardware_clocks/clocks.c.o
 .debug_frame   0x000010cc       0x40 CMakeFiles/hello_world.dir/home/junnaaa/.pico-sdk/sdk/2.1.1/src/rp2_common/hardware_pll/pll.c.o
 .debug_frame   0x0000110c       0x40 CMakeFiles/hello_world.dir/home/junnaaa/.pico-sdk/sdk/2.1.1/src/rp2_common/hardware_ticks/ticks.c.o
 .debug_frame   0x0000114c       0xa0 CMakeFiles/hello_world.dir/home/junnaaa/.pico-sdk/sdk/2.1.1/src/rp2_common/pico_bootrom/bootrom.c.o
 .debug_frame   0x000011ec       0x40 CMakeFiles/hello_world.dir/home/junnaaa/.pico-sdk/sdk/2.1.1/src/rp2_common/hardware_xosc/xosc.c.o
 .debug_frame   0x0000122c       0x70 CMakeFiles/hello_world.dir/home/junnaaa/.pico-sdk/sdk/2.1.1/src/rp2_common/pico_runtime/runtime.c.o
 .debug_frame   0x0000129c       0x84 CMakeFiles/hello_world.dir/home/junnaaa/.pico-sdk/sdk/2.1.1/src/rp2_common/pico_runtime_init/runtime_init.c.o
 .debug_frame   0x00001320       0x2c CMakeFiles/hello_world.dir/home/junnaaa/.pico-sdk/sdk/2.1.1/src/rp2_common/pico_runtime_init/runtime_init_clocks.c.o
 .debug_frame   0x0000134c       0x2c CMakeFiles/hello_world.dir/home/junnaaa/.pico-sdk/sdk/2.1.1/src/rp2_common/pico_double/double_init_rom_rp2040.c.o
 .debug_frame   0x00001378       0x28 CMakeFiles/hello_world.dir/home/junnaaa/.pico-sdk/sdk/2.1.1/src/rp2_common/pico_float/float_init_rom_rp2040.c.o
 .debug_frame   0x000013a0      0x1f0 CMakeFiles/hello_world.dir/home/junnaaa/.pico-sdk/sdk/2.1.1/src/rp2_common/pico_printf/printf.c.o
 .debug_frame   0x00001590      0x174 CMakeFiles/hello_world.dir/home/junnaaa/.pico-sdk/sdk/2.1.1/src/rp2_common/pico_clib_interface/newlib_interface.c.o
 .debug_frame   0x00001704      0x2a8 CMakeFiles/hello_world.dir/home/junnaaa/.pico-sdk/sdk/2.1.1/src/rp2_common/pico_stdio/stdio.c.o
 .debug_frame   0x000019ac       0x28 /home/junnaaa/.pico-sdk/toolchain/14_2_Rel1/bin/../lib/gcc/arm-none-eabi/14.2.1/../../../../arm-none-eabi/lib/thumb/v6-m/nofp/libg.a(libc_a-strlen-stub.o)

.debug_line_str
                0x00000000      0x34b
 .debug_line_str
                0x00000000      0x34b CMakeFiles/hello_world.dir/home/junnaaa/.pico-sdk/sdk/2.1.1/src/rp2_common/pico_bit_ops/bit_ops_aeabi.S.o
                                 0x76 (size before relaxing)
 .debug_line_str
                0x0000034b       0x79 CMakeFiles/hello_world.dir/home/junnaaa/.pico-sdk/sdk/2.1.1/src/rp2_common/pico_divider/divider_hardware.S.o
 .debug_line_str