Archive member included to satisfy reference by file (symbol)

/usr/lib/gcc/arm-none-eabi/14.2.0/thumb/v6-m/nofp/libgcc.a(_dvmd_tls.o)
                              CMakeFiles/main.dir/home/junnaaa/pico-sdk/src/rp2_common/pico_divider/divider_hardware.S.o (__aeabi_idiv0)
/usr/lib/gcc/arm-none-eabi/14.2.0/../../../../arm-none-eabi/lib/thumb/v6-m/nofp/libg.a(libc_a-atexit.o)
                              /usr/lib/gcc/arm-none-eabi/14.2.0/../../../../arm-none-eabi/lib/thumb/v6-m/nofp/crt0.o (atexit)
/usr/lib/gcc/arm-none-eabi/14.2.0/../../../../arm-none-eabi/lib/thumb/v6-m/nofp/libg.a(libc_a-calloc.o)
                              CMakeFiles/main.dir/home/junnaaa/pico-sdk/src/rp2_common/pico_malloc/malloc.c.o (calloc)
/usr/lib/gcc/arm-none-eabi/14.2.0/../../../../arm-none-eabi/lib/thumb/v6-m/nofp/libg.a(libc_a-callocr.o)
                              /usr/lib/gcc/arm-none-eabi/14.2.0/../../../../arm-none-eabi/lib/thumb/v6-m/nofp/libg.a(libc_a-calloc.o) (_calloc_r)
/usr/lib/gcc/arm-none-eabi/14.2.0/../../../../arm-none-eabi/lib/thumb/v6-m/nofp/libg.a(libc_a-malloc.o)
                              CMakeFiles/main.dir/home/junnaaa/pico-sdk/src/rp2_common/pico_malloc/malloc.c.o (malloc)
/usr/lib/gcc/arm-none-eabi/14.2.0/../../../../arm-none-eabi/lib/thumb/v6-m/nofp/libg.a(libc_a-mallocr.o)
                              /usr/lib/gcc/arm-none-eabi/14.2.0/../../../../arm-none-eabi/lib/thumb/v6-m/nofp/libg.a(libc_a-callocr.o) (_malloc_r)
/usr/lib/gcc/arm-none-eabi/14.2.0/../../../../arm-none-eabi/lib/thumb/v6-m/nofp/libg.a(libc_a-mlock.o)
                              /usr/lib/gcc/arm-none-eabi/14.2.0/../../../../arm-none-eabi/lib/thumb/v6-m/nofp/libg.a(libc_a-mallocr.o) (__malloc_lock)
/usr/lib/gcc/arm-none-eabi/14.2.0/../../../../arm-none-eabi/lib/thumb/v6-m/nofp/libg.a(libc_a-realloc.o)
                              CMakeFiles/main.dir/home/junnaaa/pico-sdk/src/rp2_common/pico_malloc/malloc.c.o (realloc)
/usr/lib/gcc/arm-none-eabi/14.2.0/../../../../arm-none-eabi/lib/thumb/v6-m/nofp/libg.a(libc_a-reallocr.o)
                              /usr/lib/gcc/arm-none-eabi/14.2.0/../../../../arm-none-eabi/lib/thumb/v6-m/nofp/libg.a(libc_a-realloc.o) (_realloc_r)
/usr/lib/gcc/arm-none-eabi/14.2.0/../../../../arm-none-eabi/lib/thumb/v6-m/nofp/libg.a(libc_a-isupper.o)
                              CMakeFiles/main.dir/main.cpp.o (isupper)
/usr/lib/gcc/arm-none-eabi/14.2.0/../../../../arm-none-eabi/lib/thumb/v6-m/nofp/libg.a(libc_a-tolower.o)
                              CMakeFiles/main.dir/main.cpp.o (tolower)
/usr/lib/gcc/arm-none-eabi/14.2.0/../../../../arm-none-eabi/lib/thumb/v6-m/nofp/libg.a(libc_a-memcmp.o)
                              CMakeFiles/main.dir/home/junnaaa/pico-sdk/src/rp2_common/pico_atomic/atomic.c.o (memcmp)
/usr/lib/gcc/arm-none-eabi/14.2.0/../../../../arm-none-eabi/lib/thumb/v6-m/nofp/libg.a(libc_a-memmove.o)
                              /usr/lib/gcc/arm-none-eabi/14.2.0/../../../../arm-none-eabi/lib/thumb/v6-m/nofp/libg.a(libc_a-reallocr.o) (memmove)
/usr/lib/gcc/arm-none-eabi/14.2.0/../../../../arm-none-eabi/lib/thumb/v6-m/nofp/libg.a(libc_a-lcltime_r.o)
                              CMakeFiles/main.dir/home/junnaaa/pico-sdk/src/common/pico_util/datetime.c.o (localtime_r)
/usr/lib/gcc/arm-none-eabi/14.2.0/../../../../arm-none-eabi/lib/thumb/v6-m/nofp/libg.a(libc_a-mktime.o)
                              CMakeFiles/main.dir/home/junnaaa/pico-sdk/src/common/pico_util/datetime.c.o (mktime)
/usr/lib/gcc/arm-none-eabi/14.2.0/../../../../arm-none-eabi/lib/thumb/v6-m/nofp/libg.a(libc_a-month_lengths.o)
                              /usr/lib/gcc/arm-none-eabi/14.2.0/../../../../arm-none-eabi/lib/thumb/v6-m/nofp/libg.a(libc_a-lcltime_r.o) (__month_lengths)
/usr/lib/gcc/arm-none-eabi/14.2.0/../../../../arm-none-eabi/lib/thumb/v6-m/nofp/libg.a(libc_a-tzcalc_limits.o)
                              /usr/lib/gcc/arm-none-eabi/14.2.0/../../../../arm-none-eabi/lib/thumb/v6-m/nofp/libg.a(libc_a-lcltime_r.o) (__tzcalc_limits)
/usr/lib/gcc/arm-none-eabi/14.2.0/../../../../arm-none-eabi/lib/thumb/v6-m/nofp/libg.a(libc_a-tzlock.o)
                              /usr/lib/gcc/arm-none-eabi/14.2.0/../../../../arm-none-eabi/lib/thumb/v6-m/nofp/libg.a(libc_a-lcltime_r.o) (__tz_lock)
/usr/lib/gcc/arm-none-eabi/14.2.0/../../../../arm-none-eabi/lib/thumb/v6-m/nofp/libg.a(libc_a-tzset.o)
                              /usr/lib/gcc/arm-none-eabi/14.2.0/../../../../arm-none-eabi/lib/thumb/v6-m/nofp/libg.a(libc_a-lcltime_r.o) (_tzset_unlocked)
/usr/lib/gcc/arm-none-eabi/14.2.0/../../../../arm-none-eabi/lib/thumb/v6-m/nofp/libg.a(libc_a-tzset_r.o)
                              /usr/lib/gcc/arm-none-eabi/14.2.0/../../../../arm-none-eabi/lib/thumb/v6-m/nofp/libg.a(libc_a-tzset.o) (_tzset_unlocked_r)
/usr/lib/gcc/arm-none-eabi/14.2.0/../../../../arm-none-eabi/lib/thumb/v6-m/nofp/libg.a(libc_a-tzvars.o)
[...]
Memory Configuration

Name             Origin             Length             Attributes
FLASH            0x10000000         0x00200000         xr
RAM              0x20000000         0x00040000         xrw
SCRATCH_X        0x20040000         0x00001000         xrw
SCRATCH_Y        0x20041000         0x00001000         xrw
*default*        0x00000000         0xffffffff

Linker script and memory map

LOAD /usr/lib/gcc/arm-none-eabi/14.2.0/thumb/v6-m/nofp/crti.o
LOAD /usr/lib/gcc/arm-none-eabi/14.2.0/thumb/v6-m/nofp/crtbegin.o
LOAD /usr/lib/gcc/arm-none-eabi/14.2.0/../../../../arm-none-eabi/lib/thumb/v6-m/nofp/crt0.o

.flash_begin    0x10000000        0x0
                0x10000000                        __flash_binary_start = .

.boot2          0x10000000      0x100
                0x10000000                        __boot2_start__ = .
 *(.boot2)
 .boot2         0x10000000      0x100 pico-sdk/src/rp2040/boot_stage2/CMakeFiles/bs2_default_library.dir/bs2_default_padded_checksummed.S.o
                0x10000100                        __boot2_end__ = .
                0x00000001                        ASSERT (((__boot2_end__ - __boot2_start__) == 0x100), ERROR: Pico second stage bootloader must be 256 bytes in size)

.text           0x10000100     0x2804
                0x10000100                        __logical_binary_start = .
 *(.vectors)
 .vectors       0x10000100       0xd4 CMakeFiles/main.dir/home/junnaaa/pico-sdk/src/rp2_common/pico_crt0/crt0.S.o
                0x10000100                __vectors
                0x10000100                __VECTOR_TABLE
                0x100001c0                isr_irq30
                0x100001c0                __unhandled_user_irq
                0x100001c0                isr_irq13
                0x100001c0                isr_irq27
                0x100001c0                isr_irq31
                0x100001c0                isr_irq5
                0x100001c0                isr_irq11
                0x100001c0                isr_irq23
                0x100001c0                isr_irq18
                0x100001c0                isr_irq28
                0x100001c0                isr_irq19
                0x100001c0                isr_irq0
                0x100001c0                isr_irq6
                0x100001c0                isr_irq22
                0x100001c0                isr_irq17
                0x100001c0                isr_irq14
                0x100001c0                __vectors_end
                0x100001c0                __default_isrs_start
                0x100001c0                isr_irq2
                0x100001c0                isr_irq10
                0x100001c0                isr_irq8
                0x100001c0                isr_irq24
                0x100001c0                isr_irq1
                0x100001c0                isr_irq7
                0x100001c0                isr_irq21
                0x100001c0                isr_irq20
                0x100001c0                isr_irq15
                0x100001c0                isr_irq25
                0x100001c0                isr_irq4
                0x100001c0                isr_irq16
                0x100001c0                isr_irq29
                0x100001c0                isr_irq26
                0x100001c0                isr_irq3
                0x100001c0                isr_irq12
                0x100001c0                isr_irq9
                0x100001c6                unhandled_user_irq_num_in_r0
                0x100001c8                isr_invalid
                0x100001ca                isr_nmi
                0x100001cc                isr_hardfault
                0x100001ce                isr_svcall
                0x100001d0                isr_pendsv
                0x100001d2                isr_systick
                0x100001d4                __default_isrs_end
 *(.binary_info_header)
 .binary_info_header
                0x100001d4       0x14 CMakeFiles/main.dir/home/junnaaa/pico-sdk/src/rp2_common/pico_crt0/crt0.S.o
                0x100001e8                        __binary_info_header_end = .
 *(.embedded_block)
                0x100001e8                        __embedded_block_end = .
 *(.reset)
 .reset         0x100001e8       0x9c CMakeFiles/main.dir/home/junnaaa/pico-sdk/src/rp2_common/pico_crt0/crt0.S.o
                0x100001e8                _entry_point
 *(.init)
 .init          0x10000284        0x4 /usr/lib/gcc/arm-none-eabi/14.2.0/thumb/v6-m/nofp/crti.o
                0x10000284                _init
 *(EXCLUDE_FILE(*libm.a: *libc.a:*lib_a-mem*.o *libgcc.a:) .text*)
 .text.frame_dummy
                0x10000288       0x20 /usr/lib/gcc/arm-none-eabi/14.2.0/thumb/v6-m/nofp/crtbegin.o
 .text.uart_puts.constprop.0
                0x100002a8       0x5c CMakeFiles/main.dir/main.cpp.o
 .text._ZN7stepperC2Ehhhhm
                0x10000304       0x64 CMakeFiles/main.dir/main.cpp.o
                0x10000304                stepper::stepper(unsigned char, unsigned char, unsigned char, unsigned char, unsigned long)
                0x10000304                stepper::stepper(unsigned char, unsigned char, unsigned char, unsigned char, unsigned long)
 .text._Z8hc05initv
                0x10000368       0x84 CMakeFiles/main.dir/main.cpp.o
                0x10000368                hc05init()
 .text.startup.main
                0x100003ec      0x51c CMakeFiles/main.dir/main.cpp.o
                0x100003ec                main
 .text.gpio_set_function
                0x10000908       0x34 CMakeFiles/main.dir/home/junnaaa/pico-sdk/src/rp2_common/hardware_gpio/gpio.c.o
                0x10000908                gpio_set_function
 .text.gpio_set_input_enabled
                0x1000093c       0x28 CMakeFiles/main.dir/home/junnaaa/pico-sdk/src/rp2_common/hardware_gpio/gpio.c.o
                0x1000093c                gpio_set_input_enabled
 .text.gpio_init
                0x10000964       0x40 CMakeFiles/main.dir/home/junnaaa/pico-sdk/src/rp2_common/hardware_gpio/gpio.c.o
                0x10000964                gpio_init
 .text.panic    0x100009a4       0x30 CMakeFiles/main.dir/home/junnaaa/pico-sdk/src/rp2_common/pico_platform_panic/panic.c.o
                0x100009a4                panic
 .text.hw_claim_or_assert
                0x100009d4       0x44 CMakeFiles/main.dir/home/junnaaa/pico-sdk/src/common/hardware_claim/claim.c.o
                0x100009d4                hw_claim_or_assert
 .text.next_striped_spin_lock_num
                0x10000a18       0x18 CMakeFiles/main.dir/home/junnaaa/pico-sdk/src/rp2_common/hardware_sync/sync.c.o
                0x10000a18                next_striped_spin_lock_num
 .text.spin_locks_reset
                0x10000a30       0x1c CMakeFiles/main.dir/home/junnaaa/pico-sdk/src/rp2_common/hardware_sync_spin_lock/sync_spin_lock.c.o
                0x10000a30                spin_locks_reset
 .text.runtime_init_per_core_irq_priorities
                0x10000a4c       0x24 CMakeFiles/main.dir/home/junnaaa/pico-sdk/src/rp2_common/hardware_irq/irq.c.o
                0x10000a4c                runtime_init_per_core_irq_priorities
 .text.irq_set_enabled
                0x10000a70       0x24 CMakeFiles/main.dir/home/junnaaa/pico-sdk/src/rp2_common/hardware_irq/irq.c.o
                0x10000a70                irq_set_enabled
 .text.irq_set_exclusive_handler
                0x10000a94       0x54 CMakeFiles/main.dir/home/junnaaa/pico-sdk/src/rp2_common/hardware_irq/irq.c.o
                0x10000a94                irq_set_exclusive_handler
 .text.irq_remove_handler
                0x10000ae8      0x1d4 CMakeFiles/main.dir/home/junnaaa/pico-sdk/src/rp2_common/hardware_irq/irq.c.o
                0x10000ae8                irq_remove_handler
 .text.irq_add_tail_to_free_list
                0x10000cbc       0xb4 CMakeFiles/main.dir/home/junnaaa/pico-sdk/src/rp2_common/hardware_irq/irq.c.o
                0x10000cbc                irq_add_tail_to_free_list
 .text.lock_init
                0x10000d70       0x10 CMakeFiles/main.dir/home/junnaaa/pico-sdk/src/common/pico_sync/lock_core.c.o
                0x10000d70                lock_init
 .text.runtime_init_mutex
                0x10000d80       0x50 CMakeFiles/main.dir/home/junnaaa/pico-sdk/src/common/pico_sync/mutex.c.o
                0x10000d80                runtime_init_mutex
 .text.sleep_until_callback
                0x10000dd0       0x30 CMakeFiles/main.dir/home/junnaaa/pico-sdk/src/common/pico_time/time.c.o
 .text.alarm_pool_irq_handler
                0x10000e00      0x300 CMakeFiles/main.dir/home/junnaaa/pico-sdk/src/common/pico_time/time.c.o
 .text.runtime_init_default_alarm_pool
                0x10001100       0xdc CMakeFiles/main.dir/home/junnaaa/pico-sdk/src/common/pico_time/time.c.o
                0x10001100                runtime_init_default_alarm_pool
 .text.alarm_pool_add_alarm_at_force_in_context
                0x100011dc       0xb0 CMakeFiles/main.dir/home/junnaaa/pico-sdk/src/common/pico_time/time.c.o
                0x100011dc                alarm_pool_add_alarm_at_force_in_context
 .text.alarm_pool_cancel_alarm
                0x1000128c       0x74 CMakeFiles/main.dir/home/junnaaa/pico-sdk/src/common/pico_time/time.c.o
                0x1000128c                alarm_pool_cancel_alarm
 .text.sleep_us
                0x10001300       0xec CMakeFiles/main.dir/home/junnaaa/pico-sdk/src/common/pico_time/time.c.o
                0x10001300                sleep_us
 .text.sleep_ms
                0x100013ec       0xfc CMakeFiles/main.dir/home/junnaaa/pico-sdk/src/common/pico_time/time.c.o
                0x100013ec                sleep_ms
 .text.best_effort_wfe_or_timeout
                0x100014e8      0x10c CMakeFiles/main.dir/home/junnaaa/pico-sdk/src/common/pico_time/time.c.o
                0x100014e8                best_effort_wfe_or_timeout
 .text.timer_hardware_alarm_claim
                0x100015f4       0x14 CMakeFiles/main.dir/home/junnaaa/pico-sdk/src/rp2_common/hardware_timer/timer.c.o
                0x100015f4                timer_hardware_alarm_claim
 .text.timer_time_us_64
                0x10001608       0x10 CMakeFiles/main.dir/home/junnaaa/pico-sdk/src/rp2_common/hardware_timer/timer.c.o
                0x10001608                timer_time_us_64
 .text.time_us_64
                0x10001618       0x14 CMakeFiles/main.dir/home/junnaaa/pico-sdk/src/rp2_common/hardware_timer/timer.c.o
                0x10001618                time_us_64
 .text.busy_wait_us
                0x1000162c       0x68 CMakeFiles/main.dir/home/junnaaa/pico-sdk/src/rp2_common/hardware_timer/timer.c.o
                0x1000162c                busy_wait_us
 .text.busy_wait_until
                0x10001694       0x20 CMakeFiles/main.dir/home/junnaaa/pico-sdk/src/rp2_common/hardware_timer/timer.c.o
                0x10001694                busy_wait_until
 .text.uart_init
                0x100016b4      0x120 CMakeFiles/main.dir/home/junnaaa/pico-sdk/src/rp2_common/hardware_uart/uart.c.o
                0x100016b4                uart_init
 .text.uart_set_format
                0x100017d4       0x78 CMakeFiles/main.dir/home/junnaaa/pico-sdk/src/rp2_common/hardware_uart/uart.c.o
                0x100017d4                uart_set_format
 .text.clock_configure_int_divider
                0x1000184c       0xf4 CMakeFiles/main.dir/home/junnaaa/pico-sdk/src/rp2_common/hardware_clocks/clocks.c.o
                0x1000184c                clock_configure_int_divider
 .text.clock_configure_undivided
                0x10001940       0xe8 CMakeFiles/main.dir/home/junnaaa/pico-sdk/src/rp2_common/hardware_clocks/clocks.c.o
                0x10001940                clock_configure_undivided
 .text.clock_get_hz
                0x10001a28        0xc CMakeFiles/main.dir/home/junnaaa/pico-sdk/src/rp2_common/hardware_clocks/clocks.c.o
                0x10001a28                clock_get_hz
 .text.pll_init
                0x10001a34       0xa4 CMakeFiles/main.dir/home/junnaaa/pico-sdk/src/rp2_common/hardware_pll/pll.c.o
                0x10001a34                pll_init
 .text.tick_start
                0x10001ad8       0x10 CMakeFiles/main.dir/home/junnaaa/pico-sdk/src/rp2_common/hardware_ticks/ticks.c.o
                0x10001ad8                tick_start
 .text.rom_func_lookup
                0x10001ae8       0x10 CMakeFiles/main.dir/home/junnaaa/pico-sdk/src/rp2_common/pico_bootrom/bootrom.c.o
                0x10001ae8                rom_func_lookup
 .text.rom_data_lookup
                0x10001af8       0x10 CMakeFiles/main.dir/home/junnaaa/pico-sdk/src/rp2_common/pico_bootrom/bootrom.c.o
                0x10001af8                rom_data_lookup
 .text.rom_funcs_lookup
                0x10001b08       0x44 CMakeFiles/main.dir/home/junnaaa/pico-sdk/src/rp2_common/pico_bootrom/bootrom.c.o
                0x10001b08                rom_funcs_lookup
 .text.xosc_init
                0x10001b4c       0x28 CMakeFiles/main.dir/home/junnaaa/pico-sdk/src/rp2_common/hardware_xosc/xosc.c.o
                0x10001b4c                xosc_init
 .text.first_per_core_initializer
                0x10001b74        0x4 CMakeFiles/main.dir/home/junnaaa/pico-sdk/src/rp2_common/pico_runtime/runtime.c.o
 .text.hard_assertion_failure
                0x10001b78        0xc CMakeFiles/main.dir/home/junnaaa/pico-sdk/src/rp2_common/pico_runtime/runtime.c.o
                0x10001b78                hard_assertion_failure
 .text.runtime_run_initializers
                0x10001b84       0x28 CMakeFiles/main.dir/home/junnaaa/pico-sdk/src/rp2_common/pico_runtime/runtime.c.o
                0x10001b84                runtime_run_initializers
 .text.runtime_init_early_resets
                0x10001bac       0x2c CMakeFiles/main.dir/home/junnaaa/pico-sdk/src/rp2_common/pico_runtime_init/runtime_init.c.o
                0x10001bac                runtime_init_early_resets
 .text.runtime_init_usb_power_down
                0x10001bd8       0x1c CMakeFiles/main.dir/home/junnaaa/pico-sdk/src/rp2_common/pico_runtime_init/runtime_init.c.o
                0x10001bd8                runtime_init_usb_power_down
 .text.runtime_init_post_clock_resets
                0x10001bf4       0x20 CMakeFiles/main.dir/home/junnaaa/pico-sdk/src/rp2_common/pico_runtime_init/runtime_init.c.o
                0x10001bf4                runtime_init_post_clock_resets
 .text.runtime_init_rp2040_gpio_ie_disable
                0x10001c14       0x14 CMakeFiles/main.dir/home/junnaaa/pico-sdk/src/rp2_common/pico_runtime_init/runtime_init.c.o
                0x10001c14                runtime_init_rp2040_gpio_ie_disable
 .text.runtime_init_spin_locks_reset
                0x10001c28        0x8 CMakeFiles/main.dir/home/junnaaa/pico-sdk/src/rp2_common/pico_runtime_init/runtime_init.c.o
                0x10001c28                runtime_init_spin_locks_reset
 .text.runtime_init_install_ram_vector_table
                0x10001c30       0xb4 CMakeFiles/main.dir/home/junnaaa/pico-sdk/src/rp2_common/pico_runtime_init/runtime_init.c.o
                0x10001c30                runtime_init_install_ram_vector_table
 .text.runtime_init_clocks
                0x10001ce4       0xd8 CMakeFiles/main.dir/home/junnaaa/pico-sdk/src/rp2_common/pico_runtime_init/runtime_init_clocks.c.o
                0x10001ce4                runtime_init_clocks
 .text          0x10001dbc       0x10 CMakeFiles/main.dir/home/junnaaa/pico-sdk/src/rp2_common/pico_bit_ops/bit_ops_aeabi.S.o
 .text.__wrap___aeabi_uidiv
                0x10001dcc       0x4c CMakeFiles/main.dir/home/junnaaa/pico-sdk/src/rp2_common/pico_divider/divider_hardware.S.o
                0x10001dcc                __wrap___aeabi_uidiv
                0x10001dcc                __wrap___aeabi_uidivmod
                0x10001dcc                div_u32u32
                0x10001dcc                divmod_u32u32
                0x10001dd4                divmod_u32u32_unsafe
                0x10001dfc                divmod_u32u32_savestate
 .text.__aeabi_double_init
                0x10001e18       0xa4 CMakeFiles/main.dir/home/junnaaa/pico-sdk/src/rp2_common/pico_double/double_init_rom_rp2040.c.o
                0x10001e18                __aeabi_double_init
 .text.double_table_shim_on_use_helper
                0x10001ebc       0x2c CMakeFiles/main.dir/home/junnaaa/pico-sdk/src/rp2_common/pico_double/double_v1_rom_shim_rp2040.S.o
                0x10001ebc                double_table_shim_on_use_helper
 .text.double2uint64_shim
                0x10001ee8       0x70 CMakeFiles/main.dir/home/junnaaa/pico-sdk/src/rp2_common/pico_double/double_v1_rom_shim_rp2040.S.o
                0x10001ee8                double2uint64_shim
                0x10001eea                double2ufix64_shim
                0x10001f0a                d2fix_a
 .text.dunpacks
                0x10001f58       0x3c CMakeFiles/main.dir/home/junnaaa/pico-sdk/src/rp2_common/pico_double/double_v1_rom_shim_rp2040.S.o
                0x10001f58                dunpacks
 .text.__aeabi_lmul
                0x10001f94       0x32 CMakeFiles/main.dir/home/junnaaa/pico-sdk/src/rp2_common/pico_int64_ops/pico_int64_ops_aeabi.S.o
                0x10001f94                __wrap___aeabi_lmul
 *fill*         0x10001fc6        0x2 
 .text.__wrap___aeabi_farithmetic
                0x10001fc8       0x48 CMakeFiles/main.dir/home/junnaaa/pico-sdk/src/rp2_common/pico_float/float_aeabi_rp2040.S.o
                0x10001fc8                __wrap___aeabi_frsub
                0x10001fce                __wrap___aeabi_fsub
                0x10001fd4                __wrap___aeabi_fadd
                0x10001fda                __wrap___aeabi_fdiv
                0x10002002                __wrap___aeabi_fmul
 .text.__wrap___aeabi_ui2f
                0x10002010        0xa CMakeFiles/main.dir/home/junnaaa/pico-sdk/src/rp2_common/pico_float/float_aeabi_rp2040.S.o
                0x10002010                uint2float
                0x10002010                __wrap___aeabi_ui2f
 *fill*         0x1000201a        0x2 
 .text.__wrap___aeabi_i2f
                0x1000201c       0x44 CMakeFiles/main.dir/home/junnaaa/pico-sdk/src/rp2_common/pico_float/float_aeabi_rp2040.S.o
                0x1000201c                int2float
                0x1000201c                __wrap___aeabi_i2f
 .text.__wrap___aeabi_f2uiz
                0x10002060        0xc CMakeFiles/main.dir/home/junnaaa/pico-sdk/src/rp2_common/pico_float/float_aeabi_rp2040.S.o
                0x10002060                float2uint
                0x10002060                float2uint_z
                0x10002060                __wrap___aeabi_f2uiz
 .text.__wrap___aeabi_f2ulz
                0x1000206c       0x14 CMakeFiles/main.dir/home/junnaaa/pico-sdk/src/rp2_common/pico_float/float_aeabi_rp2040.S.o
                0x1000206c                float2uint64_z
                0x1000206c                float2uint64
                0x1000206c                __wrap___aeabi_f2ulz
 .text.__aeabi_float_init
                0x10002080       0x64 CMakeFiles/main.dir/home/junnaaa/pico-sdk/src/rp2_common/pico_float/float_init_rom_rp2040.c.o
                0x10002080                __aeabi_float_init
 .text.float_table_shim_on_use_helper
                0x100020e4       0x2c CMakeFiles/main.dir/home/junnaaa/pico-sdk/src/rp2_common/pico_float/float_v1_rom_shim_rp2040.S.o
                0x100020e4                float_table_shim_on_use_helper
 .text.float264_shims
                0x10002110       0x4c CMakeFiles/main.dir/home/junnaaa/pico-sdk/src/rp2_common/pico_float/float_v1_rom_shim_rp2040.S.o
                0x10002110                float2int64_shim
                0x10002112                float2fix64_shim
                0x1000211a                float2uint64_shim
                0x1000211c                float2ufix64_shim
 .text.d2fix_a_float
                0x1000215c       0x5c CMakeFiles/main.dir/home/junnaaa/pico-sdk/src/rp2_common/pico_float/float_v1_rom_shim_rp2040.S.o
 .text          0x100021b8       0x10 CMakeFiles/main.dir/home/junnaaa/pico-sdk/src/rp2_common/pico_mem_ops/mem_ops_aeabi.S.o
                0x100021b8                __aeabi_mem_init
 .text.memcpy   0x100021c8        0xc CMakeFiles/main.dir/home/junnaaa/pico-sdk/src/rp2_common/pico_mem_ops/mem_ops_aeabi.S.o
                0x100021c8                __wrap___aeabi_memcpy
                0x100021c8                __wrap_memcpy
 .text._out_char
                0x100021d4       0x10 CMakeFiles/main.dir/home/junnaaa/pico-sdk/src/rp2_common/pico_printf/printf.c.o
 .text.weak_raw_vprintf
                0x100021e4       0x30 CMakeFiles/main.dir/home/junnaaa/pico-sdk/src/rp2_common/pico_printf/printf.c.o
                0x100021e4                weak_raw_vprintf
 .text._exit    0x10002214        0x4 CMakeFiles/main.dir/home/junnaaa/pico-sdk/src/rp2_common/pico_clib_interface/newlib_interface.c.o
                0x10002214                _exit
 .text.exit     0x10002218        0x8 CMakeFiles/main.dir/home/junnaaa/pico-sdk/src/rp2_common/pico_clib_interface/newlib_interface.c.o
                0x10002218                exit
 .text.runtime_init
                0x10002220       0x2c CMakeFiles/main.dir/home/junnaaa/pico-sdk/src/rp2_common/pico_clib_interface/newlib_interface.c.o
                0x10002220                runtime_init
 .text.stdio_out_chars_no_crlf
                0x1000224c       0x10 CMakeFiles/main.dir/home/junnaaa/pico-sdk/src/rp2_common/pico_stdio/stdio.c.o
 .text.stdio_out_chars_crlf
                0x1000225c       0xb0 CMakeFiles/main.dir/home/junnaaa/pico-sdk/src/rp2_common/pico_stdio/stdio.c.o
 .text.stdio_put_string
                0x1000230c       0xfc CMakeFiles/main.dir/home/junnaaa/pico-sdk/src/rp2_common/pico_stdio/stdio.c.o
                0x1000230c                stdio_put_string
 .text.stdio_set_driver_enabled
                0x10002408       0x30 CMakeFiles/main.dir/home/junnaaa/pico-sdk/src/rp2_common/pico_stdio/stdio.c.o
                0x10002408                stdio_set_driver_enabled
 .text.stdio_init_all
                0x10002438        0xc CMakeFiles/main.dir/home/junnaaa/pico-sdk/src/rp2_common/pico_stdio/stdio.c.o
                0x10002438                stdio_init_all
 .text.__wrap_putchar
                0x10002444       0x94 CMakeFiles/main.dir/home/junnaaa/pico-sdk/src/rp2_common/pico_stdio/stdio.c.o
                0x10002444                stdio_putchar
                0x10002444                __wrap_putchar
 .text.__wrap_puts
                0x100024d8       0x3c CMakeFiles/main.dir/home/junnaaa/pico-sdk/src/rp2_common/pico_stdio/stdio.c.o
                0x100024d8                __wrap_puts
                0x100024d8                stdio_puts
 .text.stdio_uart_out_chars
                0x10002514       0x4c CMakeFiles/main.dir/home/junnaaa/pico-sdk/src/rp2_common/pico_stdio_uart/stdio_uart.c.o
 .text.stdio_uart_in_chars
                0x10002560       0x90 CMakeFiles/main.dir/home/junnaaa/pico-sdk/src/rp2_common/pico_stdio_uart/stdio_uart.c.o
                0x10002560                stdio_uart_in_chars
 .text.on_uart_rx
                0x100025f0       0x28 CMakeFiles/main.dir/home/junnaaa/pico-sdk/src/rp2_common/pico_stdio_uart/stdio_uart.c.o
 .text.stdio_uart_out_flush
                0x10002618       0x14 CMakeFiles/main.dir/home/junnaaa/pico-sdk/src/rp2_common/pico_stdio_uart/stdio_uart.c.o
 .text.stdio_uart_set_chars_available_callback
                0x1000262c       0x84 CMakeFiles/main.dir/home/junnaaa/pico-sdk/src/rp2_common/pico_stdio_uart/stdio_uart.c.o
 .text.stdio_uart_init
                0x100026b0       0x50 CMakeFiles/main.dir/home/junnaaa/pico-sdk/src/rp2_common/pico_stdio_uart/stdio_uart.c.o
                0x100026b0                stdio_uart_init
 .text.atexit   0x10002700       0x10 /usr/lib/gcc/arm-none-eabi/14.2.0/../../../../arm-none-eabi/lib/thumb/v6-m/nofp/libg.a(libc_a-atexit.o)
                0x10002700                atexit
 .text.isupper  0x10002710       0x18 /usr/lib/gcc/arm-none-eabi/14.2.0/../../../../arm-none-eabi/lib/thumb/v6-m/nofp/libg.a(libc_a-isupper.o)
                0x10002710                isupper
 .text.tolower  0x10002728       0x14 /usr/lib/gcc/arm-none-eabi/14.2.0/../../../../arm-none-eabi/lib/thumb/v6-m/nofp/libg.a(libc_a-tolower.o)
                0x10002728                tolower
 .text.__libc_fini_array
                0x1000273c       0x28 /usr/lib/gcc/arm-none-eabi/14.2.0/../../../../arm-none-eabi/lib/thumb/v6-m/nofp/libg.a(libc_a-fini.o)
                0x1000273c                __libc_fini_array
 .text.__retarget_lock_acquire_recursive
                0x10002764        0x4 /usr/lib/gcc/arm-none-eabi/14.2.0/../../../../arm-none-eabi/lib/thumb/v6-m/nofp/libg.a(libc_a-lock.o)
                0x10002764                __retarget_lock_acquire_recursive
 .text.__retarget_lock_release_recursive
                0x10002768        0x4 /usr/lib/gcc/arm-none-eabi/14.2.0/../../../../arm-none-eabi/lib/thumb/v6-m/nofp/libg.a(libc_a-lock.o)
                0x10002768                __retarget_lock_release_recursive
 .text.strlen   0x1000276c       0x5c /usr/lib/gcc/arm-none-eabi/14.2.0/../../../../arm-none-eabi/lib/thumb/v6-m/nofp/libg.a(libc_a-strlen-stub.o)
                0x1000276c                strlen
 .text.__register_exitproc
                0x100027c8       0xa8 /usr/lib/gcc/arm-none-eabi/14.2.0/../../../../arm-none-eabi/lib/thumb/v6-m/nofp/libg.a(libc_a-__atexit.o)
                0x100027c8                __register_exitproc
 .text.startup.register_fini
                0x10002870       0x18 /usr/lib/gcc/arm-none-eabi/14.2.0/../../../../arm-none-eabi/lib/thumb/v6-m/nofp/libg.a(libc_a-__call_atexit.o)
 *(.fini)
 .fini          0x10002888        0x4 /usr/lib/gcc/arm-none-eabi/14.2.0/thumb/v6-m/nofp/crti.o
                0x10002888                _fini
 *fill*         0x1000288c        0x4 
 .fini.__stub   0x10002890       0x30 linker stubs
 *crtbegin.o(.ctors)
 *crtbegin?.o(.ctors)
 *(EXCLUDE_FILE(*crtend.o *crtend?.o) .ctors)
 *(SORT_BY_NAME(.ctors.*))
 *(.ctors)
 *crtbegin.o(.dtors)
 *crtbegin?.o(.dtors)
 *(EXCLUDE_FILE(*crtend.o *crtend?.o) .dtors)
 *(SORT_BY_NAME(.dtors.*))
 *(.dtors)
                0x100028c0                        . = ALIGN (0x4)
                0x100028c0                        PROVIDE (__preinit_array_start = .)
 *(SORT_BY_NAME(.preinit_array.*))
 .preinit_array.00100
                0x100028c0        0x4 CMakeFiles/main.dir/home/junnaaa/pico-sdk/src/rp2_common/pico_runtime_init/runtime_init.c.o
                0x100028c0                __pre_init_runtime_init_early_resets
 .preinit_array.00101
                0x100028c4        0x4 CMakeFiles/main.dir/home/junnaaa/pico-sdk/src/rp2_common/pico_runtime_init/runtime_init.c.o
                0x100028c4                __pre_init_runtime_init_usb_power_down
 .preinit_array.00275
                0x100028c8        0x4 CMakeFiles/main.dir/home/junnaaa/pico-sdk/src/rp2_common/pico_bit_ops/bit_ops_aeabi.S.o
 .preinit_array.00300
                0x100028cc        0x4 CMakeFiles/main.dir/home/junnaaa/pico-sdk/src/rp2_common/pico_mem_ops/mem_ops_aeabi.S.o
 .preinit_array.00350
                0x100028d0        0x4 CMakeFiles/main.dir/home/junnaaa/pico-sdk/src/rp2_common/pico_double/double_aeabi_rp2040.S.o
 .preinit_array.00350
                0x100028d4        0x4 CMakeFiles/main.dir/home/junnaaa/pico-sdk/src/rp2_common/pico_float/float_aeabi_rp2040.S.o
 .preinit_array.00500
                0x100028d8        0x4 CMakeFiles/main.dir/home/junnaaa/pico-sdk/src/rp2_common/pico_runtime_init/runtime_init.c.o
                0x100028d8                __pre_init_runtime_init_clocks
 .preinit_array.00600
                0x100028dc        0x4 CMakeFiles/main.dir/home/junnaaa/pico-sdk/src/rp2_common/pico_runtime_init/runtime_init.c.o
                0x100028dc                __pre_init_runtime_init_post_clock_resets
 .preinit_array.00700
                0x100028e0        0x4 CMakeFiles/main.dir/home/junnaaa/pico-sdk/src/rp2_common/pico_runtime_init/runtime_init.c.o
                0x100028e0                __pre_init_runtime_init_rp2040_gpio_ie_disable
 .preinit_array.01000
                0x100028e4        0x4 CMakeFiles/main.dir/home/junnaaa/pico-sdk/src/rp2_common/pico_runtime_init/runtime_init.c.o
                0x100028e4                __pre_init_runtime_init_spin_locks_reset
 .preinit_array.01100
                0x100028e8        0x4 CMakeFiles/main.dir/home/junnaaa/pico-sdk/src/common/pico_sync/mutex.c.o
                0x100028e8                __pre_init_runtime_init_mutex
 .preinit_array.10080
                0x100028ec        0x4 CMakeFiles/main.dir/home/junnaaa/pico-sdk/src/rp2_common/pico_runtime_init/runtime_init.c.o
                0x100028ec                __pre_init_runtime_init_install_ram_vector_table
 .preinit_array.11000
                0x100028f0        0x4 CMakeFiles/main.dir/home/junnaaa/pico-sdk/src/common/pico_time/time.c.o
                0x100028f0                __pre_init_runtime_init_default_alarm_pool
 .preinit_array.YYYYY
                0x100028f4        0x4 CMakeFiles/main.dir/home/junnaaa/pico-sdk/src/rp2_common/pico_runtime/runtime.c.o
                0x100028f4                __pre_init_first_per_core_initializer
 .preinit_array.ZZZZZ.01200
                0x100028f8        0x4 CMakeFiles/main.dir/home/junnaaa/pico-sdk/src/rp2_common/hardware_irq/irq.c.o
                0x100028f8                __pre_init_runtime_init_per_core_irq_priorities
 *(.preinit_array)
                0x100028fc                        PROVIDE (__preinit_array_end = .)
                0x100028fc                        . = ALIGN (0x4)
                0x100028fc                        PROVIDE (__init_array_start = .)
 *(SORT_BY_NAME(.init_array.*))
 .init_array.00000
                0x100028fc        0x4 /usr/lib/gcc/arm-none-eabi/14.2.0/../../../../arm-none-eabi/lib/thumb/v6-m/nofp/libg.a(libc_a-__call_atexit.o)
 *(.init_array)
 .init_array    0x10002900        0x4 /usr/lib/gcc/arm-none-eabi/14.2.0/thumb/v6-m/nofp/crtbegin.o
                0x10002904                        PROVIDE (__init_array_end = .)
                0x10002904                        . = ALIGN (0x4)
                0x10002904                        PROVIDE (__fini_array_start = .)
 *(SORT_BY_NAME(.fini_array.*))
 *(.fini_array)
                0x10002904                        PROVIDE (__fini_array_end = .)
 *(.eh_frame*)
 .eh_frame      0x10002904        0x0 /usr/lib/gcc/arm-none-eabi/14.2.0/thumb/v6-m/nofp/crtbegin.o
                0x10002904                        . = ALIGN (0x4)

.glue_7         0x10002904        0x0
 .glue_7        0x10002904        0x0 linker stubs

.glue_7t        0x10002904        0x0
 .glue_7t       0x10002904        0x0 linker stubs

.vfp11_veneer   0x10002904        0x0
 .vfp11_veneer  0x10002904        0x0 linker stubs

.v4_bx          0x10002904        0x0
 .v4_bx         0x10002904        0x0 linker stubs

.iplt           0x10002904        0x0
 .iplt          0x10002904        0x0 /usr/lib/gcc/arm-none-eabi/14.2.0/thumb/v6-m/nofp/crtbegin.o

.rodata         0x10002904      0x298
 *(EXCLUDE_FILE(*libm.a: *libc.a:*lib_a-mem*.o *libgcc.a:) .rodata*)
 .rodata._Z8hc05initv.str1.4
                0x10002904      0x11c CMakeFiles/main.dir/main.cpp.o
                                 0x1e (size before relaxing)
 .rodata.main.str1.4
                0x10002a20       0x4d CMakeFiles/main.dir/main.cpp.o
 .rodata        0x10002a20        0x4 CMakeFiles/main.dir/main.cpp.o
 .rodata.panic.str1.4
                0x10002a24       0x12 CMakeFiles/main.dir/home/junnaaa/pico-sdk/src/rp2_common/pico_platform_panic/panic.c.o
 .rodata.timer_hardware_alarm_claim.str1.4
                0x10002a24       0x22 CMakeFiles/main.dir/home/junnaaa/pico-sdk/src/rp2_common/hardware_timer/timer.c.o
 .rodata.hard_assertion_failure.str1.4
                0x10002a24        0xc CMakeFiles/main.dir/home/junnaaa/pico-sdk/src/rp2_common/pico_runtime/runtime.c.o
 .rodata.str1.4
                0x10002a24       0x3c CMakeFiles/main.dir/home/junnaaa/pico-sdk/src/rp2_common/pico_standard_binary_info/standard_binary_info.c.o
 .rodata.__bi_84
                0x10002a24        0xc CMakeFiles/main.dir/home/junnaaa/pico-sdk/src/rp2_common/pico_standard_binary_info/standard_binary_info.c.o
 .rodata.__bi_78
                0x10002a30        0xc CMakeFiles/main.dir/home/junnaaa/pico-sdk/src/rp2_common/pico_standard_binary_info/standard_binary_info.c.o
 .rodata.__bi_54
                0x10002a3c        0xc CMakeFiles/main.dir/home/junnaaa/pico-sdk/src/rp2_common/pico_standard_binary_info/standard_binary_info.c.o
 .rodata.__bi_48
                0x10002a48        0xc CMakeFiles/main.dir/home/junnaaa/pico-sdk/src/rp2_common/pico_standard_binary_info/standard_binary_info.c.o
 .rodata.__bi_42
                0x10002a54        0xc CMakeFiles/main.dir/home/junnaaa/pico-sdk/src/rp2_common/pico_standard_binary_info/standard_binary_info.c.o
 .rodata.__bi_34
                0x10002a60        0xc CMakeFiles/main.dir/home/junnaaa/pico-sdk/src/rp2_common/pico_standard_binary_info/standard_binary_info.c.o
 .rodata.__bi_26
                0x10002a6c        0xc CMakeFiles/main.dir/home/junnaaa/pico-sdk/src/rp2_common/pico_standard_binary_info/standard_binary_info.c.o
 .rodata.crlf_str.0
                0x10002a78        0x2 CMakeFiles/main.dir/home/junnaaa/pico-sdk/src/rp2_common/pico_stdio/stdio.c.o
 .rodata.str1.4
                0x10002a7a       0x2c CMakeFiles/main.dir/home/junnaaa/pico-sdk/src/rp2_common/pico_stdio_uart/stdio_uart.c.o
 *fill*         0x10002a7a        0x2 
 .rodata.__bi_45.4
                0x10002a7c        0xc CMakeFiles/main.dir/home/junnaaa/pico-sdk/src/rp2_common/pico_stdio_uart/stdio_uart.c.o
 .rodata.__bi_49.5
                0x10002a88        0x8 CMakeFiles/main.dir/home/junnaaa/pico-sdk/src/rp2_common/pico_stdio_uart/stdio_uart.c.o
 .rodata.__bi_50.6
                0x10002a90        0x8 CMakeFiles/main.dir/home/junnaaa/pico-sdk/src/rp2_common/pico_stdio_uart/stdio_uart.c.o
 .rodata._ctype_
                0x10002a98      0x101 /usr/lib/gcc/arm-none-eabi/14.2.0/../../../../arm-none-eabi/lib/thumb/v6-m/nofp/libg.a(libc_a-ctype_.o)
                0x10002a98                _ctype_
                0x10002b9c                        . = ALIGN (0x4)
 *fill*         0x10002b99        0x3 
 *(SORT_BY_ALIGNMENT(SORT_BY_NAME(.flashdata*)))
                0x10002b9c                        . = ALIGN (0x4)

.ARM.extab
 *(.ARM.extab* .gnu.linkonce.armextab.*)
                0x10002b9c                        __exidx_start = .

.ARM.exidx
 *(.ARM.exidx* .gnu.linkonce.armexidx.*)
                0x10002b9c                        __exidx_end = .
                0x10002b9c                        . = ALIGN (0x4)
                0x10002b9c                        __binary_info_start = .

.binary_info    0x10002b9c       0x28
 *(.binary_info.keep.*)
 .binary_info.keep.__bi_ptr84
                0x10002b9c        0x4 CMakeFiles/main.dir/home/junnaaa/pico-sdk/src/rp2_common/pico_standard_binary_info/standard_binary_info.c.o
 .binary_info.keep.__bi_ptr78
                0x10002ba0        0x4 CMakeFiles/main.dir/home/junnaaa/pico-sdk/src/rp2_common/pico_standard_binary_info/standard_binary_info.c.o
 .binary_info.keep.__bi_ptr54
                0x10002ba4        0x4 CMakeFiles/main.dir/home/junnaaa/pico-sdk/src/rp2_common/pico_standard_binary_info/standard_binary_info.c.o
 .binary_info.keep.__bi_ptr48
                0x10002ba8        0x4 CMakeFiles/main.dir/home/junnaaa/pico-sdk/src/rp2_common/pico_standard_binary_info/standard_binary_info.c.o
 .binary_info.keep.__bi_ptr42
                0x10002bac        0x4 CMakeFiles/main.dir/home/junnaaa/pico-sdk/src/rp2_common/pico_standard_binary_info/standard_binary_info.c.o
 .binary_info.keep.__bi_ptr34
                0x10002bb0        0x4 CMakeFiles/main.dir/home/junnaaa/pico-sdk/src/rp2_common/pico_standard_binary_info/standard_binary_info.c.o
 .binary_info.keep.__bi_ptr26
                0x10002bb4        0x4 CMakeFiles/main.dir/home/junnaaa/pico-sdk/src/rp2_common/pico_standard_binary_info/standard_binary_info.c.o
 *(.binary_info.*)
 .binary_info.__bi_ptr50
                0x10002bb8        0x4 CMakeFiles/main.dir/home/junnaaa/pico-sdk/src/rp2_common/pico_stdio_uart/stdio_uart.c.o
 .binary_info.__bi_ptr49
                0x10002bbc        0x4 CMakeFiles/main.dir/home/junnaaa/pico-sdk/src/rp2_common/pico_stdio_uart/stdio_uart.c.o
 .binary_info.__bi_ptr45
                0x10002bc0        0x4 CMakeFiles/main.dir/home/junnaaa/pico-sdk/src/rp2_common/pico_stdio_uart/stdio_uart.c.o
                0x10002bc4                        __binary_info_end = .
                0x10002bc4                        . = ALIGN (0x4)

.ram_vector_table
                0x20000000       0xc0
 *(.ram_vector_table)
 .ram_vector_table
                0x20000000       0xc0 CMakeFiles/main.dir/home/junnaaa/pico-sdk/src/rp2_common/pico_runtime_init/runtime_init.c.o
                0x20000000                ram_vector_table

.uninitialized_data
                0x200000c0        0x0
                0x200000c0                        . = ALIGN (0x4)
 *(.uninitialized_data*)

.data           0x200000c0      0x184 load address 0x10002bc4
                0x200000c0                        __data_start__ = .
 *(vtable)
 *(.time_critical*)
 .time_critical.mutex_try_enter_block_until
                0x200000c0       0x98 CMakeFiles/main.dir/home/junnaaa/pico-sdk/src/common/pico_sync/mutex.c.o
                0x200000c0                mutex_try_enter_block_until
 .time_critical.mutex_exit
                0x20000158       0x28 CMakeFiles/main.dir/home/junnaaa/pico-sdk/src/common/pico_sync/mutex.c.o
                0x20000158                mutex_exit
 *(.text*)
 .text          0x20000180        0x4 /usr/lib/gcc/arm-none-eabi/14.2.0/thumb/v6-m/nofp/libgcc.a(_dvmd_tls.o)
                0x20000180                __aeabi_ldiv0
                0x20000180                __aeabi_idiv0
 *fill*         0x20000184        0x4 
 .text.__stub   0x20000188       0x10 linker stubs
                0x20000198                        . = ALIGN (0x4)
 *(.rodata*)
                0x20000198                        . = ALIGN (0x4)
 *(.data*)
 .data.striped_spin_lock_num
                0x20000198        0x1 CMakeFiles/main.dir/home/junnaaa/pico-sdk/src/rp2_common/hardware_sync/sync.c.o
 *fill*         0x20000199        0x3 
 .data          0x2000019c       0x48 CMakeFiles/main.dir/home/junnaaa/pico-sdk/src/rp2_common/hardware_irq/irq_handler_chain.S.o
                0x2000019c                irq_handler_chain_slots
                0x200001cc                irq_handler_chain_first_slot
                0x200001d6                irq_handler_chain_remove_tail
 .data.default_alarm_pool
                0x200001e4       0x18 CMakeFiles/main.dir/home/junnaaa/pico-sdk/src/common/pico_time/time.c.o
 *fill*         0x200001fc        0x4 
 .data.aeabi_bits_funcs
                0x20000200       0x10 CMakeFiles/main.dir/home/junnaaa/pico-sdk/src/rp2_common/pico_bit_ops/bit_ops_aeabi.S.o
                0x20000200                aeabi_bits_funcs
                0x20000210                aeabi_bits_funcs_end
 .data.aeabi_mem_funcs
                0x20000210       0x10 CMakeFiles/main.dir/home/junnaaa/pico-sdk/src/rp2_common/pico_mem_ops/mem_ops_aeabi.S.o
                0x20000210                aeabi_mem_funcs
                0x20000220                aeabi_mem_funcs_end
 .data.stdio_uart
                0x20000220       0x18 CMakeFiles/main.dir/home/junnaaa/pico-sdk/src/rp2_common/pico_stdio_uart/stdio_uart.c.o
                0x20000220                stdio_uart
 .data.__atexit_recursive_mutex
                0x20000238        0x4 /usr/lib/gcc/arm-none-eabi/14.2.0/../../../../arm-none-eabi/lib/thumb/v6-m/nofp/libg.a(libc_a-__call_atexit.o)
                0x20000238                __atexit_recursive_mutex
                0x2000023c                        . = ALIGN (0x4)
 *(.after_data.*)
                0x2000023c                        . = ALIGN (0x4)
                0x2000023c                        PROVIDE (__mutex_array_start = .)
 *(SORT_BY_NAME(.mutex_array.*))
 *(.mutex_array)
 .mutex_array   0x2000023c        0x8 CMakeFiles/main.dir/home/junnaaa/pico-sdk/src/rp2_common/pico_stdio/stdio.c.o
                0x20000244                        PROVIDE (__mutex_array_end = .)
                0x20000244                        . = ALIGN (0x4)
 *(.jcr)
                0x20000244                        . = ALIGN (0x4)

.igot.plt       0x20000244        0x0 load address 0x10002d48
 .igot.plt      0x20000244        0x0 /usr/lib/gcc/arm-none-eabi/14.2.0/thumb/v6-m/nofp/crtbegin.o

.tdata          0x20000244        0x0 load address 0x10002d48
                0x20000244                        . = ALIGN (0x4)
 *(.tdata .tdata.* .gnu.linkonce.td.*)
                0x20000244                        __tdata_end = .
                0x20000244                        PROVIDE (__data_end__ = .)
                0x10002bc4                        __etext = LOADADDR (.data)

.tbss           0x20000244        0x0 load address 0x10002d48
                0x20000244                        . = ALIGN (0x4)
                0x20000244                        __bss_start__ = .
                0x20000244                        __tls_base = .
 *(.tbss .tbss.* .gnu.linkonce.tb.*)
 *(.tcommon)
                0x20000244                        __tls_end = .

.bss            0x20000248      0x594 load address 0x10002d48
                0x20000248                        . = ALIGN (0x4)
                0x20000248                        __tbss_end = .
 *(SORT_BY_ALIGNMENT(SORT_BY_NAME(.bss*)))
 .bss.default_alarm_pool_entries
                0x20000248      0x180 CMakeFiles/main.dir/home/junnaaa/pico-sdk/src/common/pico_time/time.c.o
 .bss.sd_table  0x200003c8      0x100 CMakeFiles/main.dir/home/junnaaa/pico-sdk/src/rp2_common/pico_double/double_init_rom_rp2040.c.o
                0x200003c8                sd_table
 .bss.sf_table  0x200004c8      0x100 CMakeFiles/main.dir/home/junnaaa/pico-sdk/src/rp2_common/pico_float/float_init_rom_rp2040.c.o
                0x200004c8                sf_table
 .bss.__atexit  0x200005c8        0x4 /usr/lib/gcc/arm-none-eabi/14.2.0/../../../../arm-none-eabi/lib/thumb/v6-m/nofp/libg.a(libc_a-__call_atexit.o)
                0x200005c8                __atexit
 .bss.__atexit0
                0x200005cc      0x190 /usr/lib/gcc/arm-none-eabi/14.2.0/../../../../arm-none-eabi/lib/thumb/v6-m/nofp/libg.a(libc_a-__atexit.o)
                0x200005cc                __atexit0
 .bss.__lock___atexit_recursive_mutex
                0x2000075c        0x1 /usr/lib/gcc/arm-none-eabi/14.2.0/../../../../arm-none-eabi/lib/thumb/v6-m/nofp/libg.a(libc_a-lock.o)
                0x2000075c                __lock___atexit_recursive_mutex
 *fill*         0x2000075d        0x3 
 .bss.chars_available_callback
                0x20000760        0x4 CMakeFiles/main.dir/home/junnaaa/pico-sdk/src/rp2_common/pico_stdio_uart/stdio_uart.c.o
 .bss.chars_available_param
                0x20000764        0x4 CMakeFiles/main.dir/home/junnaaa/pico-sdk/src/rp2_common/pico_stdio_uart/stdio_uart.c.o
 .bss.claimed   0x20000768        0x1 CMakeFiles/main.dir/home/junnaaa/pico-sdk/src/rp2_common/hardware_timer/timer.c.o
 *fill*         0x20000769        0x3 
 .bss.configured_freq
                0x2000076c       0x28 CMakeFiles/main.dir/home/junnaaa/pico-sdk/src/rp2_common/hardware_clocks/clocks.c.o
 .bss.drivers   0x20000794        0x4 CMakeFiles/main.dir/home/junnaaa/pico-sdk/src/rp2_common/pico_stdio/stdio.c.o
 .bss.filter    0x20000798        0x4 CMakeFiles/main.dir/home/junnaaa/pico-sdk/src/rp2_common/pico_stdio/stdio.c.o
 .bss.lazy_vsnprintf
                0x2000079c        0x4 CMakeFiles/main.dir/home/junnaaa/pico-sdk/src/rp2_common/pico_printf/printf.c.o
 .bss.object.0  0x200007a0       0x18 /usr/lib/gcc/arm-none-eabi/14.2.0/thumb/v6-m/nofp/crtbegin.o
 .bss.pools     0x200007b8       0x10 CMakeFiles/main.dir/home/junnaaa/pico-sdk/src/common/pico_time/time.c.o
 .bss.sf_clz_func
                0x200007c8        0x4 CMakeFiles/main.dir/home/junnaaa/pico-sdk/src/rp2_common/pico_double/double_init_rom_rp2040.c.o
                0x200007c8                sf_clz_func
 .bss.sleep_notifier
                0x200007cc        0x4 CMakeFiles/main.dir/home/junnaaa/pico-sdk/src/common/pico_time/time.c.o
 .bss.uart_char_to_line_feed
                0x200007d0        0x4 CMakeFiles/main.dir/home/junnaaa/pico-sdk/src/rp2_common/hardware_uart/uart.c.o
                0x200007d0                uart_char_to_line_feed
 .bss.uart_instance
                0x200007d4        0x4 CMakeFiles/main.dir/home/junnaaa/pico-sdk/src/rp2_common/pico_stdio_uart/stdio_uart.c.o
 .bss.exit_con  0x200007d8        0x1 CMakeFiles/main.dir/main.cpp.o
                0x200007d8                exit_con
 .bss.irq_handler_chain_free_slot_head
                0x200007d9        0x1 CMakeFiles/main.dir/home/junnaaa/pico-sdk/src/rp2_common/hardware_irq/irq.c.o
 *(COMMON)
                0x200007dc                        . = ALIGN (0x4)
 *fill*         0x200007da        0x2 
                0x200007dc                        __bss_end__ = .

.heap           0x200007dc      0x800 load address 0x10002d48
                0x200007dc                        __end__ = .
                0x200007dc                        end = __end__
 *(.heap*)
 .heap          0x200007dc      0x800 CMakeFiles/main.dir/home/junnaaa/pico-sdk/src/rp2_common/pico_crt0/crt0.S.o
                0x20040000                        __HeapLimit = (ORIGIN (RAM) + LENGTH (RAM))

.scratch_x      0x20040000        0x0 load address 0x10002d48
                0x20040000                        __scratch_x_start__ = .
 *(.scratch_x.*)
                0x20040000                        . = ALIGN (0x4)
                0x20040000                        __scratch_x_end__ = .
                0x10002d48                        __scratch_x_source__ = LOADADDR (.scratch_x)

.scratch_y      0x20041000        0x0 load address 0x10002d48
                0x20041000                        __scratch_y_start__ = .
 *(.scratch_y.*)
                0x20041000                        . = ALIGN (0x4)
                0x20041000                        __scratch_y_end__ = .
                0x10002d48                        __scratch_y_source__ = LOADADDR (.scratch_y)

.stack1_dummy
 *(.stack1*)

.stack_dummy    0x20041000      0x800
 *(.stack*)
 .stack         0x20041000      0x800 CMakeFiles/main.dir/home/junnaaa/pico-sdk/src/rp2_common/pico_crt0/crt0.S.o

.rel.dyn        0x20041800        0x0
 .rel.iplt      0x20041800        0x0 /usr/lib/gcc/arm-none-eabi/14.2.0/thumb/v6-m/nofp/crtbegin.o

.flash_end      0x10002d48        0x0
 *(.embedded_end_block*)
                0x10002d48                        PROVIDE (__flash_binary_end = .)
                0x20040000                        __StackLimit = (ORIGIN (RAM) + LENGTH (RAM))
                0x20041000                        __StackOneTop = (ORIGIN (SCRATCH_X) + LENGTH (SCRATCH_X))
                0x20042000                        __StackTop = (ORIGIN (SCRATCH_Y) + LENGTH (SCRATCH_Y))
                0x20041000                        __StackOneBottom = (__StackOneTop - SIZEOF (.stack1_dummy))
                0x20041800                        __StackBottom = (__StackTop - SIZEOF (.stack_dummy))
                0x20042000                        PROVIDE (__stack = __StackTop)
                [!provide]                        PROVIDE (__heap_start = __end__)
                [!provide]                        PROVIDE (__heap_end = __HeapLimit)
                [!provide]                        PROVIDE (__tls_align = MAX (ALIGNOF (.tdata), ALIGNOF (.tbss)))
                [!provide]                        PROVIDE (__tls_size_align = (((__tls_size + __tls_align) - 0x1) & ~ ((__tls_align - 0x1))))
                [!provide]                        PROVIDE (__arm32_tls_tcb_offset = MAX (0x8, __tls_align))
                [!provide]                        PROVIDE (_end = __end__)
                [!provide]                        PROVIDE (__llvm_libc_heap_limit = __HeapLimit)
                0x00000001                        ASSERT ((__StackLimit >= __HeapLimit), region RAM overflowed)
                0x00000001                        ASSERT (((__binary_info_header_end - __logical_binary_start) <= 0x100), Binary info must be in first 256 bytes of the binary)
LOAD CMakeFiles/main.dir/main.cpp.o
LOAD CMakeFiles/main.dir/home/junnaaa/pico-sdk/src/rp2_common/pico_stdlib/stdlib.c.o
LOAD CMakeFiles/main.dir/home/junnaaa/pico-sdk/src/rp2_common/hardware_gpio/gpio.c.o
LOAD CMakeFiles/main.dir/home/junnaaa/pico-sdk/src/rp2040/pico_platform/platform.c.o
LOAD CMakeFiles/main.dir/home/junnaaa/pico-sdk/src/rp2_common/pico_platform_common/common.c.o
LOAD CMakeFiles/main.dir/home/junnaaa/pico-sdk/src/rp2_common/pico_platform_panic/panic.c.o
LOAD CMakeFiles/main.dir/home/junnaaa/pico-sdk/src/common/hardware_claim/claim.c.o
LOAD CMakeFiles/main.dir/home/junnaaa/pico-sdk/src/rp2_common/hardware_sync/sync.c.o
LOAD CMakeFiles/main.dir/home/junnaaa/pico-sdk/src/rp2_common/hardware_sync_spin_lock/sync_spin_lock.c.o
LOAD CMakeFiles/main.dir/home/junnaaa/pico-sdk/src/rp2_common/hardware_irq/irq.c.o
LOAD CMakeFiles/main.dir/home/junnaaa/pico-sdk/src/rp2_common/hardware_irq/irq_handler_chain.S.o
LOAD CMakeFiles/main.dir/home/junnaaa/pico-sdk/src/common/pico_sync/sem.c.o
LOAD CMakeFiles/main.dir/home/junnaaa/pico-sdk/src/common/pico_sync/lock_core.c.o
LOAD CMakeFiles/main.dir/home/junnaaa/pico-sdk/src/common/pico_sync/mutex.c.o
LOAD CMakeFiles/main.dir/home/junnaaa/pico-sdk/src/common/pico_sync/critical_section.c.o
LOAD CMakeFiles/main.dir/home/junnaaa/pico-sdk/src/common/pico_time/time.c.o
LOAD CMakeFiles/main.dir/home/junnaaa/pico-sdk/src/common/pico_time/timeout_helper.c.o
LOAD CMakeFiles/main.dir/home/junnaaa/pico-sdk/src/rp2_common/hardware_timer/timer.c.o
LOAD CMakeFiles/main.dir/home/junnaaa/pico-sdk/src/common/pico_util/datetime.c.o
LOAD CMakeFiles/main.dir/home/junnaaa/pico-sdk/src/common/pico_util/pheap.c.o
LOAD CMakeFiles/main.dir/home/junnaaa/pico-sdk/src/common/pico_util/queue.c.o
LOAD CMakeFiles/main.dir/home/junnaaa/pico-sdk/src/rp2_common/hardware_uart/uart.c.o
LOAD CMakeFiles/main.dir/home/junnaaa/pico-sdk/src/rp2_common/hardware_clocks/clocks.c.o
LOAD CMakeFiles/main.dir/home/junnaaa/pico-sdk/src/rp2_common/hardware_pll/pll.c.o
LOAD CMakeFiles/main.dir/home/junnaaa/pico-sdk/src/rp2_common/hardware_vreg/vreg.c.o
LOAD CMakeFiles/main.dir/home/junnaaa/pico-sdk/src/rp2_common/hardware_watchdog/watchdog.c.o
LOAD CMakeFiles/main.dir/home/junnaaa/pico-sdk/src/rp2_common/hardware_ticks/ticks.c.o
LOAD CMakeFiles/main.dir/home/junnaaa/pico-sdk/src/rp2_common/pico_bootrom/bootrom.c.o
LOAD CMakeFiles/main.dir/home/junnaaa/pico-sdk/src/rp2_common/pico_bootrom/bootrom_lock.c.o
LOAD CMakeFiles/main.dir/home/junnaaa/pico-sdk/src/rp2_common/hardware_boot_lock/boot_lock.c.o
LOAD CMakeFiles/main.dir/home/junnaaa/pico-sdk/src/rp2_common/pico_flash/flash.c.o
LOAD CMakeFiles/main.dir/home/junnaaa/pico-sdk/src/rp2_common/hardware_xosc/xosc.c.o
LOAD CMakeFiles/main.dir/home/junnaaa/pico-sdk/src/rp2_common/hardware_divider/divider.S.o
LOAD CMakeFiles/main.dir/home/junnaaa/pico-sdk/src/rp2_common/pico_runtime/runtime.c.o
LOAD CMakeFiles/main.dir/home/junnaaa/pico-sdk/src/rp2_common/pico_runtime_init/runtime_init.c.o
LOAD CMakeFiles/main.dir/home/junnaaa/pico-sdk/src/rp2_common/pico_runtime_init/runtime_init_clocks.c.o
LOAD CMakeFiles/main.dir/home/junnaaa/pico-sdk/src/rp2_common/pico_runtime_init/runtime_init_stack_guard.c.o
LOAD CMakeFiles/main.dir/home/junnaaa/pico-sdk/src/rp2_common/pico_bit_ops/bit_ops_aeabi.S.o
LOAD CMakeFiles/main.dir/home/junnaaa/pico-sdk/src/rp2_common/pico_divider/divider_hardware.S.o
LOAD CMakeFiles/main.dir/home/junnaaa/pico-sdk/src/rp2_common/pico_double/double_aeabi_rp2040.S.o
LOAD CMakeFiles/main.dir/home/junnaaa/pico-sdk/src/rp2_common/pico_double/double_init_rom_rp2040.c.o
LOAD CMakeFiles/main.dir/home/junnaaa/pico-sdk/src/rp2_common/pico_double/double_math.c.o
LOAD CMakeFiles/main.dir/home/junnaaa/pico-sdk/src/rp2_common/pico_double/double_v1_rom_shim_rp2040.S.o
LOAD CMakeFiles/main.dir/home/junnaaa/pico-sdk/src/rp2_common/pico_int64_ops/pico_int64_ops_aeabi.S.o
LOAD CMakeFiles/main.dir/home/junnaaa/pico-sdk/src/rp2_common/pico_float/float_aeabi_rp2040.S.o
LOAD CMakeFiles/main.dir/home/junnaaa/pico-sdk/src/rp2_common/pico_float/float_init_rom_rp2040.c.o
LOAD CMakeFiles/main.dir/home/junnaaa/pico-sdk/src/rp2_common/pico_float/float_math.c.o
LOAD CMakeFiles/main.dir/home/junnaaa/pico-sdk/src/rp2_common/pico_float/float_v1_rom_shim_rp2040.S.o
LOAD CMakeFiles/main.dir/home/junnaaa/pico-sdk/src/rp2_common/pico_malloc/malloc.c.o
LOAD CMakeFiles/main.dir/home/junnaaa/pico-sdk/src/rp2_common/pico_mem_ops/mem_ops_aeabi.S.o
LOAD CMakeFiles/main.dir/home/junnaaa/pico-sdk/src/rp2_common/pico_atomic/atomic.c.o
LOAD CMakeFiles/main.dir/home/junnaaa/pico-sdk/src/rp2_common/pico_cxx_options/new_delete.cpp.o
LOAD CMakeFiles/main.dir/home/junnaaa/pico-sdk/src/rp2_common/pico_standard_binary_info/standard_binary_info.c.o
LOAD CMakeFiles/main.dir/home/junnaaa/pico-sdk/src/rp2_common/pico_printf/printf.c.o
LOAD CMakeFiles/main.dir/home/junnaaa/pico-sdk/src/rp2_common/pico_crt0/crt0.S.o
LOAD CMakeFiles/main.dir/home/junnaaa/pico-sdk/src/rp2_common/pico_clib_interface/newlib_interface.c.o
LOAD CMakeFiles/main.dir/home/junnaaa/pico-sdk/src/rp2_common/pico_stdio/stdio.c.o
LOAD CMakeFiles/main.dir/home/junnaaa/pico-sdk/src/rp2_common/pico_stdio_uart/stdio_uart.c.o
LOAD pico-sdk/src/rp2040/boot_stage2/CMakeFiles/bs2_default_library.dir/bs2_default_padded_checksummed.S.o
LOAD /usr/lib/gcc/arm-none-eabi/14.2.0/../../../../arm-none-eabi/lib/thumb/v6-m/nofp/libstdc++.a
LOAD /usr/lib/gcc/arm-none-eabi/14.2.0/../../../../arm-none-eabi/lib/thumb/v6-m/nofp/libm.a
START GROUP
LOAD /usr/lib/gcc/arm-none-eabi/14.2.0/thumb/v6-m/nofp/libgcc.a
LOAD /usr/lib/gcc/arm-none-eabi/14.2.0/../../../../arm-none-eabi/lib/thumb/v6-m/nofp/libg.a
LOAD /usr/lib/gcc/arm-none-eabi/14.2.0/../../../../arm-none-eabi/lib/thumb/v6-m/nofp/libc.a
END GROUP
START GROUP
LOAD /usr/lib/gcc/arm-none-eabi/14.2.0/thumb/v6-m/nofp/libgcc.a
LOAD /usr/lib/gcc/arm-none-eabi/14.2.0/../../../../arm-none-eabi/lib/thumb/v6-m/nofp/libc.a
LOAD /usr/lib/gcc/arm-none-eabi/14.2.0/../../../../arm-none-eabi/lib/thumb/v6-m/nofp/libnosys.a
END GROUP
LOAD /usr/lib/gcc/arm-none-eabi/14.2.0/thumb/v6-m/nofp/crtend.o
LOAD /usr/lib/gcc/arm-none-eabi/14.2.0/thumb/v6-m/nofp/crtn.o
OUTPUT(main.elf elf32-littlearm)
LOAD linker stubs

.ARM.attributes
                0x00000000       0x28
 .ARM.attributes
                0x00000000       0x1e /usr/lib/gcc/arm-none-eabi/14.2.0/thumb/v6-m/nofp/crti.o
 .ARM.attributes
                0x0000001e       0x2c /usr/lib/gcc/arm-none-eabi/14.2.0/thumb/v6-m/nofp/crtbegin.o
 .ARM.attributes
                0x0000004a       0x2c CMakeFiles/main.dir/main.cpp.o
 .ARM.attributes
                0x00000076       0x2c CMakeFiles/main.dir/home/junnaaa/pico-sdk/src/rp2_common/hardware_gpio/gpio.c.o
 .ARM.attributes
                0x000000a2       0x2c CMakeFiles/main.dir/home/junnaaa/pico-sdk/src/rp2_common/pico_platform_panic/panic.c.o
 .ARM.attributes
                0x000000ce       0x2c CMakeFiles/main.dir/home/junnaaa/pico-sdk/src/common/hardware_claim/claim.c.o
 .ARM.attributes
                0x000000fa       0x2c CMakeFiles/main.dir/home/junnaaa/pico-sdk/src/rp2_common/hardware_sync/sync.c.o
 .ARM.attributes
                0x00000126       0x2c CMakeFiles/main.dir/home/junnaaa/pico-sdk/src/rp2_common/hardware_sync_spin_lock/sync_spin_lock.c.o
 .ARM.attributes
                0x00000152       0x2c CMakeFiles/main.dir/home/junnaaa/pico-sdk/src/rp2_common/hardware_irq/irq.c.o
 .ARM.attributes
                0x0000017e       0x22 CMakeFiles/main.dir/home/junnaaa/pico-sdk/src/rp2_common/hardware_irq/irq_handler_chain.S.o
 .ARM.attributes
                0x000001a0       0x2c CMakeFiles/main.dir/home/junnaaa/pico-sdk/src/common/pico_sync/lock_core.c.o
 .ARM.attributes
                0x000001cc       0x2c CMakeFiles/main.dir/home/junnaaa/pico-sdk/src/common/pico_sync/mutex.c.o
 .ARM.attributes
                0x000001f8       0x2c CMakeFiles/main.dir/home/junnaaa/pico-sdk/src/common/pico_time/time.c.o
 .ARM.attributes
                0x00000224       0x2c CMakeFiles/main.dir/home/junnaaa/pico-sdk/src/rp2_common/hardware_timer/timer.c.o
 .ARM.attributes
                0x00000250       0x2c CMakeFiles/main.dir/home/junnaaa/pico-sdk/src/rp2_common/hardware_uart/uart.c.o
 .ARM.attributes
                0x0000027c       0x2c CMakeFiles/main.dir/home/junnaaa/pico-sdk/src/rp2_common/hardware_clocks/clocks.c.o
 .ARM.attributes
                0x000002a8       0x2c CMakeFiles/main.dir/home/junnaaa/pico-sdk/src/rp2_common/hardware_pll/pll.c.o
 .ARM.attributes
                0x000002d4       0x2c CMakeFiles/main.dir/home/junnaaa/pico-sdk/src/rp2_common/hardware_ticks/ticks.c.o
 .ARM.attributes
                0x00000300       0x2c CMakeFiles/main.dir/home/junnaaa/pico-sdk/src/rp2_common/pico_bootrom/bootrom.c.o
 .ARM.attributes
                0x0000032c       0x2c CMakeFiles/main.dir/home/junnaaa/pico-sdk/src/rp2_common/hardware_xosc/xosc.c.o
 .ARM.attributes
                0x00000358       0x2c CMakeFiles/main.dir/home/junnaaa/pico-sdk/src/rp2_common/pico_runtime/runtime.c.o
 .ARM.attributes
                0x00000384       0x2c CMakeFiles/main.dir/home/junnaaa/pico-sdk/src/rp2_common/pico_runtime_init/runtime_init.c.o
 .ARM.attributes
                0x000003b0       0x2c CMakeFiles/main.dir/home/junnaaa/pico-sdk/src/rp2_common/pico_runtime_init/runtime_init_clocks.c.o
 .ARM.attributes
                0x000003dc       0x22 CMakeFiles/main.dir/home/junnaaa/pico-sdk/src/rp2_common/pico_bit_ops/bit_ops_aeabi.S.o
 .ARM.attributes
                0x000003fe       0x22 CMakeFiles/main.dir/home/junnaaa/pico-sdk/src/rp2_common/pico_divider/divider_hardware.S.o
 .ARM.attributes
                0x00000420       0x22 CMakeFiles/main.dir/home/junnaaa/pico-sdk/src/rp2_common/pico_double/double_aeabi_rp2040.S.o
 .ARM.attributes
                0x00000442       0x2c CMakeFiles/main.dir/home/junnaaa/pico-sdk/src/rp2_common/pico_double/double_init_rom_rp2040.c.o
 .ARM.attributes
                0x0000046e       0x22 CMakeFiles/main.dir/home/junnaaa/pico-sdk/src/rp2_common/pico_double/double_v1_rom_shim_rp2040.S.o
 .ARM.attributes
                0x00000490       0x22 CMakeFiles/main.dir/home/junnaaa/pico-sdk/src/rp2_common/pico_int64_ops/pico_int64_ops_aeabi.S.o
 .ARM.attributes
                0x000004b2       0x22 CMakeFiles/main.dir/home/junnaaa/pico-sdk/src/rp2_common/pico_float/float_aeabi_rp2040.S.o
 .ARM.attributes
                0x000004d4       0x2c CMakeFiles/main.dir/home/junnaaa/pico-sdk/src/rp2_common/pico_float/float_init_rom_rp2040.c.o
 .ARM.attributes
                0x00000500       0x22 CMakeFiles/main.dir/home/junnaaa/pico-sdk/src/rp2_common/pico_float/float_v1_rom_shim_rp2040.S.o
 .ARM.attributes
                0x00000522       0x22 CMakeFiles/main.dir/home/junnaaa/pico-sdk/src/rp2_common/pico_mem_ops/mem_ops_aeabi.S.o
 .ARM.attributes
                0x00000544       0x2c CMakeFiles/main.dir/home/junnaaa/pico-sdk/src/rp2_common/pico_standard_binary_info/standard_binary_info.c.o
 .ARM.attributes
                0x00000570       0x2c CMakeFiles/main.dir/home/junnaaa/pico-sdk/src/rp2_common/pico_printf/printf.c.o
 .ARM.attributes
                0x0000059c       0x22 CMakeFiles/main.dir/home/junnaaa/pico-sdk/src/rp2_common/pico_crt0/crt0.S.o
 .ARM.attributes
                0x000005be       0x2c CMakeFiles/main.dir/home/junnaaa/pico-sdk/src/rp2_common/pico_clib_interface/newlib_interface.c.o
 .ARM.attributes
                0x000005ea       0x2c CMakeFiles/main.dir/home/junnaaa/pico-sdk/src/rp2_common/pico_stdio/stdio.c.o
 .ARM.attributes
                0x00000616       0x2c CMakeFiles/main.dir/home/junnaaa/pico-sdk/src/rp2_common/pico_stdio_uart/stdio_uart.c.o
 .ARM.attributes
                0x00000642       0x22 pico-sdk/src/rp2040/boot_stage2/CMakeFiles/bs2_default_library.dir/bs2_default_padded_checksummed.S.o
 .ARM.attributes
                0x00000664       0x1e /usr/lib/gcc/arm-none-eabi/14.2.0/thumb/v6-m/nofp/libgcc.a(_dvmd_tls.o)
 .ARM.attributes
                0x00000682       0x2c /usr/lib/gcc/arm-none-eabi/14.2.0/../../../../arm-none-eabi/lib/thumb/v6-m/nofp/libg.a(libc_a-atexit.o)
 .ARM.attributes
                0x000006ae       0x2c /usr/lib/gcc/arm-none-eabi/14.2.0/../../../../arm-none-eabi/lib/thumb/v6-m/nofp/libg.a(libc_a-isupper.o)
 .ARM.attributes
                0x000006da       0x2c /usr/lib/gcc/arm-none-eabi/14.2.0/../../../../arm-none-eabi/lib/thumb/v6-m/nofp/libg.a(libc_a-tolower.o)
 .ARM.attributes
                0x00000706       0x2c /usr/lib/gcc/arm-none-eabi/14.2.0/../../../../arm-none-eabi/lib/thumb/v6-m/nofp/libg.a(libc_a-fini.o)
 .ARM.attributes
                0x00000732       0x2c /usr/lib/gcc/arm-none-eabi/14.2.0/../../../../arm-none-eabi/lib/thumb/v6-m/nofp/libg.a(libc_a-lock.o)
 .ARM.attributes
                0x0000075e       0x2c /usr/lib/gcc/arm-none-eabi/14.2.0/../../../../arm-none-eabi/lib/thumb/v6-m/nofp/libg.a(libc_a-strlen-stub.o)
 .ARM.attributes
                0x0000078a       0x2c /usr/lib/gcc/arm-none-eabi/14.2.0/../../../../arm-none-eabi/lib/thumb/v6-m/nofp/libg.a(libc_a-__atexit.o)
 .ARM.attributes
                0x000007b6       0x2c /usr/lib/gcc/arm-none-eabi/14.2.0/../../../../arm-none-eabi/lib/thumb/v6-m/nofp/libg.a(libc_a-__call_atexit.o)
 .ARM.attributes
                0x000007e2       0x2c /usr/lib/gcc/arm-none-eabi/14.2.0/../../../../arm-none-eabi/lib/thumb/v6-m/nofp/libg.a(libc_a-ctype_.o)

.comment        0x00000000       0x1e
 .comment       0x00000000       0x1e CMakeFiles/main.dir/main.cpp.o
                                 0x1f (size before relaxing)
 .comment       0x0000001e       0x1f CMakeFiles/main.dir/home/junnaaa/pico-sdk/src/rp2_common/hardware_gpio/gpio.c.o
 .comment       0x0000001e       0x1f CMakeFiles/main.dir/home/junnaaa/pico-sdk/src/rp2_common/pico_platform_panic/panic.c.o
 .comment       0x0000001e       0x1f CMakeFiles/main.dir/home/junnaaa/pico-sdk/src/common/hardware_claim/claim.c.o
 .comment       0x0000001e       0x1f CMakeFiles/main.dir/home/junnaaa/pico-sdk/src/rp2_common/hardware_sync/sync.c.o
 .comment       0x0000001e       0x1f CMakeFiles/main.dir/home/junnaaa/pico-sdk/src/rp2_common/hardware_sync_spin_lock/sync_spin_lock.c.o
 .comment       0x0000001e       0x1f CMakeFiles/main.dir/home/junnaaa/pico-sdk/src/rp2_common/hardware_irq/irq.c.o
 .comment       0x0000001e       0x1f CMakeFiles/main.dir/home/junnaaa/pico-sdk/src/common/pico_sync/lock_core.c.o
 .comment       0x0000001e       0x1f CMakeFiles/main.dir/home/junnaaa/pico-sdk/src/common/pico_sync/mutex.c.o
 .comment       0x0000001e       0x1f CMakeFiles/main.dir/home/junnaaa/pico-sdk/src/common/pico_time/time.c.o
 .comment       0x0000001e       0x1f CMakeFiles/main.dir/home/junnaaa/pico-sdk/src/rp2_common/hardware_timer/timer.c.o
 .comment       0x0000001e       0x1f CMakeFiles/main.dir/home/junnaaa/pico-sdk/src/rp2_common/hardware_uart/uart.c.o
 .comment       0x0000001e       0x1f CMakeFiles/main.dir/home/junnaaa/pico-sdk/src/rp2_common/hardware_clocks/clocks.c.o
 .comment       0x0000001e       0x1f CMakeFiles/main.dir/home/junnaaa/pico-sdk/src/rp2_common/hardware_pll/pll.c.o
 .comment       0x0000001e       0x1f CMakeFiles/main.dir/home/junnaaa/pico-sdk/src/rp2_common/hardware_ticks/ticks.c.o
 .comment       0x0000001e       0x1f CMakeFiles/main.dir/home/junnaaa/pico-sdk/src/rp2_common/pico_bootrom/bootrom.c.o
 .comment       0x0000001e       0x1f CMakeFiles/main.dir/home/junnaaa/pico-sdk/src/rp2_common/hardware_xosc/xosc.c.o
 .comment       0x0000001e       0x1f CMakeFiles/main.dir/home/junnaaa/pico-sdk/src/rp2_common/pico_runtime/runtime.c.o
 .comment       0x0000001e       0x1f CMakeFiles/main.dir/home/junnaaa/pico-sdk/src/rp2_common/pico_runtime_init/runtime_init.c.o
 .comment       0x0000001e       0x1f CMakeFiles/main.dir/home/junnaaa/pico-sdk/src/rp2_common/pico_runtime_init/runtime_init_clocks.c.o
 .comment       0x0000001e       0x1f CMakeFiles/main.dir/home/junnaaa/pico-sdk/src/rp2_common/pico_double/double_init_rom_rp2040.c.o
 .comment       0x0000001e       0x1f CMakeFiles/main.dir/home/junnaaa/pico-sdk/src/rp2_common/pico_float/float_init_rom_rp2040.c.o
 .comment       0x0000001e       0x1f CMakeFiles/main.dir/home/junnaaa/pico-sdk/src/rp2_common/pico_standard_binary_info/standard_binary_info.c.o
 .comment       0x0000001e       0x1f CMakeFiles/main.dir/home/junnaaa/pico-sdk/src/rp2_common/pico_printf/printf.c.o
 .comment       0x0000001e       0x1f CMakeFiles/main.dir/home/junnaaa/pico-sdk/src/rp2_common/pico_clib_interface/newlib_interface.c.o
 .comment       0x0000001e       0x1f CMakeFiles/main.dir/home/junnaaa/pico-sdk/src/rp2_common/pico_stdio/stdio.c.o
 .comment       0x0000001e       0x1f CMakeFiles/main.dir/home/junnaaa/pico-sdk/src/rp2_common/pico_stdio_uart/stdio_uart.c.o
 .comment       0x0000001e       0x1f /usr/lib/gcc/arm-none-eabi/14.2.0/../../../../arm-none-eabi/lib/thumb/v6-m/nofp/libg.a(libc_a-atexit.o)
 .comment       0x0000001e       0x1f /usr/lib/gcc/arm-none-eabi/14.2.0/../../../../arm-none-eabi/lib/thumb/v6-m/nofp/libg.a(libc_a-isupper.o)
 .comment       0x0000001e       0x1f /usr/lib/gcc/arm-none-eabi/14.2.0/../../../../arm-none-eabi/lib/thumb/v6-m/nofp/libg.a(libc_a-tolower.o)
 .comment       0x0000001e       0x1f /usr/lib/gcc/arm-none-eabi/14.2.0/../../../../arm-none-eabi/lib/thumb/v6-m/nofp/libg.a(libc_a-fini.o)
 .comment       0x0000001e       0x1f /usr/lib/gcc/arm-none-eabi/14.2.0/../../../../arm-none-eabi/lib/thumb/v6-m/nofp/libg.a(libc_a-lock.o)
 .comment       0x0000001e       0x1f /usr/lib/gcc/arm-none-eabi/14.2.0/../../../../arm-none-eabi/lib/thumb/v6-m/nofp/libg.a(libc_a-strlen-stub.o)
 .comment       0x0000001e       0x1f /usr/lib/gcc/arm-none-eabi/14.2.0/../../../../arm-none-eabi/lib/thumb/v6-m/nofp/libg.a(libc_a-__atexit.o)
 .comment       0x0000001e       0x1f /usr/lib/gcc/arm-none-eabi/14.2.0/../../../../arm-none-eabi/lib/thumb/v6-m/nofp/libg.a(libc_a-__call_atexit.o)
 .comment       0x0000001e       0x1f /usr/lib/gcc/arm-none-eabi/14.2.0/../../../../arm-none-eabi/lib/thumb/v6-m/nofp/libg.a(libc_a-ctype_.o)

.debug_info     0x00000000    0x215a2
 .debug_info    0x00000000     0x3cac CMakeFiles/main.dir/main.cpp.o
 .debug_info    0x00003cac     0x2421 CMakeFiles/main.dir/home/junnaaa/pico-sdk/src/rp2_common/hardware_gpio/gpio.c.o
 .debug_info    0x000060cd      0x1bf CMakeFiles/main.dir/home/junnaaa/pico-sdk/src/rp2_common/pico_platform_panic/panic.c.o
 .debug_info    0x0000628c      0x9a1 CMakeFiles/main.dir/home/junnaaa/pico-sdk/src/common/hardware_claim/claim.c.o
 .debug_info    0x00006c2d      0x45c CMakeFiles/main.dir/home/junnaaa/pico-sdk/src/rp2_common/hardware_sync/sync.c.o
 .debug_info    0x00007089      0x245 CMakeFiles/main.dir/home/junnaaa/pico-sdk/src/rp2_common/hardware_sync_spin_lock/sync_spin_lock.c.o
 .debug_info    0x000072ce     0x2233 CMakeFiles/main.dir/home/junnaaa/pico-sdk/src/rp2_common/hardware_irq/irq.c.o
 .debug_info    0x00009501      0x15f CMakeFiles/main.dir/home/junnaaa/pico-sdk/src/common/pico_sync/lock_core.c.o
 .debug_info    0x00009660     0x2815 CMakeFiles/main.dir/home/junnaaa/pico-sdk/src/common/pico_sync/mutex.c.o
 .debug_info    0x0000be75     0x5065 CMakeFiles/main.dir/home/junnaaa/pico-sdk/src/common/pico_time/time.c.o
 .debug_info    0x00010eda     0x2b37 CMakeFiles/main.dir/home/junnaaa/pico-sdk/src/rp2_common/hardware_timer/timer.c.o
 .debug_info    0x00013a11     0x1983 CMakeFiles/main.dir/home/junnaaa/pico-sdk/src/rp2_common/hardware_uart/uart.c.o
 .debug_info    0x00015394     0x2a05 CMakeFiles/main.dir/home/junnaaa/pico-sdk/src/rp2_common/hardware_clocks/clocks.c.o
 .debug_info    0x00017d99      0x4e5 CMakeFiles/main.dir/home/junnaaa/pico-sdk/src/rp2_common/hardware_pll/pll.c.o
 .debug_info    0x0001827e      0x248 CMakeFiles/main.dir/home/junnaaa/pico-sdk/src/rp2_common/hardware_ticks/ticks.c.o
 .debug_info    0x000184c6      0x678 CMakeFiles/main.dir/home/junnaaa/pico-sdk/src/rp2_common/pico_bootrom/bootrom.c.o
 .debug_info    0x00018b3e      0x1d0 CMakeFiles/main.dir/home/junnaaa/pico-sdk/src/rp2_common/hardware_xosc/xosc.c.o
 .debug_info    0x00018d0e      0x21a CMakeFiles/main.dir/home/junnaaa/pico-sdk/src/rp2_common/pico_runtime/runtime.c.o
 .debug_info    0x00018f28      0x7ea CMakeFiles/main.dir/home/junnaaa/pico-sdk/src/rp2_common/pico_runtime_init/runtime_init.c.o
 .debug_info    0x00019712      0x781 CMakeFiles/main.dir/home/junnaaa/pico-sdk/src/rp2_common/pico_runtime_init/runtime_init_clocks.c.o
 .debug_info    0x00019e93       0x23 CMakeFiles/main.dir/home/junnaaa/pico-sdk/src/rp2_common/pico_bit_ops/bit_ops_aeabi.S.o
 .debug_info    0x00019eb6       0x23 CMakeFiles/main.dir/home/junnaaa/pico-sdk/src/rp2_common/pico_divider/divider_hardware.S.o
 .debug_info    0x00019ed9       0x23 CMakeFiles/main.dir/home/junnaaa/pico-sdk/src/rp2_common/pico_double/double_aeabi_rp2040.S.o
 .debug_info    0x00019efc      0x27e CMakeFiles/main.dir/home/junnaaa/pico-sdk/src/rp2_common/pico_double/double_init_rom_rp2040.c.o
 .debug_info    0x0001a17a       0x23 CMakeFiles/main.dir/home/junnaaa/pico-sdk/src/rp2_common/pico_double/double_v1_rom_shim_rp2040.S.o
 .debug_info    0x0001a19d       0x24 CMakeFiles/main.dir/home/junnaaa/pico-sdk/src/rp2_common/pico_int64_ops/pico_int64_ops_aeabi.S.o
 .debug_info    0x0001a1c1       0x23 CMakeFiles/main.dir/home/junnaaa/pico-sdk/src/rp2_common/pico_float/float_aeabi_rp2040.S.o
 .debug_info    0x0001a1e4      0x27e CMakeFiles/main.dir/home/junnaaa/pico-sdk/src/rp2_common/pico_float/float_init_rom_rp2040.c.o
 .debug_info    0x0001a462       0x23 CMakeFiles/main.dir/home/junnaaa/pico-sdk/src/rp2_common/pico_float/float_v1_rom_shim_rp2040.S.o
 .debug_info    0x0001a485       0x23 CMakeFiles/main.dir/home/junnaaa/pico-sdk/src/rp2_common/pico_mem_ops/mem_ops_aeabi.S.o
 .debug_info    0x0001a4a8      0x2b8 CMakeFiles/main.dir/home/junnaaa/pico-sdk/src/rp2_common/pico_standard_binary_info/standard_binary_info.c.o
 .debug_info    0x0001a760     0x22f2 CMakeFiles/main.dir/home/junnaaa/pico-sdk/src/rp2_common/pico_printf/printf.c.o
 .debug_info    0x0001ca52       0x23 CMakeFiles/main.dir/home/junnaaa/pico-sdk/src/rp2_common/pico_crt0/crt0.S.o
 .debug_info    0x0001ca75      0xbbe CMakeFiles/main.dir/home/junnaaa/pico-sdk/src/rp2_common/pico_clib_interface/newlib_interface.c.o
 .debug_info    0x0001d633     0x1d90 CMakeFiles/main.dir/home/junnaaa/pico-sdk/src/rp2_common/pico_stdio/stdio.c.o
 .debug_info    0x0001f3c3     0x150c CMakeFiles/main.dir/home/junnaaa/pico-sdk/src/rp2_common/pico_stdio_uart/stdio_uart.c.o
 .debug_info    0x000208cf       0x3c /usr/lib/gcc/arm-none-eabi/14.2.0/thumb/v6-m/nofp/libgcc.a(_dvmd_tls.o)
 .debug_info    0x0002090b      0x11e /usr/lib/gcc/arm-none-eabi/14.2.0/../../../../arm-none-eabi/lib/thumb/v6-m/nofp/libg.a(libc_a-atexit.o)
 .debug_info    0x00020a29       0xc5 /usr/lib/gcc/arm-none-eabi/14.2.0/../../../../arm-none-eabi/lib/thumb/v6-m/nofp/libg.a(libc_a-isupper.o)
 .debug_info    0x00020aee       0xc5 /usr/lib/gcc/arm-none-eabi/14.2.0/../../../../arm-none-eabi/lib/thumb/v6-m/nofp/libg.a(libc_a-tolower.o)
 .debug_info    0x00020bb3       0xf7 /usr/lib/gcc/arm-none-eabi/14.2.0/../../../../arm-none-eabi/lib/thumb/v6-m/nofp/libg.a(libc_a-fini.o)
 .debug_info    0x00020caa      0x218 /usr/lib/gcc/arm-none-eabi/14.2.0/../../../../arm-none-eabi/lib/thumb/v6-m/nofp/libg.a(libc_a-lock.o)
 .debug_info    0x00020ec2       0xeb /usr/lib/gcc/arm-none-eabi/14.2.0/../../../../arm-none-eabi/lib/thumb/v6-m/nofp/libg.a(libc_a-strlen-stub.o)
 .debug_info    0x00020fad      0x25f /usr/lib/gcc/arm-none-eabi/14.2.0/../../../../arm-none-eabi/lib/thumb/v6-m/nofp/libg.a(libc_a-__atexit.o)
 .debug_info    0x0002120c      0x2dd /usr/lib/gcc/arm-none-eabi/14.2.0/../../../../arm-none-eabi/lib/thumb/v6-m/nofp/libg.a(libc_a-__call_atexit.o)
 .debug_info    0x000214e9       0xb9 /usr/lib/gcc/arm-none-eabi/14.2.0/../../../../arm-none-eabi/lib/thumb/v6-m/nofp/libg.a(libc_a-ctype_.o)

.debug_abbrev   0x00000000     0x6087
 .debug_abbrev  0x00000000      0x83e CMakeFiles/main.dir/main.cpp.o
 .debug_abbrev  0x0000083e      0x4f9 CMakeFiles/main.dir/home/junnaaa/pico-sdk/src/rp2_common/hardware_gpio/gpio.c.o
 .debug_abbrev  0x00000d37      0x12b CMakeFiles/main.dir/home/junnaaa/pico-sdk/src/rp2_common/pico_platform_panic/panic.c.o
 .debug_abbrev  0x00000e62      0x328 CMakeFiles/main.dir/home/junnaaa/pico-sdk/src/common/hardware_claim/claim.c.o
 .debug_abbrev  0x0000118a      0x20f CMakeFiles/main.dir/home/junnaaa/pico-sdk/src/rp2_common/hardware_sync/sync.c.o
 .debug_abbrev  0x00001399      0x1bb CMakeFiles/main.dir/home/junnaaa/pico-sdk/src/rp2_common/hardware_sync_spin_lock/sync_spin_lock.c.o
 .debug_abbrev  0x00001554      0x614 CMakeFiles/main.dir/home/junnaaa/pico-sdk/src/rp2_common/hardware_irq/irq.c.o
 .debug_abbrev  0x00001b68       0xee CMakeFiles/main.dir/home/junnaaa/pico-sdk/src/common/pico_sync/lock_core.c.o
 .debug_abbrev  0x00001c56      0x48c CMakeFiles/main.dir/home/junnaaa/pico-sdk/src/common/pico_sync/mutex.c.o
 .debug_abbrev  0x000020e2      0x659 CMakeFiles/main.dir/home/junnaaa/pico-sdk/src/common/pico_time/time.c.o
 .debug_abbrev  0x0000273b      0x4f2 CMakeFiles/main.dir/home/junnaaa/pico-sdk/src/rp2_common/hardware_timer/timer.c.o
 .debug_abbrev  0x00002c2d      0x365 CMakeFiles/main.dir/home/junnaaa/pico-sdk/src/rp2_common/hardware_uart/uart.c.o
 .debug_abbrev  0x00002f92      0x512 CMakeFiles/main.dir/home/junnaaa/pico-sdk/src/rp2_common/hardware_clocks/clocks.c.o
 .debug_abbrev  0x000034a4      0x1d2 CMakeFiles/main.dir/home/junnaaa/pico-sdk/src/rp2_common/hardware_pll/pll.c.o
 .debug_abbrev  0x00003676      0x145 CMakeFiles/main.dir/home/junnaaa/pico-sdk/src/rp2_common/hardware_ticks/ticks.c.o
 .debug_abbrev  0x000037bb      0x1bc CMakeFiles/main.dir/home/junnaaa/pico-sdk/src/rp2_common/pico_bootrom/bootrom.c.o
 .debug_abbrev  0x00003977      0x11d CMakeFiles/main.dir/home/junnaaa/pico-sdk/src/rp2_common/hardware_xosc/xosc.c.o
 .debug_abbrev  0x00003a94      0x182 CMakeFiles/main.dir/home/junnaaa/pico-sdk/src/rp2_common/pico_runtime/runtime.c.o
 .debug_abbrev  0x00003c16      0x26b CMakeFiles/main.dir/home/junnaaa/pico-sdk/src/rp2_common/pico_runtime_init/runtime_init.c.o
 .debug_abbrev  0x00003e81      0x2af CMakeFiles/main.dir/home/junnaaa/pico-sdk/src/rp2_common/pico_runtime_init/runtime_init_clocks.c.o
 .debug_abbrev  0x00004130       0x12 CMakeFiles/main.dir/home/junnaaa/pico-sdk/src/rp2_common/pico_bit_ops/bit_ops_aeabi.S.o
 .debug_abbrev  0x00004142       0x12 CMakeFiles/main.dir/home/junnaaa/pico-sdk/src/rp2_common/pico_divider/divider_hardware.S.o
 .debug_abbrev  0x00004154       0x12 CMakeFiles/main.dir/home/junnaaa/pico-sdk/src/rp2_common/pico_double/double_aeabi_rp2040.S.o
 .debug_abbrev  0x00004166      0x17a CMakeFiles/main.dir/home/junnaaa/pico-sdk/src/rp2_common/pico_double/double_init_rom_rp2040.c.o
 .debug_abbrev  0x000042e0       0x12 CMakeFiles/main.dir/home/junnaaa/pico-sdk/src/rp2_common/pico_double/double_v1_rom_shim_rp2040.S.o
 .debug_abbrev  0x000042f2       0x14 CMakeFiles/main.dir/home/junnaaa/pico-sdk/src/rp2_common/pico_int64_ops/pico_int64_ops_aeabi.S.o
 .debug_abbrev  0x00004306       0x12 CMakeFiles/main.dir/home/junnaaa/pico-sdk/src/rp2_common/pico_float/float_aeabi_rp2040.S.o
 .debug_abbrev  0x00004318      0x173 CMakeFiles/main.dir/home/junnaaa/pico-sdk/src/rp2_common/pico_float/float_init_rom_rp2040.c.o
 .debug_abbrev  0x0000448b       0x12 CMakeFiles/main.dir/home/junnaaa/pico-sdk/src/rp2_common/pico_float/float_v1_rom_shim_rp2040.S.o
 .debug_abbrev  0x0000449d       0x12 CMakeFiles/main.dir/home/junnaaa/pico-sdk/src/rp2_common/pico_mem_ops/mem_ops_aeabi.S.o
 .debug_abbrev  0x000044af       0xb8 CMakeFiles/main.dir/home/junnaaa/pico-sdk/src/rp2_common/pico_standard_binary_info/standard_binary_info.c.o
 .debug_abbrev  0x00004567      0x50c CMakeFiles/main.dir/home/junnaaa/pico-sdk/src/rp2_common/pico_printf/printf.c.o
 .debug_abbrev  0x00004a73       0x12 CMakeFiles/main.dir/home/junnaaa/pico-sdk/src/rp2_common/pico_crt0/crt0.S.o
 .debug_abbrev  0x00004a85      0x352 CMakeFiles/main.dir/home/junnaaa/pico-sdk/src/rp2_common/pico_clib_interface/newlib_interface.c.o
 .debug_abbrev  0x00004dd7      0x5d9 CMakeFiles/main.dir/home/junnaaa/pico-sdk/src/rp2_common/pico_stdio/stdio.c.o
 .debug_abbrev  0x000053b0      0x498 CMakeFiles/main.dir/home/junnaaa/pico-sdk/src/rp2_common/pico_stdio_uart/stdio_uart.c.o
 .debug_abbrev  0x00005848       0x26 /usr/lib/gcc/arm-none-eabi/14.2.0/thumb/v6-m/nofp/libgcc.a(_dvmd_tls.o)
 .debug_abbrev  0x0000586e       0xbe /usr/lib/gcc/arm-none-eabi/14.2.0/../../../../arm-none-eabi/lib/thumb/v6-m/nofp/libg.a(libc_a-atexit.o)
 .debug_abbrev  0x0000592c       0x81 /usr/lib/gcc/arm-none-eabi/14.2.0/../../../../arm-none-eabi/lib/thumb/v6-m/nofp/libg.a(libc_a-isupper.o)
 .debug_abbrev  0x000059ad       0x81 /usr/lib/gcc/arm-none-eabi/14.2.0/../../../../arm-none-eabi/lib/thumb/v6-m/nofp/libg.a(libc_a-tolower.o)
 .debug_abbrev  0x00005a2e       0xc9 /usr/lib/gcc/arm-none-eabi/14.2.0/../../../../arm-none-eabi/lib/thumb/v6-m/nofp/libg.a(libc_a-fini.o)
 .debug_abbrev  0x00005af7      0x115 /usr/lib/gcc/arm-none-eabi/14.2.0/../../../../arm-none-eabi/lib/thumb/v6-m/nofp/libg.a(libc_a-lock.o)
 .debug_abbrev  0x00005c0c       0x90 /usr/lib/gcc/arm-none-eabi/14.2.0/../../../../arm-none-eabi/lib/thumb/v6-m/nofp/libg.a(libc_a-strlen-stub.o)
 .debug_abbrev  0x00005c9c      0x189 /usr/lib/gcc/arm-none-eabi/14.2.0/../../../../arm-none-eabi/lib/thumb/v6-m/nofp/libg.a(libc_a-__atexit.o)
 .debug_abbrev  0x00005e25      0x200 /usr/lib/gcc/arm-none-eabi/14.2.0/../../../../arm-none-eabi/lib/thumb/v6-m/nofp/libg.a(libc_a-__call_atexit.o)
 .debug_abbrev  0x00006025       0x62 /usr/lib/gcc/arm-none-eabi/14.2.0/../../../../arm-none-eabi/lib/thumb/v6-m/nofp/libg.a(libc_a-ctype_.o)

.debug_loclists
                0x00000000    0x120be
 .debug_loclists
                0x00000000      0xe16 CMakeFiles/main.dir/main.cpp.o
 .debug_loclists
                0x00000e16     0x1a7f CMakeFiles/main.dir/home/junnaaa/pico-sdk/src/rp2_common/hardware_gpio/gpio.c.o
 .debug_loclists
                0x00002895      0x349 CMakeFiles/main.dir/home/junnaaa/pico-sdk/src/common/hardware_claim/claim.c.o
 .debug_loclists
                0x00002bde      0x108 CMakeFiles/main.dir/home/junnaaa/pico-sdk/src/rp2_common/hardware_sync/sync.c.o
 .debug_loclists
                0x00002ce6       0x7d CMakeFiles/main.dir/home/junnaaa/pico-sdk/src/rp2_common/hardware_sync_spin_lock/sync_spin_lock.c.o
 .debug_loclists
                0x00002d63     0x11ed CMakeFiles/main.dir/home/junnaaa/pico-sdk/src/rp2_common/hardware_irq/irq.c.o
 .debug_loclists
                0x00003f50       0x41 CMakeFiles/main.dir/home/junnaaa/pico-sdk/src/common/pico_sync/lock_core.c.o
 .debug_loclists
                0x00003f91      0xaec CMakeFiles/main.dir/home/junnaaa/pico-sdk/src/common/pico_sync/mutex.c.o
 .debug_loclists
                0x00004a7d     0x27af CMakeFiles/main.dir/home/junnaaa/pico-sdk/src/common/pico_time/time.c.o
 .debug_loclists
                0x0000722c     0x19f1 CMakeFiles/main.dir/home/junnaaa/pico-sdk/src/rp2_common/hardware_timer/timer.c.o
 .debug_loclists
                0x00008c1d      0xc90 CMakeFiles/main.dir/home/junnaaa/pico-sdk/src/rp2_common/hardware_uart/uart.c.o
 .debug_loclists
                0x000098ad     0x2b7c CMakeFiles/main.dir/home/junnaaa/pico-sdk/src/rp2_common/hardware_clocks/clocks.c.o
 .debug_loclists
                0x0000c429      0x1e0 CMakeFiles/main.dir/home/junnaaa/pico-sdk/src/rp2_common/hardware_pll/pll.c.o
 .debug_loclists
                0x0000c609       0x47 CMakeFiles/main.dir/home/junnaaa/pico-sdk/src/rp2_common/hardware_ticks/ticks.c.o
 .debug_loclists
                0x0000c650      0x351 CMakeFiles/main.dir/home/junnaaa/pico-sdk/src/rp2_common/pico_bootrom/bootrom.c.o
 .debug_loclists
                0x0000c9a1       0x48 CMakeFiles/main.dir/home/junnaaa/pico-sdk/src/rp2_common/hardware_xosc/xosc.c.o
 .debug_loclists
                0x0000c9e9       0x7e CMakeFiles/main.dir/home/junnaaa/pico-sdk/src/rp2_common/pico_runtime/runtime.c.o
 .debug_loclists
                0x0000ca67      0x139 CMakeFiles/main.dir/home/junnaaa/pico-sdk/src/rp2_common/pico_runtime_init/runtime_init.c.o
 .debug_loclists
                0x0000cba0       0x74 CMakeFiles/main.dir/home/junnaaa/pico-sdk/src/rp2_common/pico_runtime_init/runtime_init_clocks.c.o
 .debug_loclists
                0x0000cc14       0x3d CMakeFiles/main.dir/home/junnaaa/pico-sdk/src/rp2_common/pico_double/double_init_rom_rp2040.c.o
 .debug_loclists
                0x0000cc51       0x59 CMakeFiles/main.dir/home/junnaaa/pico-sdk/src/rp2_common/pico_float/float_init_rom_rp2040.c.o
 .debug_loclists
                0x0000ccaa     0x355f CMakeFiles/main.dir/home/junnaaa/pico-sdk/src/rp2_common/pico_printf/printf.c.o
 .debug_loclists
                0x00010209      0x44e CMakeFiles/main.dir/home/junnaaa/pico-sdk/src/rp2_common/pico_clib_interface/newlib_interface.c.o
 .debug_loclists
                0x00010657      0xf51 CMakeFiles/main.dir/home/junnaaa/pico-sdk/src/rp2_common/pico_stdio/stdio.c.o
 .debug_loclists
                0x000115a8      0x75b CMakeFiles/main.dir/home/junnaaa/pico-sdk/src/rp2_common/pico_stdio_uart/stdio_uart.c.o
 .debug_loclists
                0x00011d03       0x30 /usr/lib/gcc/arm-none-eabi/14.2.0/../../../../arm-none-eabi/lib/thumb/v6-m/nofp/libg.a(libc_a-atexit.o)
 .debug_loclists
                0x00011d33       0x29 /usr/lib/gcc/arm-none-eabi/14.2.0/../../../../arm-none-eabi/lib/thumb/v6-m/nofp/libg.a(libc_a-isupper.o)
 .debug_loclists
                0x00011d5c       0x29 /usr/lib/gcc/arm-none-eabi/14.2.0/../../../../arm-none-eabi/lib/thumb/v6-m/nofp/libg.a(libc_a-tolower.o)
 .debug_loclists
                0x00011d85       0x34 /usr/lib/gcc/arm-none-eabi/14.2.0/../../../../arm-none-eabi/lib/thumb/v6-m/nofp/libg.a(libc_a-fini.o)
 .debug_loclists
                0x00011db9       0x29 /usr/lib/gcc/arm-none-eabi/14.2.0/../../../../arm-none-eabi/lib/thumb/v6-m/nofp/libg.a(libc_a-lock.o)
 .debug_loclists
                0x00011de2       0x64 /usr/lib/gcc/arm-none-eabi/14.2.0/../../../../arm-none-eabi/lib/thumb/v6-m/nofp/libg.a(libc_a-strlen-stub.o)
 .debug_loclists
                0x00011e46      0x122 /usr/lib/gcc/arm-none-eabi/14.2.0/../../../../arm-none-eabi/lib/thumb/v6-m/nofp/libg.a(libc_a-__atexit.o)
 .debug_loclists
                0x00011f68      0x156 /usr/lib/gcc/arm-none-eabi/14.2.0/../../../../arm-none-eabi/lib/thumb/v6-m/nofp/libg.a(libc_a-__call_atexit.o)

.debug_aranges  0x00000000     0x10e0
 .debug_aranges
                0x00000000       0x38 CMakeFiles/main.dir/main.cpp.o
 .debug_aranges
                0x00000038      0x118 CMakeFiles/main.dir/home/junnaaa/pico-sdk/src/rp2_common/hardware_gpio/gpio.c.o
 .debug_aranges
                0x00000150       0x28 CMakeFiles/main.dir/home/junnaaa/pico-sdk/src/rp2_common/pico_platform_panic/panic.c.o
 .debug_aranges
                0x00000178       0x48 CMakeFiles/main.dir/home/junnaaa/pico-sdk/src/common/hardware_claim/claim.c.o
 .debug_aranges
                0x000001c0       0x48 CMakeFiles/main.dir/home/junnaaa/pico-sdk/src/rp2_common/hardware_sync/sync.c.o
 .debug_aranges
                0x00000208       0x28 CMakeFiles/main.dir/home/junnaaa/pico-sdk/src/rp2_common/hardware_sync_spin_lock/sync_spin_lock.c.o
 .debug_aranges
                0x00000230       0xb8 CMakeFiles/main.dir/home/junnaaa/pico-sdk/src/rp2_common/hardware_irq/irq.c.o
 .debug_aranges
                0x000002e8       0x20 CMakeFiles/main.dir/home/junnaaa/pico-sdk/src/common/pico_sync/lock_core.c.o
 .debug_aranges
                0x00000308       0x98 CMakeFiles/main.dir/home/junnaaa/pico-sdk/src/common/pico_sync/mutex.c.o
 .debug_aranges
                0x000003a0       0xe0 CMakeFiles/main.dir/home/junnaaa/pico-sdk/src/common/pico_time/time.c.o
 .debug_aranges
                0x00000480       0xf0 CMakeFiles/main.dir/home/junnaaa/pico-sdk/src/rp2_common/hardware_timer/timer.c.o
 .debug_aranges
                0x00000570       0x58 CMakeFiles/main.dir/home/junnaaa/pico-sdk/src/rp2_common/hardware_uart/uart.c.o
 .debug_aranges
                0x000005c8       0x90 CMakeFiles/main.dir/home/junnaaa/pico-sdk/src/rp2_common/hardware_clocks/clocks.c.o
 .debug_aranges
                0x00000658       0x28 CMakeFiles/main.dir/home/junnaaa/pico-sdk/src/rp2_common/hardware_pll/pll.c.o
 .debug_aranges
                0x00000680       0x30 CMakeFiles/main.dir/home/junnaaa/pico-sdk/src/rp2_common/hardware_ticks/ticks.c.o
 .debug_aranges
                0x000006b0       0x40 CMakeFiles/main.dir/home/junnaaa/pico-sdk/src/rp2_common/pico_bootrom/bootrom.c.o
 .debug_aranges
                0x000006f0       0x30 CMakeFiles/main.dir/home/junnaaa/pico-sdk/src/rp2_common/hardware_xosc/xosc.c.o
 .debug_aranges
                0x00000720       0x38 CMakeFiles/main.dir/home/junnaaa/pico-sdk/src/rp2_common/pico_runtime/runtime.c.o
 .debug_aranges
                0x00000758       0x48 CMakeFiles/main.dir/home/junnaaa/pico-sdk/src/rp2_common/pico_runtime_init/runtime_init.c.o
 .debug_aranges
                0x000007a0       0x20 CMakeFiles/main.dir/home/junnaaa/pico-sdk/src/rp2_common/pico_runtime_init/runtime_init_clocks.c.o
 .debug_aranges
                0x000007c0       0x60 CMakeFiles/main.dir/home/junnaaa/pico-sdk/src/rp2_common/pico_bit_ops/bit_ops_aeabi.S.o
 .debug_aranges
                0x00000820       0x40 CMakeFiles/main.dir/home/junnaaa/pico-sdk/src/rp2_common/pico_divider/divider_hardware.S.o
 .debug_aranges
                0x00000860      0x150 CMakeFiles/main.dir/home/junnaaa/pico-sdk/src/rp2_common/pico_double/double_aeabi_rp2040.S.o
 .debug_aranges
                0x000009b0       0x20 CMakeFiles/main.dir/home/junnaaa/pico-sdk/src/rp2_common/pico_double/double_init_rom_rp2040.c.o
 .debug_aranges
                0x000009d0       0xc8 CMakeFiles/main.dir/home/junnaaa/pico-sdk/src/rp2_common/pico_double/double_v1_rom_shim_rp2040.S.o
 .debug_aranges
                0x00000a98       0x20 CMakeFiles/main.dir/home/junnaaa/pico-sdk/src/rp2_common/pico_int64_ops/pico_int64_ops_aeabi.S.o
 .debug_aranges
                0x00000ab8      0x138 CMakeFiles/main.dir/home/junnaaa/pico-sdk/src/rp2_common/pico_float/float_aeabi_rp2040.S.o
 .debug_aranges
                0x00000bf0       0x20 CMakeFiles/main.dir/home/junnaaa/pico-sdk/src/rp2_common/pico_float/float_init_rom_rp2040.c.o
 .debug_aranges
                0x00000c10       0x50 CMakeFiles/main.dir/home/junnaaa/pico-sdk/src/rp2_common/pico_float/float_v1_rom_shim_rp2040.S.o
 .debug_aranges
                0x00000c60       0x38 CMakeFiles/main.dir/home/junnaaa/pico-sdk/src/rp2_common/pico_mem_ops/mem_ops_aeabi.S.o
 .debug_aranges
                0x00000c98       0x18 CMakeFiles/main.dir/home/junnaaa/pico-sdk/src/rp2_common/pico_standard_binary_info/standard_binary_info.c.o
 .debug_aranges
                0x00000cb0       0x90 CMakeFiles/main.dir/home/junnaaa/pico-sdk/src/rp2_common/pico_printf/printf.c.o
 .debug_aranges
                0x00000d40       0x28 CMakeFiles/main.dir/home/junnaaa/pico-sdk/src/rp2_common/pico_crt0/crt0.S.o
 .debug_aranges
                0x00000d68       0xa8 CMakeFiles/main.dir/home/junnaaa/pico-sdk/src/rp2_common/pico_clib_interface/newlib_interface.c.o
 .debug_aranges
                0x00000e10       0xc8 CMakeFiles/main.dir/home/junnaaa/pico-sdk/src/rp2_common/pico_stdio/stdio.c.o
 .debug_aranges
                0x00000ed8       0x80 CMakeFiles/main.dir/home/junnaaa/pico-sdk/src/rp2_common/pico_stdio_uart/stdio_uart.c.o
 .debug_aranges
                0x00000f58       0x20 /usr/lib/gcc/arm-none-eabi/14.2.0/thumb/v6-m/nofp/libgcc.a(_dvmd_tls.o)
 .debug_aranges
                0x00000f78       0x20 /usr/lib/gcc/arm-none-eabi/14.2.0/../../../../arm-none-eabi/lib/thumb/v6-m/nofp/libg.a(libc_a-atexit.o)
 .debug_aranges
                0x00000f98       0x20 /usr/lib/gcc/arm-none-eabi/14.2.0/../../../../arm-none-eabi/lib/thumb/v6-m/nofp/libg.a(libc_a-isupper.o)
 .debug_aranges
                0x00000fb8       0x20 /usr/lib/gcc/arm-none-eabi/14.2.0/../../../../arm-none-eabi/lib/thumb/v6-m/nofp/libg.a(libc_a-tolower.o)
 .debug_aranges
                0x00000fd8       0x20 /usr/lib/gcc/arm-none-eabi/14.2.0/../../../../arm-none-eabi/lib/thumb/v6-m/nofp/libg.a(libc_a-fini.o)
 .debug_aranges
                0x00000ff8       0x68 /usr/lib/gcc/arm-none-eabi/14.2.0/../../../../arm-none-eabi/lib/thumb/v6-m/nofp/libg.a(libc_a-lock.o)
 .debug_aranges
                0x00001060       0x20 /usr/lib/gcc/arm-none-eabi/14.2.0/../../../../arm-none-eabi/lib/thumb/v6-m/nofp/libg.a(libc_a-strlen-stub.o)
 .debug_aranges
                0x00001080       0x20 /usr/lib/gcc/arm-none-eabi/14.2.0/../../../../arm-none-eabi/lib/thumb/v6-m/nofp/libg.a(libc_a-__atexit.o)
 .debug_aranges
                0x000010a0       0x28 /usr/lib/gcc/arm-none-eabi/14.2.0/../../../../arm-none-eabi/lib/thumb/v6-m/nofp/libg.a(libc_a-__call_atexit.o)
 .debug_aranges
                0x000010c8       0x18 /usr/lib/gcc/arm-none-eabi/14.2.0/../../../../arm-none-eabi/lib/thumb/v6-m/nofp/libg.a(libc_a-ctype_.o)

.debug_rnglists
                0x00000000     0x340d
 .debug_rnglists
                0x00000000      0x4d5 CMakeFiles/main.dir/main.cpp.o
 .debug_rnglists
                0x000004d5      0x5ca CMakeFiles/main.dir/home/junnaaa/pico-sdk/src/rp2_common/hardware_gpio/gpio.c.o
 .debug_rnglists
                0x00000a9f       0x19 CMakeFiles/main.dir/home/junnaaa/pico-sdk/src/rp2_common/pico_platform_panic/panic.c.o
 .debug_rnglists
                0x00000ab8       0xb6 CMakeFiles/main.dir/home/junnaaa/pico-sdk/src/common/hardware_claim/claim.c.o
 .debug_rnglists
                0x00000b6e       0x58 CMakeFiles/main.dir/home/junnaaa/pico-sdk/src/rp2_common/hardware_sync/sync.c.o
 .debug_rnglists
                0x00000bc6       0x3d CMakeFiles/main.dir/home/junnaaa/pico-sdk/src/rp2_common/hardware_sync_spin_lock/sync_spin_lock.c.o
 .debug_rnglists
                0x00000c03      0x37d CMakeFiles/main.dir/home/junnaaa/pico-sdk/src/rp2_common/hardware_irq/irq.c.o
 .debug_rnglists
                0x00000f80       0x1f CMakeFiles/main.dir/home/junnaaa/pico-sdk/src/common/pico_sync/lock_core.c.o
 .debug_rnglists
                0x00000f9f      0x325 CMakeFiles/main.dir/home/junnaaa/pico-sdk/src/common/pico_sync/mutex.c.o
 .debug_rnglists
                0x000012c4      0x7dc CMakeFiles/main.dir/home/junnaaa/pico-sdk/src/common/pico_time/time.c.o
 .debug_rnglists
                0x00001aa0      0x2c6 CMakeFiles/main.dir/home/junnaaa/pico-sdk/src/rp2_common/hardware_timer/timer.c.o
 .debug_rnglists
                0x00001d66      0x259 CMakeFiles/main.dir/home/junnaaa/pico-sdk/src/rp2_common/hardware_uart/uart.c.o
 .debug_rnglists
                0x00001fbf      0x5be CMakeFiles/main.dir/home/junnaaa/pico-sdk/src/rp2_common/hardware_clocks/clocks.c.o
 .debug_rnglists
                0x0000257d       0x5c CMakeFiles/main.dir/home/junnaaa/pico-sdk/src/rp2_common/hardware_pll/pll.c.o
 .debug_rnglists
                0x000025d9       0x2b CMakeFiles/main.dir/home/junnaaa/pico-sdk/src/rp2_common/hardware_ticks/ticks.c.o
 .debug_rnglists
                0x00002604      0x112 CMakeFiles/main.dir/home/junnaaa/pico-sdk/src/rp2_common/pico_bootrom/bootrom.c.o
 .debug_rnglists
                0x00002716       0x1f CMakeFiles/main.dir/home/junnaaa/pico-sdk/src/rp2_common/hardware_xosc/xosc.c.o
 .debug_rnglists
                0x00002735       0x3d CMakeFiles/main.dir/home/junnaaa/pico-sdk/src/rp2_common/pico_runtime/runtime.c.o
 .debug_rnglists
                0x00002772       0x4a CMakeFiles/main.dir/home/junnaaa/pico-sdk/src/rp2_common/pico_runtime_init/runtime_init.c.o
 .debug_rnglists
                0x000027bc       0x20 CMakeFiles/main.dir/home/junnaaa/pico-sdk/src/rp2_common/pico_runtime_init/runtime_init_clocks.c.o
 .debug_rnglists
                0x000027dc       0x43 CMakeFiles/main.dir/home/junnaaa/pico-sdk/src/rp2_common/pico_bit_ops/bit_ops_aeabi.S.o
 .debug_rnglists
                0x0000281f       0x2c CMakeFiles/main.dir/home/junnaaa/pico-sdk/src/rp2_common/pico_divider/divider_hardware.S.o
 .debug_rnglists
                0x0000284b       0xf9 CMakeFiles/main.dir/home/junnaaa/pico-sdk/src/rp2_common/pico_double/double_aeabi_rp2040.S.o
 .debug_rnglists
                0x00002944       0x14 CMakeFiles/main.dir/home/junnaaa/pico-sdk/src/rp2_common/pico_double/double_init_rom_rp2040.c.o
 .debug_rnglists
                0x00002958       0x99 CMakeFiles/main.dir/home/junnaaa/pico-sdk/src/rp2_common/pico_double/double_v1_rom_shim_rp2040.S.o
 .debug_rnglists
                0x000029f1       0xe5 CMakeFiles/main.dir/home/junnaaa/pico-sdk/src/rp2_common/pico_float/float_aeabi_rp2040.S.o
 .debug_rnglists
                0x00002ad6       0x13 CMakeFiles/main.dir/home/junnaaa/pico-sdk/src/rp2_common/pico_float/float_init_rom_rp2040.c.o
 .debug_rnglists
                0x00002ae9       0x38 CMakeFiles/main.dir/home/junnaaa/pico-sdk/src/rp2_common/pico_float/float_v1_rom_shim_rp2040.S.o
 .debug_rnglists
                0x00002b21       0x25 CMakeFiles/main.dir/home/junnaaa/pico-sdk/src/rp2_common/pico_mem_ops/mem_ops_aeabi.S.o
 .debug_rnglists
                0x00002b46      0x2a2 CMakeFiles/main.dir/home/junnaaa/pico-sdk/src/rp2_common/pico_printf/printf.c.o
 .debug_rnglists
                0x00002de8       0x1b CMakeFiles/main.dir/home/junnaaa/pico-sdk/src/rp2_common/pico_crt0/crt0.S.o
 .debug_rnglists
                0x00002e03       0x85 CMakeFiles/main.dir/home/junnaaa/pico-sdk/src/rp2_common/pico_clib_interface/newlib_interface.c.o
 .debug_rnglists
                0x00002e88      0x2bb CMakeFiles/main.dir/home/junnaaa/pico-sdk/src/rp2_common/pico_stdio/stdio.c.o
 .debug_rnglists
                0x00003143      0x1ce CMakeFiles/main.dir/home/junnaaa/pico-sdk/src/rp2_common/pico_stdio_uart/stdio_uart.c.o
 .debug_rnglists
                0x00003311       0x13 /usr/lib/gcc/arm-none-eabi/14.2.0/../../../../arm-none-eabi/lib/thumb/v6-m/nofp/libg.a(libc_a-atexit.o)
 .debug_rnglists
                0x00003324       0x13 /usr/lib/gcc/arm-none-eabi/14.2.0/../../../../arm-none-eabi/lib/thumb/v6-m/nofp/libg.a(libc_a-isupper.o)
 .debug_rnglists
                0x00003337       0x13 /usr/lib/gcc/arm-none-eabi/14.2.0/../../../../arm-none-eabi/lib/thumb/v6-m/nofp/libg.a(libc_a-tolower.o)
 .debug_rnglists